Archive member included to satisfy reference by file (symbol)

C:/devkitPro/libctru/lib\libctru.a(console.o)
                              Main.o (consoleInit)
C:/devkitPro/libctru/lib\libctru.a(gfx.o)
                              C:/devkitPro/libctru/lib\libctru.a(console.o) (gfxIsWide)
C:/devkitPro/libctru/lib\libctru.a(gspgpu.o)
                              C:/devkitPro/libctru/lib\libctru.a(gfx.o) (gspInit)
C:/devkitPro/libctru/lib\libctru.a(hid.o)
                              Main.o (hidScanInput)
C:/devkitPro/libctru/lib\libctru.a(apt.o)
                              Main.o (aptMainLoop)
C:/devkitPro/libctru/lib\libctru.a(ctru_init.o)
                              C:/devkitPro/libctru/lib\libctru.a(apt.o) (__system_retAddr)
C:/devkitPro/libctru/lib\libctru.a(initArgv.o)
                              C:/devkitPro/libctru/lib\libctru.a(ctru_init.o) (__system_initArgv)
C:/devkitPro/libctru/lib\libctru.a(svc.o)
                              C:/devkitPro/libctru/lib\libctru.a(apt.o) (svcSleepThread)
C:/devkitPro/libctru/lib\libctru.a(stack_adjust.o)
                              C:/devkitPro/devkitARM/bin/../lib/gcc/arm-none-eabi/13.1.0/../../../../arm-none-eabi/lib/armv6k/fpu/3dsx_crt0.o (initSystem)
C:/devkitPro/libctru/lib\libctru.a(default_font.bin.o)
                              C:/devkitPro/libctru/lib\libctru.a(console.o) (default_font_bin)
C:/devkitPro/libctru/lib\libctru.a(vram.o)
                              C:/devkitPro/libctru/lib\libctru.a(gfx.o) (vramAlloc)
C:/devkitPro/libctru/lib\libctru.a(linear.o)
                              C:/devkitPro/libctru/lib\libctru.a(gfx.o) (linearAlloc)
C:/devkitPro/libctru/lib\libctru.a(mem_pool.o)
                              C:/devkitPro/libctru/lib\libctru.a(vram.o) (MemPool::Allocate(MemChunk&, unsigned long, int))
C:/devkitPro/libctru/lib\libctru.a(synchronization.o)
                              C:/devkitPro/libctru/lib\libctru.a(ctru_init.o) (__sync_init)
C:/devkitPro/libctru/lib\libctru.a(os.o)
                              C:/devkitPro/libctru/lib\libctru.a(apt.o) (__ctru_speedup_config)
C:/devkitPro/libctru/lib\libctru.a(3dslink.o)
                              C:/devkitPro/libctru/lib\libctru.a(initArgv.o) (__3dslink_host)
C:/devkitPro/libctru/lib\libctru.a(srv.o)
                              C:/devkitPro/libctru/lib\libctru.a(apt.o) (srvInit)
C:/devkitPro/libctru/lib\libctru.a(thread.o)
                              C:/devkitPro/libctru/lib\libctru.a(gspgpu.o) (threadCreate)
C:/devkitPro/libctru/lib\libctru.a(mappable.o)
                              C:/devkitPro/libctru/lib\libctru.a(gspgpu.o) (mappableAlloc)
C:/devkitPro/libctru/lib\libctru.a(irrst.o)
                              C:/devkitPro/libctru/lib\libctru.a(hid.o) (irrstInit)
C:/devkitPro/libctru/lib\libctru.a(srvpm.o)
                              C:/devkitPro/libctru/lib\libctru.a(srv.o) (srvPmGetSessionHandle)
C:/devkitPro/libctru/lib\libctru.a(ptmsysm.o)
                              C:/devkitPro/libctru/lib\libctru.a(os.o) (ptmSysmInit)
C:/devkitPro/libctru/lib\libctru.a(soc_connect.o)
                              C:/devkitPro/libctru/lib\libctru.a(3dslink.o) (connect)
C:/devkitPro/libctru/lib\libctru.a(soc_socket.o)
                              C:/devkitPro/libctru/lib\libctru.a(3dslink.o) (socket)
C:/devkitPro/libctru/lib\libctru.a(soc_common.o)
                              C:/devkitPro/libctru/lib\libctru.a(soc_connect.o) (_net_convert_error)
C:/devkitPro/libctru/lib\libctru.a(rbtree_init.o)
                              C:/devkitPro/libctru/lib\libctru.a(vram.o) (rbtree_init)
C:/devkitPro/libctru/lib\libctru.a(rbtree_insert.o)
                              C:/devkitPro/libctru/lib\libctru.a(vram.o) (rbtree_insert)
C:/devkitPro/libctru/lib\libctru.a(rbtree_rotate.o)
                              C:/devkitPro/libctru/lib\libctru.a(rbtree_insert.o) (rbtree_rotate)
C:/devkitPro/libctru/lib\libctru.a(rbtree_remove.o)
                              C:/devkitPro/libctru/lib\libctru.a(vram.o) (rbtree_remove)
C:/devkitPro/libctru/lib\libctru.a(rbtree_find.o)
                              C:/devkitPro/libctru/lib\libctru.a(vram.o) (rbtree_find)
C:/devkitPro/libctru/lib\libctru.a(appInit.o)
                              C:/devkitPro/libctru/lib\libctru.a(stack_adjust.o) (__appInit)
C:/devkitPro/libctru/lib\libctru.a(syscalls.o)
                              C:/devkitPro/libctru/lib\libctru.a(thread.o) (initThreadVars)
C:/devkitPro/libctru/lib\libctru.a(allocateHeaps.o)
                              C:/devkitPro/libctru/lib\libctru.a(ctru_init.o) (__system_allocateHeaps)
C:/devkitPro/libctru/lib\libctru.a(appExit.o)
                              C:/devkitPro/libctru/lib\libctru.a(stack_adjust.o) (__appExit)
C:/devkitPro/libctru/lib\libctru.a(ctru_exit.o)
                              C:/devkitPro/libctru/lib\libctru.a(stack_adjust.o) (__libctru_exit)
C:/devkitPro/libctru/lib\libctru.a(env.o)
[...]
Memory Configuration

Name             Origin             Length             Attributes
*default*        0x00000000         0xffffffff

Linker script and memory map

                0x00100000                        PROVIDE (__start__ = 0x100000)
                0x00100000                        . = __start__

.text           0x00100000    0x1d280
 *(.crt0)
 .crt0          0x00100000       0x94 C:/devkitPro/devkitARM/bin/../lib/gcc/arm-none-eabi/13.1.0/../../../../arm-none-eabi/lib/armv6k/fpu/3dsx_crt0.o
                0x00100000                _start
                0x00100008                __service_ptr
                0x0010000c                __apt_appid
                0x00100010                __heap_size
                0x00100014                __linear_heap_size
                0x00100018                __system_arglist
                0x0010001c                __system_runflags
 *(.init)
 .init          0x00100094        0xc C:/devkitPro/devkitARM/bin/../lib/gcc/arm-none-eabi/13.1.0/armv6k/fpu/crti.o
                0x00100094                _init
 .init          0x001000a0        0xc C:/devkitPro/devkitARM/bin/../lib/gcc/arm-none-eabi/13.1.0/armv6k/fpu/crtn.o
                0x001000ac                        . = ALIGN (0x4)
 *(.text)
 .text          0x001000ac      0x240 C:/devkitPro/devkitARM/bin/../lib/gcc/arm-none-eabi/13.1.0/armv6k/fpu\libgcc.a(_divsi3.o)
                0x001000ac                __divsi3
                0x001000ac                __aeabi_idiv
                0x001002cc                __aeabi_idivmod
 .text          0x001002ec        0x4 C:/devkitPro/devkitARM/bin/../lib/gcc/arm-none-eabi/13.1.0/armv6k/fpu\libgcc.a(_dvmd_tls.o)
                0x001002ec                __aeabi_idiv0
                0x001002ec                __aeabi_ldiv0
 .text          0x001002f0       0x3c C:/devkitPro/devkitARM/bin/../lib/gcc/arm-none-eabi/13.1.0/armv6k/fpu\libgcc.a(_aeabi_uldivmod.o)
                0x001002f0                __aeabi_uldivmod
 *fill*         0x0010032c       0x14 
 .text          0x00100340      0x390 C:/devkitPro/devkitARM/bin/../lib/gcc/arm-none-eabi/13.1.0/../../../../arm-none-eabi/lib/armv6k/fpu\libg.a(libc_a-strcmp.o)
                0x00100348                strcmp
 .text          0x001006d0      0x20c C:/devkitPro/devkitARM/bin/../lib/gcc/arm-none-eabi/13.1.0/armv6k/fpu\libgcc.a(_udivsi3.o)
                0x001006d0                __aeabi_uidiv
                0x001006d0                __udivsi3
                0x001008bc                __aeabi_uidivmod
 .text          0x001008dc      0x3c0 C:/devkitPro/devkitARM/bin/../lib/gcc/arm-none-eabi/13.1.0/armv6k/fpu\libgcc.a(_arm_addsubdf3.o)
                0x001008dc                __aeabi_drsub
                0x001008e4                __aeabi_dsub
                0x001008e4                __subdf3
                0x001008e8                __aeabi_dadd
                0x001008e8                __adddf3
                0x00100b94                __floatunsidf
                0x00100b94                __aeabi_ui2d
                0x00100bb8                __floatsidf
                0x00100bb8                __aeabi_i2d
                0x00100be0                __aeabi_f2d
                0x00100be0                __extendsfdf2
                0x00100c28                __floatundidf
                0x00100c28                __aeabi_ul2d
                0x00100c3c                __floatdidf
                0x00100c3c                __aeabi_l2d
 *(.text.*)
 .text.__do_global_dtors_aux
                0x00100c9c       0x40 C:/devkitPro/devkitARM/bin/../lib/gcc/arm-none-eabi/13.1.0/armv6k/fpu/crtbegin.o
 .text.frame_dummy
                0x00100cdc       0x2c C:/devkitPro/devkitARM/bin/../lib/gcc/arm-none-eabi/13.1.0/armv6k/fpu/crtbegin.o
 .text.startup.main
                0x00100d08       0x10 _main_.o
                0x00100d08                main
 .text.startup._ZN5_Main12Main_Fields_4mainEv
                0x00100d18       0x60 Main.o
                0x00100d18                _Main::Main_Fields_::main()
 .text.parseColor
                0x00100d78      0x1f4 C:/devkitPro/libctru/lib\libctru.a(console.o)
 .text.consoleDrawChar
                0x00100f6c      0x1ac C:/devkitPro/libctru/lib\libctru.a(console.o)
                0x00100f6c                consoleDrawChar
 .text.consolePrintChar
                0x00101118      0x124 C:/devkitPro/libctru/lib\libctru.a(console.o)
                0x00101118                consolePrintChar
 .text.con_write
                0x0010123c      0xbe4 C:/devkitPro/libctru/lib\libctru.a(console.o)
                0x0010123c                con_write
 .text.newRow   0x00101e20       0xfc C:/devkitPro/libctru/lib\libctru.a(console.o)
 .text.consoleInit
                0x00101f1c      0x168 C:/devkitPro/libctru/lib\libctru.a(console.o)
                0x00101f1c                consoleInit
 .text.gfxPresentFramebuffer
                0x00102084       0xd0 C:/devkitPro/libctru/lib\libctru.a(gfx.o)
 .text.gfxIsWide
                0x00102154       0x1c C:/devkitPro/libctru/lib\libctru.a(gfx.o)
                0x00102154                gfxIsWide
 .text.gfxSetScreenFormat
                0x00102170       0xec C:/devkitPro/libctru/lib\libctru.a(gfx.o)
                0x00102170                gfxSetScreenFormat
 .text.gfxSetDoubleBuffering
                0x0010225c       0x10 C:/devkitPro/libctru/lib\libctru.a(gfx.o)
                0x0010225c                gfxSetDoubleBuffering
 .text.gfxInit  0x0010226c       0xe0 C:/devkitPro/libctru/lib\libctru.a(gfx.o)
                0x0010226c                gfxInit
 .text.gfxInitDefault
                0x0010234c       0x10 C:/devkitPro/libctru/lib\libctru.a(gfx.o)
                0x0010234c                gfxInitDefault
 .text.gfxExit  0x0010235c       0xb4 C:/devkitPro/libctru/lib\libctru.a(gfx.o)
                0x0010235c                gfxExit
 .text.gfxGetFramebuffer
                0x00102410       0xa0 C:/devkitPro/libctru/lib\libctru.a(gfx.o)
                0x00102410                gfxGetFramebuffer
 .text.gfxFlushBuffers
                0x001024b0      0x104 C:/devkitPro/libctru/lib\libctru.a(gfx.o)
                0x001024b0                gfxFlushBuffers
 .text.gfxSwapBuffers
                0x001025b4       0x50 C:/devkitPro/libctru/lib\libctru.a(gfx.o)
                0x001025b4                gfxSwapBuffers
 .text.gfxSwapBuffersGpu
                0x00102604       0x50 C:/devkitPro/libctru/lib\libctru.a(gfx.o)
                0x00102604                gfxSwapBuffersGpu
 .text.gspHardwareInit
                0x00102654      0xc64 C:/devkitPro/libctru/lib\libctru.a(gspgpu.o)
 .text.gspInit  0x001032b8      0x248 C:/devkitPro/libctru/lib\libctru.a(gspgpu.o)
                0x001032b8                gspInit
 .text.gspExit  0x00103500       0xf0 C:/devkitPro/libctru/lib\libctru.a(gspgpu.o)
                0x00103500                gspExit
 .text.gspHasGpuRight
                0x001035f0       0x10 C:/devkitPro/libctru/lib\libctru.a(gspgpu.o)
                0x001035f0                gspHasGpuRight
 .text.gspPresentBuffer
                0x00103600       0xa0 C:/devkitPro/libctru/lib\libctru.a(gspgpu.o)
                0x00103600                gspPresentBuffer
 .text.gspWaitForEvent
                0x001036a0       0x44 C:/devkitPro/libctru/lib\libctru.a(gspgpu.o)
                0x001036a0                gspWaitForEvent
 .text.gxCmdQueueInterrupt
                0x001036e4        0x4 C:/devkitPro/libctru/lib\libctru.a(gspgpu.o)
                0x001036e4                gxCmdQueueInterrupt
 .text.gspEventThreadMain
                0x001036e8      0x158 C:/devkitPro/libctru/lib\libctru.a(gspgpu.o)
 .text.GSPGPU_FlushDataCache
                0x00103840       0x50 C:/devkitPro/libctru/lib\libctru.a(gspgpu.o)
                0x00103840                GSPGPU_FlushDataCache
 .text.GSPGPU_SetLcdForceBlack
                0x00103890       0x34 C:/devkitPro/libctru/lib\libctru.a(gspgpu.o)
                0x00103890                GSPGPU_SetLcdForceBlack
 .text.GSPGPU_AcquireRight
                0x001038c4       0x68 C:/devkitPro/libctru/lib\libctru.a(gspgpu.o)
                0x001038c4                GSPGPU_AcquireRight
 .text.GSPGPU_ReleaseRight
                0x0010392c       0x48 C:/devkitPro/libctru/lib\libctru.a(gspgpu.o)
                0x0010392c                GSPGPU_ReleaseRight
 .text.GSPGPU_ImportDisplayCaptureInfo
                0x00103974       0x7c C:/devkitPro/libctru/lib\libctru.a(gspgpu.o)
                0x00103974                GSPGPU_ImportDisplayCaptureInfo
 .text.GSPGPU_SaveVramSysArea
                0x001039f0       0x2c C:/devkitPro/libctru/lib\libctru.a(gspgpu.o)
                0x001039f0                GSPGPU_SaveVramSysArea
 .text.GSPGPU_RestoreVramSysArea
                0x00103a1c       0x2c C:/devkitPro/libctru/lib\libctru.a(gspgpu.o)
                0x00103a1c                GSPGPU_RestoreVramSysArea
 .text.hidShouldUseIrrst
                0x00103a48       0x24 C:/devkitPro/libctru/lib\libctru.a(hid.o)
                0x00103a48                hidShouldUseIrrst
 .text.hidInit  0x00103a6c      0x18c C:/devkitPro/libctru/lib\libctru.a(hid.o)
                0x00103a6c                hidInit
 .text.hidExit  0x00103bf8       0xe8 C:/devkitPro/libctru/lib\libctru.a(hid.o)
                0x00103bf8                hidExit
 .text.hidScanInput
                0x00103ce0      0x2a4 C:/devkitPro/libctru/lib\libctru.a(hid.o)
                0x00103ce0                hidScanInput
 .text.aptConvertScreenForCapture
                0x00103f84      0x1ac C:/devkitPro/libctru/lib\libctru.a(apt.o)
 .text.aptDspSleep
                0x00104130        0x8 C:/devkitPro/libctru/lib\libctru.a(apt.o)
                0x00104130                aptDspSleep
 .text.aptDspWakeup
                0x00104138        0x4 C:/devkitPro/libctru/lib\libctru.a(apt.o)
                0x00104138                aptDspWakeup
 .text.aptDspCancel
                0x0010413c        0x4 C:/devkitPro/libctru/lib\libctru.a(apt.o)
                0x0010413c                aptDspCancel
 .text.aptSendCommand
                0x00104140      0x158 C:/devkitPro/libctru/lib\libctru.a(apt.o)
                0x00104140                aptSendCommand
 .text.aptExitProcess
                0x00104298       0x44 C:/devkitPro/libctru/lib\libctru.a(apt.o)
 .text.aptExit  0x001042dc      0x38c C:/devkitPro/libctru/lib\libctru.a(apt.o)
                0x001042dc                aptExit
 .text.aptHandleSleep
                0x00104668       0xe0 C:/devkitPro/libctru/lib\libctru.a(apt.o)
                0x00104668                aptHandleSleep
 .text.APT_SleepIfShellClosed
                0x00104748       0x84 C:/devkitPro/libctru/lib\libctru.a(apt.o)
                0x00104748                APT_SleepIfShellClosed
 .text.aptSetSleepAllowed
                0x001047cc       0x84 C:/devkitPro/libctru/lib\libctru.a(apt.o)
                0x001047cc                aptSetSleepAllowed
 .text.APT_UnlockTransition
                0x00104850       0x84 C:/devkitPro/libctru/lib\libctru.a(apt.o)
                0x00104850                APT_UnlockTransition
 *fill*         0x001048d4        0x4 
 .text.aptEventHandler
                0x001048d8      0x4a4 C:/devkitPro/libctru/lib\libctru.a(apt.o)
 .text.APT_ReceiveParameter
                0x00104d7c       0xb0 C:/devkitPro/libctru/lib\libctru.a(apt.o)
                0x00104d7c                APT_ReceiveParameter
 .text.aptReceiveParameter.constprop.0
                0x00104e2c       0xac C:/devkitPro/libctru/lib\libctru.a(apt.o)
 .text.aptScreenTransfer
                0x00104ed8      0x2ac C:/devkitPro/libctru/lib\libctru.a(apt.o)
 .text.aptWaitForWakeUp.isra.0
                0x00105184      0x320 C:/devkitPro/libctru/lib\libctru.a(apt.o)
 .text.aptJumpToHomeMenu
                0x001054a4       0xf8 C:/devkitPro/libctru/lib\libctru.a(apt.o)
                0x001054a4                aptJumpToHomeMenu
 .text.aptMainLoop
                0x0010559c       0x48 C:/devkitPro/libctru/lib\libctru.a(apt.o)
                0x0010559c                aptMainLoop
 .text.aptInit  0x001055e4      0x22c C:/devkitPro/libctru/lib\libctru.a(apt.o)
                0x001055e4                aptInit
 .text.APT_CheckNew3DS
                0x00105810       0x7c C:/devkitPro/libctru/lib\libctru.a(apt.o)
                0x00105810                APT_CheckNew3DS
 .text.__libctru_init
                0x0010588c       0x38 C:/devkitPro/libctru/lib\libctru.a(ctru_init.o)
                0x0010588c                __libctru_init
 .text.__system_initArgv
                0x001058c4      0x170 C:/devkitPro/libctru/lib\libctru.a(initArgv.o)
                0x001058c4                __system_initArgv
 .text.svcControlMemory
                0x00105a34       0x20 C:/devkitPro/libctru/lib\libctru.a(svc.o)
                0x00105a34                svcControlMemory
 .text.svcQueryMemory
                0x00105a54       0x30 C:/devkitPro/libctru/lib\libctru.a(svc.o)
                0x00105a54                svcQueryMemory
 .text.svcExitProcess
                0x00105a84        0x8 C:/devkitPro/libctru/lib\libctru.a(svc.o)
                0x00105a84                svcExitProcess
 .text.svcCreateThread
                0x00105a8c       0x20 C:/devkitPro/libctru/lib\libctru.a(svc.o)
                0x00105a8c                svcCreateThread
 .text.svcExitThread
                0x00105aac        0x8 C:/devkitPro/libctru/lib\libctru.a(svc.o)
                0x00105aac                svcExitThread
 .text.svcSleepThread
                0x00105ab4        0x8 C:/devkitPro/libctru/lib\libctru.a(svc.o)
                0x00105ab4                svcSleepThread
 .text.svcReleaseMutex
                0x00105abc        0x8 C:/devkitPro/libctru/lib\libctru.a(svc.o)
                0x00105abc                svcReleaseMutex
 .text.svcCreateEvent
                0x00105ac4       0x14 C:/devkitPro/libctru/lib\libctru.a(svc.o)
                0x00105ac4                svcCreateEvent
 .text.svcSignalEvent
                0x00105ad8        0x8 C:/devkitPro/libctru/lib\libctru.a(svc.o)
                0x00105ad8                svcSignalEvent
 .text.svcClearEvent
                0x00105ae0        0x8 C:/devkitPro/libctru/lib\libctru.a(svc.o)
                0x00105ae0                svcClearEvent
 .text.svcMapMemoryBlock
                0x00105ae8        0x8 C:/devkitPro/libctru/lib\libctru.a(svc.o)
                0x00105ae8                svcMapMemoryBlock
 .text.svcUnmapMemoryBlock
                0x00105af0        0x8 C:/devkitPro/libctru/lib\libctru.a(svc.o)
                0x00105af0                svcUnmapMemoryBlock
 .text.svcCreateAddressArbiter
                0x00105af8       0x14 C:/devkitPro/libctru/lib\libctru.a(svc.o)
                0x00105af8                svcCreateAddressArbiter
 .text.svcArbitrateAddressNoTimeout
                0x00105b0c        0x8 C:/devkitPro/libctru/lib\libctru.a(svc.o)
                0x00105b0c                svcArbitrateAddressNoTimeout
 .text.svcCloseHandle
                0x00105b14        0x8 C:/devkitPro/libctru/lib\libctru.a(svc.o)
                0x00105b14                svcCloseHandle
 .text.svcWaitSynchronization
                0x00105b1c        0x8 C:/devkitPro/libctru/lib\libctru.a(svc.o)
                0x00105b1c                svcWaitSynchronization
 .text.svcWaitSynchronizationN
                0x00105b24       0x28 C:/devkitPro/libctru/lib\libctru.a(svc.o)
                0x00105b24                svcWaitSynchronizationN
 .text.svcDuplicateHandle
                0x00105b4c       0x14 C:/devkitPro/libctru/lib\libctru.a(svc.o)
                0x00105b4c                svcDuplicateHandle
 .text.svcConnectToPort
                0x00105b60       0x14 C:/devkitPro/libctru/lib\libctru.a(svc.o)
                0x00105b60                svcConnectToPort
 .text.svcSendSyncRequest
                0x00105b74        0x8 C:/devkitPro/libctru/lib\libctru.a(svc.o)
                0x00105b74                svcSendSyncRequest
 .text.svcGetResourceLimit
                0x00105b7c       0x14 C:/devkitPro/libctru/lib\libctru.a(svc.o)
                0x00105b7c                svcGetResourceLimit
 .text.svcGetResourceLimitLimitValues
                0x00105b90        0x8 C:/devkitPro/libctru/lib\libctru.a(svc.o)
                0x00105b90                svcGetResourceLimitLimitValues
 .text.svcGetResourceLimitCurrentValues
                0x00105b98        0x8 C:/devkitPro/libctru/lib\libctru.a(svc.o)
                0x00105b98                svcGetResourceLimitCurrentValues
 .text.svcBreak
                0x00105ba0        0x8 C:/devkitPro/libctru/lib\libctru.a(svc.o)
                0x00105ba0                svcBreak
 .text.initSystem
                0x00105ba8       0x50 C:/devkitPro/libctru/lib\libctru.a(stack_adjust.o)
                0x00105ba8                initSystem
 .text.__ctru_exit
                0x00105bf8       0x18 C:/devkitPro/libctru/lib\libctru.a(stack_adjust.o)
                0x00105bf8                __ctru_exit
 .text._ZL21addrMapNodeComparatorPK11rbtree_nodeS1_
                0x00105c10       0x24 C:/devkitPro/libctru/lib\libctru.a(vram.o)
 .text._ZL21addrMapNodeDestructorP11rbtree_node
                0x00105c34        0x4 C:/devkitPro/libctru/lib\libctru.a(vram.o)
 .text.vramMemAlignAt
                0x00105c38      0x24c C:/devkitPro/libctru/lib\libctru.a(vram.o)
                0x00105c38                vramMemAlignAt
 .text.vramAlloc
                0x00105e84        0xc C:/devkitPro/libctru/lib\libctru.a(vram.o)
                0x00105e84                vramAlloc
 .text.vramFree
                0x00105e90       0x90 C:/devkitPro/libctru/lib\libctru.a(vram.o)
                0x00105e90                vramFree
 .text._ZL21addrMapNodeComparatorPK11rbtree_nodeS1_
                0x00105f20       0x24 C:/devkitPro/libctru/lib\libctru.a(linear.o)
 .text._ZL21addrMapNodeDestructorP11rbtree_node
                0x00105f44        0x4 C:/devkitPro/libctru/lib\libctru.a(linear.o)
 .text.linearMemAlign
                0x00105f48      0x120 C:/devkitPro/libctru/lib\libctru.a(linear.o)
                0x00105f48                linearMemAlign
 .text.linearAlloc
                0x00106068        0x8 C:/devkitPro/libctru/lib\libctru.a(linear.o)
                0x00106068                linearAlloc
 .text.linearFree
                0x00106070       0x5c C:/devkitPro/libctru/lib\libctru.a(linear.o)
                0x00106070                linearFree
 .text._ZN7MemPool13CoalesceRightEP8MemBlock
                0x001060cc       0x80 C:/devkitPro/libctru/lib\libctru.a(mem_pool.o)
                0x001060cc                MemPool::CoalesceRight(MemBlock*)
 .text._ZN7MemPool8AllocateER8MemChunkmi
                0x0010614c      0x16c C:/devkitPro/libctru/lib\libctru.a(mem_pool.o)
                0x0010614c                MemPool::Allocate(MemChunk&, unsigned long, int)
 .text._ZN7MemPool10DeallocateERK8MemChunk
                0x001062b8       0xfc C:/devkitPro/libctru/lib\libctru.a(mem_pool.o)
                0x001062b8                MemPool::Deallocate(MemChunk const&)
 .text._ZN7MemPool12GetFreeSpaceEv
                0x001063b4       0x30 C:/devkitPro/libctru/lib\libctru.a(mem_pool.o)
                0x001063b4                MemPool::GetFreeSpace()
 .text.__sync_init
                0x001063e4        0xc C:/devkitPro/libctru/lib\libctru.a(synchronization.o)
                0x001063e4                __sync_init
 .text.__sync_fini
                0x001063f0       0x18 C:/devkitPro/libctru/lib\libctru.a(synchronization.o)
                0x001063f0                __sync_fini
 .text.syncArbitrateAddress
                0x00106408       0x2c C:/devkitPro/libctru/lib\libctru.a(synchronization.o)
                0x00106408                syncArbitrateAddress
 .text.LightLock_Lock
                0x00106434       0xac C:/devkitPro/libctru/lib\libctru.a(synchronization.o)
                0x00106434                LightLock_Lock
 .text.LightLock_Unlock
                0x001064e0       0x40 C:/devkitPro/libctru/lib\libctru.a(synchronization.o)
                0x001064e0                LightLock_Unlock
 .text.RecursiveLock_Lock
                0x00106520       0x30 C:/devkitPro/libctru/lib\libctru.a(synchronization.o)
                0x00106520                RecursiveLock_Lock
 .text.RecursiveLock_Unlock
                0x00106550       0x54 C:/devkitPro/libctru/lib\libctru.a(synchronization.o)
                0x00106550                RecursiveLock_Unlock
 .text.LightEvent_Init
                0x001065a4       0x40 C:/devkitPro/libctru/lib\libctru.a(synchronization.o)
                0x001065a4                LightEvent_Init
 .text.LightEvent_Clear
                0x001065e4       0xa4 C:/devkitPro/libctru/lib\libctru.a(synchronization.o)
                0x001065e4                LightEvent_Clear
 .text.LightEvent_Signal
                0x00106688       0xc8 C:/devkitPro/libctru/lib\libctru.a(synchronization.o)
                0x00106688                LightEvent_Signal
 .text.LightEvent_TryWait
                0x00106750       0x50 C:/devkitPro/libctru/lib\libctru.a(synchronization.o)
                0x00106750                LightEvent_TryWait
 .text.LightEvent_Wait
                0x001067a0       0xa0 C:/devkitPro/libctru/lib\libctru.a(synchronization.o)
                0x001067a0                LightEvent_Wait
 .text.__ctru_speedup_config
                0x00106840       0x34 C:/devkitPro/libctru/lib\libctru.a(os.o)
                0x00106840                __ctru_speedup_config
 .text.srvInit  0x00106874      0x12c C:/devkitPro/libctru/lib\libctru.a(srv.o)
                0x00106874                srvInit
 .text.srvExit  0x001069a0       0x58 C:/devkitPro/libctru/lib\libctru.a(srv.o)
                0x001069a0                srvExit
 .text.srvEnableNotification
                0x001069f8       0x60 C:/devkitPro/libctru/lib\libctru.a(srv.o)
                0x001069f8                srvEnableNotification
 .text.srvGetServiceHandleDirect
                0x00106a58       0xa0 C:/devkitPro/libctru/lib\libctru.a(srv.o)
                0x00106a58                srvGetServiceHandleDirect
 .text.srvGetServiceHandle
                0x00106af8       0x38 C:/devkitPro/libctru/lib\libctru.a(srv.o)
                0x00106af8                srvGetServiceHandle
 .text.srvSubscribe
                0x00106b30       0x34 C:/devkitPro/libctru/lib\libctru.a(srv.o)
                0x00106b30                srvSubscribe
 .text.srvReceiveNotification
                0x00106b64       0x60 C:/devkitPro/libctru/lib\libctru.a(srv.o)
                0x00106b64                srvReceiveNotification
 .text.srvPublishToSubscriber
                0x00106bc4       0x38 C:/devkitPro/libctru/lib\libctru.a(srv.o)
                0x00106bc4                srvPublishToSubscriber
 .text.threadCreate
                0x00106bfc      0x1d8 C:/devkitPro/libctru/lib\libctru.a(thread.o)
                0x00106bfc                threadCreate
 .text.threadFree
                0x00106dd4       0x2c C:/devkitPro/libctru/lib\libctru.a(thread.o)
                0x00106dd4                threadFree
 .text.threadJoin
                0x00106e00       0x24 C:/devkitPro/libctru/lib\libctru.a(thread.o)
                0x00106e00                threadJoin
 .text.threadGetCurrent
                0x00106e24       0x30 C:/devkitPro/libctru/lib\libctru.a(thread.o)
                0x00106e24                threadGetCurrent
 .text.threadExit
                0x00106e54       0x40 C:/devkitPro/libctru/lib\libctru.a(thread.o)
                0x00106e54                threadExit
 .text._thread_begin
                0x00106e94       0x20 C:/devkitPro/libctru/lib\libctru.a(thread.o)
 .text.mappableFindAddressWithin
                0x00106eb4       0xb4 C:/devkitPro/libctru/lib\libctru.a(mappable.o)
 .text.mappableInit
                0x00106f68       0x28 C:/devkitPro/libctru/lib\libctru.a(mappable.o)
                0x00106f68                mappableInit
 .text.mappableAlloc
                0x00106f90       0x80 C:/devkitPro/libctru/lib\libctru.a(mappable.o)
                0x00106f90                mappableAlloc
 .text.mappableFree
                0x00107010        0x4 C:/devkitPro/libctru/lib\libctru.a(mappable.o)
                0x00107010                mappableFree
 .text.irrstInit
                0x00107014      0x160 C:/devkitPro/libctru/lib\libctru.a(irrst.o)
                0x00107014                irrstInit
 .text.irrstExit
                0x00107174       0xcc C:/devkitPro/libctru/lib\libctru.a(irrst.o)
                0x00107174                irrstExit
 .text.irrstScanInput
                0x00107240       0xb4 C:/devkitPro/libctru/lib\libctru.a(irrst.o)
                0x00107240                irrstScanInput
 .text.irrstKeysHeld
                0x001072f4       0x24 C:/devkitPro/libctru/lib\libctru.a(irrst.o)
                0x001072f4                irrstKeysHeld
 .text.srvPmGetSessionHandle
                0x00107318        0xc C:/devkitPro/libctru/lib\libctru.a(srvpm.o)
                0x00107318                srvPmGetSessionHandle
 .text.ptmSysmInit
                0x00107324       0x74 C:/devkitPro/libctru/lib\libctru.a(ptmsysm.o)
                0x00107324                ptmSysmInit
 .text.ptmSysmExit
                0x00107398       0x3c C:/devkitPro/libctru/lib\libctru.a(ptmsysm.o)
                0x00107398                ptmSysmExit
 .text.PTMSYSM_ConfigureNew3DSCPU
                0x001073d4       0x34 C:/devkitPro/libctru/lib\libctru.a(ptmsysm.o)
                0x001073d4                PTMSYSM_ConfigureNew3DSCPU
 .text.rbtree_init
                0x00107408       0x10 C:/devkitPro/libctru/lib\libctru.a(rbtree_init.o)
                0x00107408                rbtree_init
 .text.do_insert
                0x00107418      0x1b0 C:/devkitPro/libctru/lib\libctru.a(rbtree_insert.o)
 .text.rbtree_insert
                0x001075c8        0x8 C:/devkitPro/libctru/lib\libctru.a(rbtree_insert.o)
                0x001075c8                rbtree_insert
 .text.rbtree_rotate
                0x001075d0       0x90 C:/devkitPro/libctru/lib\libctru.a(rbtree_rotate.o)
                0x001075d0                rbtree_rotate
 .text.rbtree_remove
                0x00107660      0x318 C:/devkitPro/libctru/lib\libctru.a(rbtree_remove.o)
                0x00107660                rbtree_remove
 .text.rbtree_find
                0x00107978       0x74 C:/devkitPro/libctru/lib\libctru.a(rbtree_find.o)
                0x00107978                rbtree_find
 .text.__appInit
                0x001079ec       0x30 C:/devkitPro/libctru/lib\libctru.a(appInit.o)
                0x001079ec                __appInit
 .text.__syscall_getreent
                0x00107a1c       0x30 C:/devkitPro/libctru/lib\libctru.a(syscalls.o)
                0x00107a1c                __syscall_getreent
 .text.__syscall_lock_acquire
                0x00107a4c        0x4 C:/devkitPro/libctru/lib\libctru.a(syscalls.o)
                0x00107a4c                __syscall_lock_acquire
 .text.__syscall_lock_release
                0x00107a50        0x4 C:/devkitPro/libctru/lib\libctru.a(syscalls.o)
                0x00107a50                __syscall_lock_release
 .text.__syscall_lock_acquire_recursive
                0x00107a54        0x4 C:/devkitPro/libctru/lib\libctru.a(syscalls.o)
                0x00107a54                __syscall_lock_acquire_recursive
 .text.__syscall_lock_release_recursive
                0x00107a58        0x4 C:/devkitPro/libctru/lib\libctru.a(syscalls.o)
                0x00107a58                __syscall_lock_release_recursive
 .text.__syscall_exit
                0x00107a5c        0x4 C:/devkitPro/libctru/lib\libctru.a(syscalls.o)
                0x00107a5c                __syscall_exit
 .text.initThreadVars
                0x00107a60       0x50 C:/devkitPro/libctru/lib\libctru.a(syscalls.o)
                0x00107a60                initThreadVars
 .text.__system_initSyscalls
                0x00107ab0       0x80 C:/devkitPro/libctru/lib\libctru.a(syscalls.o)
                0x00107ab0                __system_initSyscalls
 .text.__system_allocateHeaps
                0x00107b30      0x1e0 C:/devkitPro/libctru/lib\libctru.a(allocateHeaps.o)
                0x00107b30                __system_allocateHeaps
 .text.__appExit
                0x00107d10       0x30 C:/devkitPro/libctru/lib\libctru.a(appExit.o)
                0x00107d10                __appExit
 .text.__libctru_exit
                0x00107d40       0x90 C:/devkitPro/libctru/lib\libctru.a(ctru_exit.o)
                0x00107d40                __libctru_exit
 .text.envGetHandle
                0x00107dd0       0x84 C:/devkitPro/libctru/lib\libctru.a(env.o)
                0x00107dd0                envGetHandle
 .text.envDestroyHandles
                0x00107e54       0x50 C:/devkitPro/libctru/lib\libctru.a(env.o)
                0x00107e54                envDestroyHandles
 .text.archive_link
                0x00107ea4       0x14 C:/devkitPro/libctru/lib\libctru.a(archive_dev.o)
 .text.archive_dirreset
                0x00107eb8       0x14 C:/devkitPro/libctru/lib\libctru.a(archive_dev.o)
 .text.archive_chmod
                0x00107ecc       0x14 C:/devkitPro/libctru/lib\libctru.a(archive_dev.o)
 .text.error_cmp
                0x00107ee0       0x24 C:/devkitPro/libctru/lib\libctru.a(archive_dev.o)
 .text.archive_translate_error
                0x00107f04       0x50 C:/devkitPro/libctru/lib\libctru.a(archive_dev.o)
 .text.archive_seek
                0x00107f54       0xc8 C:/devkitPro/libctru/lib\libctru.a(archive_dev.o)
 .text._archiveInit.part.0
                0x0010801c       0x7c C:/devkitPro/libctru/lib\libctru.a(archive_dev.o)
 .text.archiveFindDevice.part.0
                0x00108098       0xc4 C:/devkitPro/libctru/lib\libctru.a(archive_dev.o)
 .text.archive_utf16path
                0x0010815c      0x280 C:/devkitPro/libctru/lib\libctru.a(archive_dev.o)
 .text._archiveUnmountDeviceStruct.part.0
                0x001083dc       0x9c C:/devkitPro/libctru/lib\libctru.a(archive_dev.o)
 .text.archive_fchmod
                0x00108478       0x14 C:/devkitPro/libctru/lib\libctru.a(archive_dev.o)
 .text.archive_statvfs
                0x0010848c       0x14 C:/devkitPro/libctru/lib\libctru.a(archive_dev.o)
 .text._archiveMountDevice
                0x001084a0      0x164 C:/devkitPro/libctru/lib\libctru.a(archive_dev.o)
 .text.archive_diropen
                0x00108604       0xe8 C:/devkitPro/libctru/lib\libctru.a(archive_dev.o)
 .text.archive_fstat
                0x001086ec       0xa4 C:/devkitPro/libctru/lib\libctru.a(archive_dev.o)
 .text.archive_fsync
                0x00108790       0x6c C:/devkitPro/libctru/lib\libctru.a(archive_dev.o)
 .text.archive_close
                0x001087fc       0x6c C:/devkitPro/libctru/lib\libctru.a(archive_dev.o)
 .text.archive_dirclose
                0x00108868       0x70 C:/devkitPro/libctru/lib\libctru.a(archive_dev.o)
 .text.sdmc_statvfs
                0x001088d8       0xe8 C:/devkitPro/libctru/lib\libctru.a(archive_dev.o)
 .text.archive_chdir
                0x001089c0       0xec C:/devkitPro/libctru/lib\libctru.a(archive_dev.o)
 .text.archive_ftruncate
                0x00108aac       0x7c C:/devkitPro/libctru/lib\libctru.a(archive_dev.o)
 .text.archive_read
                0x00108b28       0xac C:/devkitPro/libctru/lib\libctru.a(archive_dev.o)
 .text.archive_unlink
                0x00108bd4       0xa4 C:/devkitPro/libctru/lib\libctru.a(archive_dev.o)
 .text.archive_rmdir
                0x00108c78       0xbc C:/devkitPro/libctru/lib\libctru.a(archive_dev.o)
 .text.archive_mkdir
                0x00108d34       0xdc C:/devkitPro/libctru/lib\libctru.a(archive_dev.o)
 .text.archive_stat
                0x00108e10      0x194 C:/devkitPro/libctru/lib\libctru.a(archive_dev.o)
 .text.archive_dirnext
                0x00108fa4      0x160 C:/devkitPro/libctru/lib\libctru.a(archive_dev.o)
 .text.archive_write
                0x00109104      0x124 C:/devkitPro/libctru/lib\libctru.a(archive_dev.o)
 .text.archive_open
                0x00109228      0x20c C:/devkitPro/libctru/lib\libctru.a(archive_dev.o)
 .text.archive_rename
                0x00109434      0x278 C:/devkitPro/libctru/lib\libctru.a(archive_dev.o)
 .text.archiveMountSdmc
                0x001096ac      0x19c C:/devkitPro/libctru/lib\libctru.a(archive_dev.o)
                0x001096ac                archiveMountSdmc
 .text.archiveUnmountAll
                0x00109848       0x54 C:/devkitPro/libctru/lib\libctru.a(archive_dev.o)
                0x00109848                archiveUnmountAll
 .text.fsInit   0x0010989c       0xcc C:/devkitPro/libctru/lib\libctru.a(fs.o)
                0x0010989c                fsInit
 .text.fsExit   0x00109968       0x3c C:/devkitPro/libctru/lib\libctru.a(fs.o)
                0x00109968                fsExit
 .text.fsExemptFromSession
                0x001099a4       0x60 C:/devkitPro/libctru/lib\libctru.a(fs.o)
                0x001099a4                fsExemptFromSession
 .text.fsUnexemptFromSession
                0x00109a04       0x50 C:/devkitPro/libctru/lib\libctru.a(fs.o)
                0x00109a04                fsUnexemptFromSession
 .text.FSUSER_OpenFile
                0x00109a54       0xcc C:/devkitPro/libctru/lib\libctru.a(fs.o)
                0x00109a54                FSUSER_OpenFile
 .text.FSUSER_DeleteFile
                0x00109b20       0xbc C:/devkitPro/libctru/lib\libctru.a(fs.o)
                0x00109b20                FSUSER_DeleteFile
 .text.FSUSER_RenameFile
                0x00109bdc       0xf8 C:/devkitPro/libctru/lib\libctru.a(fs.o)
                0x00109bdc                FSUSER_RenameFile
 .text.FSUSER_DeleteDirectory
                0x00109cd4       0xbc C:/devkitPro/libctru/lib\libctru.a(fs.o)
                0x00109cd4                FSUSER_DeleteDirectory
 .text.FSUSER_CreateFile
                0x00109d90       0xd4 C:/devkitPro/libctru/lib\libctru.a(fs.o)
                0x00109d90                FSUSER_CreateFile
 .text.FSUSER_CreateDirectory
                0x00109e64       0xc4 C:/devkitPro/libctru/lib\libctru.a(fs.o)
                0x00109e64                FSUSER_CreateDirectory
 .text.FSUSER_RenameDirectory
                0x00109f28       0xf8 C:/devkitPro/libctru/lib\libctru.a(fs.o)
                0x00109f28                FSUSER_RenameDirectory
 .text.FSUSER_OpenDirectory
                0x0010a020       0xb4 C:/devkitPro/libctru/lib\libctru.a(fs.o)
                0x0010a020                FSUSER_OpenDirectory
 .text.FSUSER_OpenArchive
                0x0010a0d4       0x94 C:/devkitPro/libctru/lib\libctru.a(fs.o)
                0x0010a0d4                FSUSER_OpenArchive
 .text.FSUSER_CloseArchive
                0x0010a168       0x8c C:/devkitPro/libctru/lib\libctru.a(fs.o)
                0x0010a168                FSUSER_CloseArchive
 .text.FSUSER_GetSdmcArchiveResource
                0x0010a1f4       0x74 C:/devkitPro/libctru/lib\libctru.a(fs.o)
                0x0010a1f4                FSUSER_GetSdmcArchiveResource
 .text.FSUSER_IsSdmcWritable
                0x0010a268       0x64 C:/devkitPro/libctru/lib\libctru.a(fs.o)
                0x0010a268                FSUSER_IsSdmcWritable
 .text.FSFILE_Read
                0x0010a2cc       0x58 C:/devkitPro/libctru/lib\libctru.a(fs.o)
                0x0010a2cc                FSFILE_Read
 .text.FSFILE_Write
                0x0010a324       0x60 C:/devkitPro/libctru/lib\libctru.a(fs.o)
                0x0010a324                FSFILE_Write
 .text.FSFILE_GetSize
                0x0010a384       0x38 C:/devkitPro/libctru/lib\libctru.a(fs.o)
                0x0010a384                FSFILE_GetSize
 .text.FSFILE_SetSize
                0x0010a3bc       0x28 C:/devkitPro/libctru/lib\libctru.a(fs.o)
                0x0010a3bc                FSFILE_SetSize
 .text.FSFILE_Close
                0x0010a3e4       0x3c C:/devkitPro/libctru/lib\libctru.a(fs.o)
                0x0010a3e4                FSFILE_Close
 .text.FSFILE_Flush
                0x0010a420       0x24 C:/devkitPro/libctru/lib\libctru.a(fs.o)
                0x0010a420                FSFILE_Flush
 .text.FSDIR_Read
                0x0010a444       0x50 C:/devkitPro/libctru/lib\libctru.a(fs.o)
                0x0010a444                FSDIR_Read
 .text.FSDIR_Close
                0x0010a494       0x3c C:/devkitPro/libctru/lib\libctru.a(fs.o)
                0x0010a494                FSDIR_Close
 .text.rbtree_node_next
                0x0010a4d0       0x5c C:/devkitPro/libctru/lib\libctru.a(rbtree_iterator.o)
                0x0010a4d0                rbtree_node_next
 .text.utf8_to_utf16
                0x0010a52c       0xc0 C:/devkitPro/libctru/lib\libctru.a(utf8_to_utf16.o)
                0x0010a52c                utf8_to_utf16
 .text.decode_utf8
                0x0010a5ec      0x13c C:/devkitPro/libctru/lib\libctru.a(decode_utf8.o)
                0x0010a5ec                decode_utf8
 .text.utf16_to_utf8
                0x0010a728       0xe8 C:/devkitPro/libctru/lib\libctru.a(utf16_to_utf8.o)
                0x0010a728                utf16_to_utf8
 .text.__aeabi_read_tp
                0x0010a810        0xc C:/devkitPro/libctru/lib\libctru.a(readtp.o)
                0x0010a810                __aeabi_read_tp
 .text.encode_utf16
                0x0010a81c       0x54 C:/devkitPro/libctru/lib\libctru.a(encode_utf16.o)
                0x0010a81c                encode_utf16
 .text.encode_utf8
                0x0010a870       0xe0 C:/devkitPro/libctru/lib\libctru.a(encode_utf8.o)
                0x0010a870                encode_utf8
 .text.decode_utf16
                0x0010a950       0x64 C:/devkitPro/libctru/lib\libctru.a(decode_utf16.o)
                0x0010a950                decode_utf16
 .text.__udivmoddi4
                0x0010a9b4      0x120 C:/devkitPro/devkitARM/bin/../lib/gcc/arm-none-eabi/13.1.0/armv6k/fpu\libgcc.a(_udivmoddi4.o)
                0x0010a9b4                __udivmoddi4
 .text.memalign
                0x0010aad4       0x20 C:/devkitPro/devkitARM/bin/../lib/gcc/arm-none-eabi/13.1.0/../../../../arm-none-eabi/lib/armv6k/fpu\libg.a(libc_a-malign.o)
                0x0010aad4                memalign
 .text._memalign_r
                0x0010aaf4      0x14c C:/devkitPro/devkitARM/bin/../lib/gcc/arm-none-eabi/13.1.0/../../../../arm-none-eabi/lib/armv6k/fpu\libg.a(libc_a-malignr.o)
                0x0010aaf4                _memalign_r
 .text._puts_r  0x0010ac40       0xe0 C:/devkitPro/devkitARM/bin/../lib/gcc/arm-none-eabi/13.1.0/../../../../arm-none-eabi/lib/armv6k/fpu\libg.a(libc_a-puts.o)
                0x0010ac40                _puts_r
 .text.puts     0x0010ad20       0x18 C:/devkitPro/devkitARM/bin/../lib/gcc/arm-none-eabi/13.1.0/../../../../arm-none-eabi/lib/armv6k/fpu\libg.a(libc_a-puts.o)
                0x0010ad20                puts
 .text.bsearch  0x0010ad38       0x78 C:/devkitPro/devkitARM/bin/../lib/gcc/arm-none-eabi/13.1.0/../../../../arm-none-eabi/lib/armv6k/fpu\libg.a(libc_a-bsearch.o)
                0x0010ad38                bsearch
 .text.sscanf   0x0010adb0       0x74 C:/devkitPro/devkitARM/bin/../lib/gcc/arm-none-eabi/13.1.0/../../../../arm-none-eabi/lib/armv6k/fpu\libg.a(libc_a-sscanf.o)
                0x0010adb0                sscanf
 .text.__sread  0x0010ae24       0x44 C:/devkitPro/devkitARM/bin/../lib/gcc/arm-none-eabi/13.1.0/../../../../arm-none-eabi/lib/armv6k/fpu\libg.a(libc_a-stdio.o)
                0x0010ae24                __sread
 .text.__seofread
                0x0010ae68        0x8 C:/devkitPro/devkitARM/bin/../lib/gcc/arm-none-eabi/13.1.0/../../../../arm-none-eabi/lib/armv6k/fpu\libg.a(libc_a-stdio.o)
                0x0010ae68                __seofread
 .text.__swrite
                0x0010ae70       0x68 C:/devkitPro/devkitARM/bin/../lib/gcc/arm-none-eabi/13.1.0/../../../../arm-none-eabi/lib/armv6k/fpu\libg.a(libc_a-stdio.o)
                0x0010ae70                __swrite
 .text.__sseek  0x0010aed8       0x44 C:/devkitPro/devkitARM/bin/../lib/gcc/arm-none-eabi/13.1.0/../../../../arm-none-eabi/lib/armv6k/fpu\libg.a(libc_a-stdio.o)
                0x0010aed8                __sseek
 .text.__sclose
                0x0010af1c        0x8 C:/devkitPro/devkitARM/bin/../lib/gcc/arm-none-eabi/13.1.0/../../../../arm-none-eabi/lib/armv6k/fpu\libg.a(libc_a-stdio.o)
                0x0010af1c                __sclose
 .text.setvbuf  0x0010af24      0x25c C:/devkitPro/devkitARM/bin/../lib/gcc/arm-none-eabi/13.1.0/../../../../arm-none-eabi/lib/armv6k/fpu\libg.a(libc_a-setvbuf.o)
                0x0010af24                setvbuf
 .text.__call_exitprocs
                0x0010b180        0x4 C:/devkitPro/devkitARM/bin/../lib/gcc/arm-none-eabi/13.1.0/../../../../arm-none-eabi/lib/armv6k/fpu\libg.a(libc_a-exit.o)
                0x0010b180                __call_exitprocs
 .text.exit     0x0010b184       0x30 C:/devkitPro/devkitARM/bin/../lib/gcc/arm-none-eabi/13.1.0/../../../../arm-none-eabi/lib/armv6k/fpu\libg.a(libc_a-exit.o)
                0x0010b184                exit
 .text._malloc_trim_r
                0x0010b1b4       0xf8 C:/devkitPro/devkitARM/bin/../lib/gcc/arm-none-eabi/13.1.0/../../../../arm-none-eabi/lib/armv6k/fpu\libg.a(libc_a-freer.o)
                0x0010b1b4                _malloc_trim_r
 .text._free_r  0x0010b2ac      0x2e8 C:/devkitPro/devkitARM/bin/../lib/gcc/arm-none-eabi/13.1.0/../../../../arm-none-eabi/lib/armv6k/fpu\libg.a(libc_a-freer.o)
                0x0010b2ac                _free_r
 .text.malloc   0x0010b594       0x18 C:/devkitPro/devkitARM/bin/../lib/gcc/arm-none-eabi/13.1.0/../../../../arm-none-eabi/lib/armv6k/fpu\libg.a(libc_a-malloc.o)
                0x0010b594                malloc
 .text.free     0x0010b5ac       0x18 C:/devkitPro/devkitARM/bin/../lib/gcc/arm-none-eabi/13.1.0/../../../../arm-none-eabi/lib/armv6k/fpu\libg.a(libc_a-malloc.o)
                0x0010b5ac                free
 .text.get_arg  0x0010b5c4       0x50 C:/devkitPro/devkitARM/bin/../lib/gcc/arm-none-eabi/13.1.0/../../../../arm-none-eabi/lib/armv6k/fpu\libg.a(libc_a-svfscanf.o)
 .text.__ssvfscanf_r
                0x0010b614     0x2bf8 C:/devkitPro/devkitARM/bin/../lib/gcc/arm-none-eabi/13.1.0/../../../../arm-none-eabi/lib/armv6k/fpu\libg.a(libc_a-svfscanf.o)
                0x0010b614                __ssvfscanf_r
 .text._malloc_r
                0x0010e20c      0x79c C:/devkitPro/devkitARM/bin/../lib/gcc/arm-none-eabi/13.1.0/../../../../arm-none-eabi/lib/armv6k/fpu\libg.a(libc_a-mallocr.o)
                0x0010e20c                _malloc_r
 .text.memset   0x0010e9a8       0xf4 C:/devkitPro/devkitARM/bin/../lib/gcc/arm-none-eabi/13.1.0/../../../../arm-none-eabi/lib/armv6k/fpu\libg.a(libc_a-memset.o)
                0x0010e9a8                memset
 .text.__malloc_lock
                0x0010ea9c        0xc C:/devkitPro/devkitARM/bin/../lib/gcc/arm-none-eabi/13.1.0/../../../../arm-none-eabi/lib/armv6k/fpu\libg.a(libc_a-mlock.o)
                0x0010ea9c                __malloc_lock
 .text.__malloc_unlock
                0x0010eaa8        0xc C:/devkitPro/devkitARM/bin/../lib/gcc/arm-none-eabi/13.1.0/../../../../arm-none-eabi/lib/armv6k/fpu\libg.a(libc_a-mlock.o)
                0x0010eaa8                __malloc_unlock
 .text.strlen   0x0010eab4       0x90 C:/devkitPro/devkitARM/bin/../lib/gcc/arm-none-eabi/13.1.0/../../../../arm-none-eabi/lib/armv6k/fpu\libg.a(libc_a-strlen.o)
                0x0010eab4                strlen
 .text.__sflush_r
                0x0010eb44      0x22c C:/devkitPro/devkitARM/bin/../lib/gcc/arm-none-eabi/13.1.0/../../../../arm-none-eabi/lib/armv6k/fpu\libg.a(libc_a-fflush.o)
                0x0010eb44                __sflush_r
 .text._fflush_r
                0x0010ed70       0x94 C:/devkitPro/devkitARM/bin/../lib/gcc/arm-none-eabi/13.1.0/../../../../arm-none-eabi/lib/armv6k/fpu\libg.a(libc_a-fflush.o)
                0x0010ed70                _fflush_r
 .text.strncat  0x0010ee04       0xe4 C:/devkitPro/devkitARM/bin/../lib/gcc/arm-none-eabi/13.1.0/../../../../arm-none-eabi/lib/armv6k/fpu\libg.a(libc_a-strncat.o)
                0x0010ee04                strncat
 .text.__sfvwrite_r
                0x0010eee8      0x4b4 C:/devkitPro/devkitARM/bin/../lib/gcc/arm-none-eabi/13.1.0/../../../../arm-none-eabi/lib/armv6k/fpu\libg.a(libc_a-fvwrite.o)
                0x0010eee8                __sfvwrite_r
 .text.strncmp  0x0010f39c       0xe4 C:/devkitPro/devkitARM/bin/../lib/gcc/arm-none-eabi/13.1.0/../../../../arm-none-eabi/lib/armv6k/fpu\libg.a(libc_a-strncmp.o)
                0x0010f39c                strncmp
 .text._fwalk_sglue
                0x0010f480       0x70 C:/devkitPro/devkitARM/bin/../lib/gcc/arm-none-eabi/13.1.0/../../../../arm-none-eabi/lib/armv6k/fpu\libg.a(libc_a-fwalk.o)
                0x0010f480                _fwalk_sglue
 .text._realloc_r
                0x0010f4f0      0x4a0 C:/devkitPro/devkitARM/bin/../lib/gcc/arm-none-eabi/13.1.0/../../../../arm-none-eabi/lib/armv6k/fpu\libg.a(libc_a-reallocr.o)
                0x0010f4f0                _realloc_r
 .text.strncpy  0x0010f990       0xc4 C:/devkitPro/devkitARM/bin/../lib/gcc/arm-none-eabi/13.1.0/../../../../arm-none-eabi/lib/armv6k/fpu\libg.a(libc_a-strncpy.o)
                0x0010f990                strncpy
 .text.stdio_exit_handler
                0x0010fa54       0x1c C:/devkitPro/devkitARM/bin/../lib/gcc/arm-none-eabi/13.1.0/../../../../arm-none-eabi/lib/armv6k/fpu\libg.a(libc_a-findfp.o)
 .text.cleanup_stdio
                0x0010fa70       0x5c C:/devkitPro/devkitARM/bin/../lib/gcc/arm-none-eabi/13.1.0/../../../../arm-none-eabi/lib/armv6k/fpu\libg.a(libc_a-findfp.o)
 .text.global_stdio_init.part.0
                0x0010facc      0x154 C:/devkitPro/devkitARM/bin/../lib/gcc/arm-none-eabi/13.1.0/../../../../arm-none-eabi/lib/armv6k/fpu\libg.a(libc_a-findfp.o)
 .text.__sinit  0x0010fc20       0x5c C:/devkitPro/devkitARM/bin/../lib/gcc/arm-none-eabi/13.1.0/../../../../arm-none-eabi/lib/armv6k/fpu\libg.a(libc_a-findfp.o)
                0x0010fc20                __sinit
 .text.__sfp_lock_acquire
                0x0010fc7c        0xc C:/devkitPro/devkitARM/bin/../lib/gcc/arm-none-eabi/13.1.0/../../../../arm-none-eabi/lib/armv6k/fpu\libg.a(libc_a-findfp.o)
                0x0010fc7c                __sfp_lock_acquire
 .text.__sfp_lock_release
                0x0010fc88        0xc C:/devkitPro/devkitARM/bin/../lib/gcc/arm-none-eabi/13.1.0/../../../../arm-none-eabi/lib/armv6k/fpu\libg.a(libc_a-findfp.o)
                0x0010fc88                __sfp_lock_release
 .text.strnlen  0x0010fc94       0x48 C:/devkitPro/devkitARM/bin/../lib/gcc/arm-none-eabi/13.1.0/../../../../arm-none-eabi/lib/armv6k/fpu\libg.a(libc_a-strnlen.o)
                0x0010fc94                strnlen
 .text.sulp     0x0010fcdc       0x64 C:/devkitPro/devkitARM/bin/../lib/gcc/arm-none-eabi/13.1.0/../../../../arm-none-eabi/lib/armv6k/fpu\libg.a(libc_a-strtod.o)
 .text._strtod_l
                0x0010fd40     0x13a4 C:/devkitPro/devkitARM/bin/../lib/gcc/arm-none-eabi/13.1.0/../../../../arm-none-eabi/lib/armv6k/fpu\libg.a(libc_a-strtod.o)
                0x0010fd40                _strtod_l
 .text._strtod_r
                0x001110e4       0x3c C:/devkitPro/devkitARM/bin/../lib/gcc/arm-none-eabi/13.1.0/../../../../arm-none-eabi/lib/armv6k/fpu\libg.a(libc_a-strtod.o)
                0x001110e4                _strtod_r
 .text._strtol_l.part.0
                0x00111120      0x1b0 C:/devkitPro/devkitARM/bin/../lib/gcc/arm-none-eabi/13.1.0/../../../../arm-none-eabi/lib/armv6k/fpu\libg.a(libc_a-strtol.o)
 .text._strtol_r
                0x001112d0       0x60 C:/devkitPro/devkitARM/bin/../lib/gcc/arm-none-eabi/13.1.0/../../../../arm-none-eabi/lib/armv6k/fpu\libg.a(libc_a-strtol.o)
                0x001112d0                _strtol_r
 .text.realloc  0x00111330       0x20 C:/devkitPro/devkitARM/bin/../lib/gcc/arm-none-eabi/13.1.0/../../../../arm-none-eabi/lib/armv6k/fpu\libg.a(libc_a-realloc.o)
                0x00111330                realloc
 .text._strtoul_l.isra.0
                0x00111350      0x1d8 C:/devkitPro/devkitARM/bin/../lib/gcc/arm-none-eabi/13.1.0/../../../../arm-none-eabi/lib/armv6k/fpu\libg.a(libc_a-strtoul.o)
 .text._strtoul_r
                0x00111528       0x30 C:/devkitPro/devkitARM/bin/../lib/gcc/arm-none-eabi/13.1.0/../../../../arm-none-eabi/lib/armv6k/fpu\libg.a(libc_a-strtoul.o)
                0x00111528                _strtoul_r
 .text.strtoul  0x00111558       0x34 C:/devkitPro/devkitARM/bin/../lib/gcc/arm-none-eabi/13.1.0/../../../../arm-none-eabi/lib/armv6k/fpu\libg.a(libc_a-strtoul.o)
                0x00111558                strtoul
 .text.__locale_mb_cur_max
                0x0011158c       0x24 C:/devkitPro/devkitARM/bin/../lib/gcc/arm-none-eabi/13.1.0/../../../../arm-none-eabi/lib/armv6k/fpu\libg.a(libc_a-locale.o)
                0x0011158c                __locale_mb_cur_max
 .text._localeconv_r
                0x001115b0       0x24 C:/devkitPro/devkitARM/bin/../lib/gcc/arm-none-eabi/13.1.0/../../../../arm-none-eabi/lib/armv6k/fpu\libg.a(libc_a-localeconv.o)
                0x001115b0                _localeconv_r
 .text.memchr   0x001115d4       0xe0 C:/devkitPro/devkitARM/bin/../lib/gcc/arm-none-eabi/13.1.0/../../../../arm-none-eabi/lib/armv6k/fpu\libg.a(libc_a-memchr-stub.o)
                0x001115d4                memchr
 .text.__utf8_wctomb
                0x001116b4       0xf0 C:/devkitPro/devkitARM/bin/../lib/gcc/arm-none-eabi/13.1.0/../../../../arm-none-eabi/lib/armv6k/fpu\libg.a(libc_a-wctomb_r.o)
                0x001116b4                __utf8_wctomb
 .text.memcpy   0x001117a4      0x11c C:/devkitPro/devkitARM/bin/../lib/gcc/arm-none-eabi/13.1.0/../../../../arm-none-eabi/lib/armv6k/fpu\libg.a(libc_a-memcpy-stub.o)
                0x001117a4                memcpy
 .text.stpncpy  0x001118c0       0xdc C:/devkitPro/devkitARM/bin/../lib/gcc/arm-none-eabi/13.1.0/../../../../arm-none-eabi/lib/armv6k/fpu\libg.a(libc_a-stpncpy.o)
                0x001118c0                stpncpy
 .text.__libc_init_array
                0x0011199c       0x84 C:/devkitPro/devkitARM/bin/../lib/gcc/arm-none-eabi/13.1.0/../../../../arm-none-eabi/lib/armv6k/fpu\libg.a(libc_a-init.o)
                0x0011199c                __libc_init_array
 .text.__libc_fini_array
                0x00111a20       0x3c C:/devkitPro/devkitARM/bin/../lib/gcc/arm-none-eabi/13.1.0/../../../../arm-none-eabi/lib/armv6k/fpu\libg.a(libc_a-fini.o)
                0x00111a20                __libc_fini_array
 .text.__errno  0x00111a5c        0xc C:/devkitPro/devkitARM/bin/../lib/gcc/arm-none-eabi/13.1.0/../../../../arm-none-eabi/lib/armv6k/fpu\libg.a(libc_a-errno.o)
                0x00111a5c                __errno
 .text.nan      0x00111a68       0x10 C:/devkitPro/devkitARM/bin/../lib/gcc/arm-none-eabi/13.1.0/../../../../arm-none-eabi/lib/armv6k/fpu\libg.a(libm_a-s_nan.o)
                0x00111a68                nan
 .text.nanf     0x00111a78        0xc C:/devkitPro/devkitARM/bin/../lib/gcc/arm-none-eabi/13.1.0/../../../../arm-none-eabi/lib/armv6k/fpu\libg.a(libm_a-sf_nan.o)
                0x00111a78                nanf
 .text._strtoll_l.isra.0
                0x00111a84      0x234 C:/devkitPro/devkitARM/bin/../lib/gcc/arm-none-eabi/13.1.0/../../../../arm-none-eabi/lib/armv6k/fpu\libg.a(libc_a-strtoll.o)
 .text._strtoll_r
                0x00111cb8       0x30 C:/devkitPro/devkitARM/bin/../lib/gcc/arm-none-eabi/13.1.0/../../../../arm-none-eabi/lib/armv6k/fpu\libg.a(libc_a-strtoll.o)
                0x00111cb8                _strtoll_r
 .text._strtoull_l.isra.0
                0x00111ce8      0x25c C:/devkitPro/devkitARM/bin/../lib/gcc/arm-none-eabi/13.1.0/../../../../arm-none-eabi/lib/armv6k/fpu\libg.a(libc_a-strtoull.o)
 .text._strtoull_r
                0x00111f44       0x30 C:/devkitPro/devkitARM/bin/../lib/gcc/arm-none-eabi/13.1.0/../../../../arm-none-eabi/lib/armv6k/fpu\libg.a(libc_a-strtoull.o)
                0x00111f44                _strtoull_r
 .text.iswspace
                0x00111f74        0x8 C:/devkitPro/devkitARM/bin/../lib/gcc/arm-none-eabi/13.1.0/../../../../arm-none-eabi/lib/armv6k/fpu\libg.a(libc_a-iswspace.o)
                0x00111f74                iswspace
 .text._mbrtowc_r
                0x00111f7c       0xb4 C:/devkitPro/devkitARM/bin/../lib/gcc/arm-none-eabi/13.1.0/../../../../arm-none-eabi/lib/armv6k/fpu\libg.a(libc_a-mbrtowc.o)
                0x00111f7c                _mbrtowc_r
 .text.__smakebuf_r
                0x00112030      0x12c C:/devkitPro/devkitARM/bin/../lib/gcc/arm-none-eabi/13.1.0/../../../../arm-none-eabi/lib/armv6k/fpu\libg.a(libc_a-makebuf.o)
                0x00112030                __smakebuf_r
 .text.__swhatbuf_r
                0x0011215c       0x8c C:/devkitPro/devkitARM/bin/../lib/gcc/arm-none-eabi/13.1.0/../../../../arm-none-eabi/lib/armv6k/fpu\libg.a(libc_a-makebuf.o)
                0x0011215c                __swhatbuf_r
 .text.iswspace_l
                0x001121e8       0x38 C:/devkitPro/devkitARM/bin/../lib/gcc/arm-none-eabi/13.1.0/../../../../arm-none-eabi/lib/armv6k/fpu\libg.a(libc_a-iswspace_l.o)
                0x001121e8                iswspace_l
 .text.sprintf  0x00112220       0x64 C:/devkitPro/devkitARM/bin/../lib/gcc/arm-none-eabi/13.1.0/../../../../arm-none-eabi/lib/armv6k/fpu\libg.a(libc_a-sprintf.o)
                0x00112220                sprintf
 .text.__sccl   0x00112284       0xf0 C:/devkitPro/devkitARM/bin/../lib/gcc/arm-none-eabi/13.1.0/../../../../arm-none-eabi/lib/armv6k/fpu\libg.a(libc_a-sccl.o)
                0x00112284                __sccl
 .text.category
                0x00112374       0x90 C:/devkitPro/devkitARM/bin/../lib/gcc/arm-none-eabi/13.1.0/../../../../arm-none-eabi/lib/armv6k/fpu\libg.a(libc_a-categories.o)
                0x00112374                category
 .text._sungetc_r
                0x00112404       0xe0 C:/devkitPro/devkitARM/bin/../lib/gcc/arm-none-eabi/13.1.0/../../../../arm-none-eabi/lib/armv6k/fpu\libg.a(libc_a-svfiscanf.o)
                0x00112404                _sungetc_r
 .text.__ssrefill_r
                0x001124e4       0x6c C:/devkitPro/devkitARM/bin/../lib/gcc/arm-none-eabi/13.1.0/../../../../arm-none-eabi/lib/armv6k/fpu\libg.a(libc_a-svfiscanf.o)
                0x001124e4                __ssrefill_r
 .text._sfread_r
                0x00112550       0xc4 C:/devkitPro/devkitARM/bin/../lib/gcc/arm-none-eabi/13.1.0/../../../../arm-none-eabi/lib/armv6k/fpu\libg.a(libc_a-svfiscanf.o)
                0x00112550                _sfread_r
 .text.__swsetup_r
                0x00112614      0x138 C:/devkitPro/devkitARM/bin/../lib/gcc/arm-none-eabi/13.1.0/../../../../arm-none-eabi/lib/armv6k/fpu\libg.a(libc_a-wsetup.o)
                0x00112614                __swsetup_r
 .text.rshift   0x0011274c       0xf0 C:/devkitPro/devkitARM/bin/../lib/gcc/arm-none-eabi/13.1.0/../../../../arm-none-eabi/lib/armv6k/fpu\libg.a(libc_a-gdtoa-gethex.o)
 .text.__gethex
                0x0011283c      0x89c C:/devkitPro/devkitARM/bin/../lib/gcc/arm-none-eabi/13.1.0/../../../../arm-none-eabi/lib/armv6k/fpu\libg.a(libc_a-gdtoa-gethex.o)
                0x0011283c                __gethex
 .text.strchr   0x001130d8      0x130 C:/devkitPro/devkitARM/bin/../lib/gcc/arm-none-eabi/13.1.0/../../../../arm-none-eabi/lib/armv6k/fpu\libg.a(libc_a-strchr.o)
                0x001130d8                strchr
 .text._fclose_r
                0x00113208      0x148 C:/devkitPro/devkitARM/bin/../lib/gcc/arm-none-eabi/13.1.0/../../../../arm-none-eabi/lib/armv6k/fpu\libg.a(libc_a-fclose.o)
                0x00113208                _fclose_r
 .text.get_arg  0x00113350      0x64c C:/devkitPro/devkitARM/bin/../lib/gcc/arm-none-eabi/13.1.0/../../../../arm-none-eabi/lib/armv6k/fpu\libg.a(libc_a-svfprintf.o)
 *fill*         0x0011399c        0x4 
 .text._svfprintf_r
                0x001139a0     0x3324 C:/devkitPro/devkitARM/bin/../lib/gcc/arm-none-eabi/13.1.0/../../../../arm-none-eabi/lib/armv6k/fpu\libg.a(libc_a-svfprintf.o)
                0x001139a0                _svfprintf_r
 .text.__match  0x00116cc4       0x4c C:/devkitPro/devkitARM/bin/../lib/gcc/arm-none-eabi/13.1.0/../../../../arm-none-eabi/lib/armv6k/fpu\libg.a(libc_a-gdtoa-hexnan.o)
                0x00116cc4                __match
 .text.__hexnan
                0x00116d10      0x29c C:/devkitPro/devkitARM/bin/../lib/gcc/arm-none-eabi/13.1.0/../../../../arm-none-eabi/lib/armv6k/fpu\libg.a(libc_a-gdtoa-hexnan.o)
                0x00116d10                __hexnan
 .text.memmove  0x00116fac      0x150 C:/devkitPro/devkitARM/bin/../lib/gcc/arm-none-eabi/13.1.0/../../../../arm-none-eabi/lib/armv6k/fpu\libg.a(libc_a-memmove.o)
                0x00116fac                memmove
 .text._Balloc  0x001170fc       0x88 C:/devkitPro/devkitARM/bin/../lib/gcc/arm-none-eabi/13.1.0/../../../../arm-none-eabi/lib/armv6k/fpu\libg.a(libc_a-mprec.o)
                0x001170fc                _Balloc
 .text._Bfree   0x00117184       0x1c C:/devkitPro/devkitARM/bin/../lib/gcc/arm-none-eabi/13.1.0/../../../../arm-none-eabi/lib/armv6k/fpu\libg.a(libc_a-mprec.o)
                0x00117184                _Bfree
 .text.__multadd
                0x001171a0       0xf4 C:/devkitPro/devkitARM/bin/../lib/gcc/arm-none-eabi/13.1.0/../../../../arm-none-eabi/lib/armv6k/fpu\libg.a(libc_a-mprec.o)
                0x001171a0                __multadd
 .text.__s2b    0x00117294      0x110 C:/devkitPro/devkitARM/bin/../lib/gcc/arm-none-eabi/13.1.0/../../../../arm-none-eabi/lib/armv6k/fpu\libg.a(libc_a-mprec.o)
                0x00117294                __s2b
 .text.__hi0bits
                0x001173a4       0x60 C:/devkitPro/devkitARM/bin/../lib/gcc/arm-none-eabi/13.1.0/../../../../arm-none-eabi/lib/armv6k/fpu\libg.a(libc_a-mprec.o)
                0x001173a4                __hi0bits
 .text.__lo0bits
                0x00117404       0x9c C:/devkitPro/devkitARM/bin/../lib/gcc/arm-none-eabi/13.1.0/../../../../arm-none-eabi/lib/armv6k/fpu\libg.a(libc_a-mprec.o)
                0x00117404                __lo0bits
 .text.__i2b    0x001174a0       0xa4 C:/devkitPro/devkitARM/bin/../lib/gcc/arm-none-eabi/13.1.0/../../../../arm-none-eabi/lib/armv6k/fpu\libg.a(libc_a-mprec.o)
                0x001174a0                __i2b
 .text.__multiply
                0x00117544      0x204 C:/devkitPro/devkitARM/bin/../lib/gcc/arm-none-eabi/13.1.0/../../../../arm-none-eabi/lib/armv6k/fpu\libg.a(libc_a-mprec.o)
                0x00117544                __multiply
 .text.__pow5mult
                0x00117748      0x128 C:/devkitPro/devkitARM/bin/../lib/gcc/arm-none-eabi/13.1.0/../../../../arm-none-eabi/lib/armv6k/fpu\libg.a(libc_a-mprec.o)
                0x00117748                __pow5mult
 .text.__lshift
                0x00117870      0x140 C:/devkitPro/devkitARM/bin/../lib/gcc/arm-none-eabi/13.1.0/../../../../arm-none-eabi/lib/armv6k/fpu\libg.a(libc_a-mprec.o)
                0x00117870                __lshift
 .text.__mcmp   0x001179b0       0x58 C:/devkitPro/devkitARM/bin/../lib/gcc/arm-none-eabi/13.1.0/../../../../arm-none-eabi/lib/armv6k/fpu\libg.a(libc_a-mprec.o)
                0x001179b0                __mcmp
 .text.__mdiff  0x00117a08      0x1fc C:/devkitPro/devkitARM/bin/../lib/gcc/arm-none-eabi/13.1.0/../../../../arm-none-eabi/lib/armv6k/fpu\libg.a(libc_a-mprec.o)
                0x00117a08                __mdiff
 .text.__ulp    0x00117c04       0x68 C:/devkitPro/devkitARM/bin/../lib/gcc/arm-none-eabi/13.1.0/../../../../arm-none-eabi/lib/armv6k/fpu\libg.a(libc_a-mprec.o)
                0x00117c04                __ulp
 .text.__b2d    0x00117c6c       0xd0 C:/devkitPro/devkitARM/bin/../lib/gcc/arm-none-eabi/13.1.0/../../../../arm-none-eabi/lib/armv6k/fpu\libg.a(libc_a-mprec.o)
                0x00117c6c                __b2d
 .text.__d2b    0x00117d3c      0x124 C:/devkitPro/devkitARM/bin/../lib/gcc/arm-none-eabi/13.1.0/../../../../arm-none-eabi/lib/armv6k/fpu\libg.a(libc_a-mprec.o)
                0x00117d3c                __d2b
 .text.__ratio  0x00117e60       0x78 C:/devkitPro/devkitARM/bin/../lib/gcc/arm-none-eabi/13.1.0/../../../../arm-none-eabi/lib/armv6k/fpu\libg.a(libc_a-mprec.o)
                0x00117e60                __ratio
 .text.__copybits
                0x00117ed8       0x88 C:/devkitPro/devkitARM/bin/../lib/gcc/arm-none-eabi/13.1.0/../../../../arm-none-eabi/lib/armv6k/fpu\libg.a(libc_a-mprec.o)
                0x00117ed8                __copybits
 .text.__any_on
                0x00117f60       0x5c C:/devkitPro/devkitARM/bin/../lib/gcc/arm-none-eabi/13.1.0/../../../../arm-none-eabi/lib/armv6k/fpu\libg.a(libc_a-mprec.o)
                0x00117f60                __any_on
 .text.__utf8_mbtowc
                0x00117fbc      0x2f8 C:/devkitPro/devkitARM/bin/../lib/gcc/arm-none-eabi/13.1.0/../../../../arm-none-eabi/lib/armv6k/fpu\libg.a(libc_a-mbtowc_r.o)
                0x00117fbc                __utf8_mbtowc
 *fill*         0x001182b4        0x4 
 .text.frexp    0x001182b8       0x88 C:/devkitPro/devkitARM/bin/../lib/gcc/arm-none-eabi/13.1.0/../../../../arm-none-eabi/lib/armv6k/fpu\libg.a(libm_a-s_frexp.o)
                0x001182b8                frexp
 .text._wcrtomb_r
                0x00118340       0xa0 C:/devkitPro/devkitARM/bin/../lib/gcc/arm-none-eabi/13.1.0/../../../../arm-none-eabi/lib/armv6k/fpu\libg.a(libc_a-wcrtomb.o)
                0x00118340                _wcrtomb_r
 .text._wcsrtombs_r
                0x001183e0       0x28 C:/devkitPro/devkitARM/bin/../lib/gcc/arm-none-eabi/13.1.0/../../../../arm-none-eabi/lib/armv6k/fpu\libg.a(libc_a-wcsrtombs.o)
                0x001183e0                _wcsrtombs_r
 .text.__submore
                0x00118408       0xa8 C:/devkitPro/devkitARM/bin/../lib/gcc/arm-none-eabi/13.1.0/../../../../arm-none-eabi/lib/armv6k/fpu\libg.a(libc_a-ungetc.o)
                0x00118408                __submore
 .text._calloc_r
                0x001184b0       0xc0 C:/devkitPro/devkitARM/bin/../lib/gcc/arm-none-eabi/13.1.0/../../../../arm-none-eabi/lib/armv6k/fpu\libg.a(libc_a-callocr.o)
                0x001184b0                _calloc_r
 .text.__assert_func
                0x00118570       0x5c C:/devkitPro/devkitARM/bin/../lib/gcc/arm-none-eabi/13.1.0/../../../../arm-none-eabi/lib/armv6k/fpu\libg.a(libc_a-assert.o)
                0x00118570                __assert_func
 .text.__ssprint_r
                0x001185cc      0x18c C:/devkitPro/devkitARM/bin/../lib/gcc/arm-none-eabi/13.1.0/../../../../arm-none-eabi/lib/armv6k/fpu\libg.a(libc_a-svfiprintf.o)
                0x001185cc                __ssprint_r
 .text.fiprintf
                0x00118758       0x3c C:/devkitPro/devkitARM/bin/../lib/gcc/arm-none-eabi/13.1.0/../../../../arm-none-eabi/lib/armv6k/fpu\libg.a(libc_a-fiprintf.o)
                0x00118758                fiprintf
 .text.quorem   0x00118794      0x1b4 C:/devkitPro/devkitARM/bin/../lib/gcc/arm-none-eabi/13.1.0/../../../../arm-none-eabi/lib/armv6k/fpu\libg.a(libc_a-dtoa.o)
 .text._dtoa_r  0x00118948     0x1218 C:/devkitPro/devkitARM/bin/../lib/gcc/arm-none-eabi/13.1.0/../../../../arm-none-eabi/lib/armv6k/fpu\libg.a(libc_a-dtoa.o)
                0x00118948                _dtoa_r
 .text._wcsnrtombs_l
                0x00119b60      0x188 C:/devkitPro/devkitARM/bin/../lib/gcc/arm-none-eabi/13.1.0/../../../../arm-none-eabi/lib/armv6k/fpu\libg.a(libc_a-wcsnrtombs.o)
                0x00119b60                _wcsnrtombs_l
 .text._wcsnrtombs_r
                0x00119ce8       0x64 C:/devkitPro/devkitARM/bin/../lib/gcc/arm-none-eabi/13.1.0/../../../../arm-none-eabi/lib/armv6k/fpu\libg.a(libc_a-wcsnrtombs.o)
                0x00119ce8                _wcsnrtombs_r
 .text.abort    0x00119d4c       0x14 C:/devkitPro/devkitARM/bin/../lib/gcc/arm-none-eabi/13.1.0/../../../../arm-none-eabi/lib/armv6k/fpu\libg.a(libc_a-abort.o)
                0x00119d4c                abort
 .text.get_arg  0x00119d60      0x64c C:/devkitPro/devkitARM/bin/../lib/gcc/arm-none-eabi/13.1.0/../../../../arm-none-eabi/lib/armv6k/fpu\libg.a(libc_a-vfiprintf.o)
 .text.__sprint_r
                0x0011a3ac       0x30 C:/devkitPro/devkitARM/bin/../lib/gcc/arm-none-eabi/13.1.0/../../../../arm-none-eabi/lib/armv6k/fpu\libg.a(libc_a-vfiprintf.o)
                0x0011a3ac                __sprint_r
 .text._vfiprintf_r
                0x0011a3dc     0x2304 C:/devkitPro/devkitARM/bin/../lib/gcc/arm-none-eabi/13.1.0/../../../../arm-none-eabi/lib/armv6k/fpu\libg.a(libc_a-vfiprintf.o)
                0x0011a3dc                _vfiprintf_r
 .text.__sbprintf
                0x0011c6e0       0xb8 C:/devkitPro/devkitARM/bin/../lib/gcc/arm-none-eabi/13.1.0/../../../../arm-none-eabi/lib/armv6k/fpu\libg.a(libc_a-vfiprintf.o)
 .text._raise_r
                0x0011c798       0x90 C:/devkitPro/devkitARM/bin/../lib/gcc/arm-none-eabi/13.1.0/../../../../arm-none-eabi/lib/armv6k/fpu\libg.a(libc_a-signal.o)
                0x0011c798                _raise_r
 .text.raise    0x0011c828       0x18 C:/devkitPro/devkitARM/bin/../lib/gcc/arm-none-eabi/13.1.0/../../../../arm-none-eabi/lib/armv6k/fpu\libg.a(libc_a-signal.o)
                0x0011c828                raise
 .text._exit    0x0011c840       0x20 C:/devkitPro/devkitARM/bin/../lib/gcc/arm-none-eabi/13.1.0/../../../../arm-none-eabi/lib/armv6k/fpu\libsysbase.a(libsysbase_libsysbase_a-_exit.o)
                0x0011c840                _exit
 .text.chdir    0x0011c860      0x13c C:/devkitPro/devkitARM/bin/../lib/gcc/arm-none-eabi/13.1.0/../../../../arm-none-eabi/lib/armv6k/fpu\libsysbase.a(libsysbase_libsysbase_a-chdir.o)
                0x0011c860                chdir
 .text._concatenate_path
                0x0011c99c      0x1cc C:/devkitPro/devkitARM/bin/../lib/gcc/arm-none-eabi/13.1.0/../../../../arm-none-eabi/lib/armv6k/fpu\libsysbase.a(libsysbase_libsysbase_a-concatenate.o)
                0x0011c99c                _concatenate_path
 .text._fstat_r
                0x0011cb68       0x78 C:/devkitPro/devkitARM/bin/../lib/gcc/arm-none-eabi/13.1.0/../../../../arm-none-eabi/lib/armv6k/fpu\libsysbase.a(libsysbase_libsysbase_a-fstat.o)
                0x0011cb68                _fstat_r
 .text._getpid_r
                0x0011cbe0       0x14 C:/devkitPro/devkitARM/bin/../lib/gcc/arm-none-eabi/13.1.0/../../../../arm-none-eabi/lib/armv6k/fpu\libsysbase.a(libsysbase_libsysbase_a-getpid.o)
                0x0011cbe0                _getpid_r
 .text.__getreent
                0x0011cbf4       0x2c C:/devkitPro/devkitARM/bin/../lib/gcc/arm-none-eabi/13.1.0/../../../../arm-none-eabi/lib/armv6k/fpu\libsysbase.a(libsysbase_libsysbase_a-getreent.o)
                0x0011cbf4                __getreent
 .text.__get_handle
                0x0011cc20       0x3c C:/devkitPro/devkitARM/bin/../lib/gcc/arm-none-eabi/13.1.0/../../../../arm-none-eabi/lib/armv6k/fpu\libsysbase.a(libsysbase_libsysbase_a-handle_manager.o)
                0x0011cc20                __get_handle
 .text._close_r
                0x0011cc5c       0xf4 C:/devkitPro/devkitARM/bin/../lib/gcc/arm-none-eabi/13.1.0/../../../../arm-none-eabi/lib/armv6k/fpu\libsysbase.a(libsysbase_libsysbase_a-handle_manager.o)
                0x0011cc5c                _close_r
 .text.null_write
                0x0011cd50        0x8 C:/devkitPro/devkitARM/bin/../lib/gcc/arm-none-eabi/13.1.0/../../../../arm-none-eabi/lib/armv6k/fpu\libsysbase.a(libsysbase_libsysbase_a-iosupport.o)
 .text.setDefaultDevice
                0x0011cd58       0x18 C:/devkitPro/devkitARM/bin/../lib/gcc/arm-none-eabi/13.1.0/../../../../arm-none-eabi/lib/armv6k/fpu\libsysbase.a(libsysbase_libsysbase_a-iosupport.o)
                0x0011cd58                setDefaultDevice
 .text.FindDevice
                0x0011cd70       0xc8 C:/devkitPro/devkitARM/bin/../lib/gcc/arm-none-eabi/13.1.0/../../../../arm-none-eabi/lib/armv6k/fpu\libsysbase.a(libsysbase_libsysbase_a-iosupport.o)
                0x0011cd70                FindDevice
 .text.RemoveDevice
                0x0011ce38       0x28 C:/devkitPro/devkitARM/bin/../lib/gcc/arm-none-eabi/13.1.0/../../../../arm-none-eabi/lib/armv6k/fpu\libsysbase.a(libsysbase_libsysbase_a-iosupport.o)
                0x0011ce38                RemoveDevice
 .text.AddDevice
                0x0011ce60       0x9c C:/devkitPro/devkitARM/bin/../lib/gcc/arm-none-eabi/13.1.0/../../../../arm-none-eabi/lib/armv6k/fpu\libsysbase.a(libsysbase_libsysbase_a-iosupport.o)
                0x0011ce60                AddDevice
 .text.GetDeviceOpTab
                0x0011cefc       0x20 C:/devkitPro/devkitARM/bin/../lib/gcc/arm-none-eabi/13.1.0/../../../../arm-none-eabi/lib/armv6k/fpu\libsysbase.a(libsysbase_libsysbase_a-iosupport.o)
                0x0011cefc                GetDeviceOpTab
 .text._isatty_r
                0x0011cf1c        0x8 C:/devkitPro/devkitARM/bin/../lib/gcc/arm-none-eabi/13.1.0/../../../../arm-none-eabi/lib/armv6k/fpu\libsysbase.a(libsysbase_libsysbase_a-isatty.o)
                0x0011cf1c                _isatty_r
 .text._kill_r  0x0011cf24       0x14 C:/devkitPro/devkitARM/bin/../lib/gcc/arm-none-eabi/13.1.0/../../../../arm-none-eabi/lib/armv6k/fpu\libsysbase.a(libsysbase_libsysbase_a-kill.o)
                0x0011cf24                _kill_r
 .text._lseek_r
                0x0011cf38       0x84 C:/devkitPro/devkitARM/bin/../lib/gcc/arm-none-eabi/13.1.0/../../../../arm-none-eabi/lib/armv6k/fpu\libsysbase.a(libsysbase_libsysbase_a-lseek.o)
                0x0011cf38                _lseek_r
 .text._read_r  0x0011cfbc       0x80 C:/devkitPro/devkitARM/bin/../lib/gcc/arm-none-eabi/13.1.0/../../../../arm-none-eabi/lib/armv6k/fpu\libsysbase.a(libsysbase_libsysbase_a-read.o)
                0x0011cfbc                _read_r
 .text._sbrk_r  0x0011d03c       0x78 C:/devkitPro/devkitARM/bin/../lib/gcc/arm-none-eabi/13.1.0/../../../../arm-none-eabi/lib/armv6k/fpu\libsysbase.a(libsysbase_libsysbase_a-sbrk.o)
                0x0011d03c                _sbrk_r
 .text.__libc_lock_acquire
                0x0011d0b4       0x1c C:/devkitPro/devkitARM/bin/../lib/gcc/arm-none-eabi/13.1.0/../../../../arm-none-eabi/lib/armv6k/fpu\libsysbase.a(libsysbase_libsysbase_a-syscall_support.o)
                0x0011d0b4                __libc_lock_acquire
 .text.__libc_lock_release
                0x0011d0d0       0x1c C:/devkitPro/devkitARM/bin/../lib/gcc/arm-none-eabi/13.1.0/../../../../arm-none-eabi/lib/armv6k/fpu\libsysbase.a(libsysbase_libsysbase_a-syscall_support.o)
                0x0011d0d0                __libc_lock_release
 .text.__libc_lock_acquire_recursive
                0x0011d0ec       0x1c C:/devkitPro/devkitARM/bin/../lib/gcc/arm-none-eabi/13.1.0/../../../../arm-none-eabi/lib/armv6k/fpu\libsysbase.a(libsysbase_libsysbase_a-syscall_support.o)
                0x0011d0ec                __libc_lock_acquire_recursive
 .text.__libc_lock_release_recursive
                0x0011d108       0x1c C:/devkitPro/devkitARM/bin/../lib/gcc/arm-none-eabi/13.1.0/../../../../arm-none-eabi/lib/armv6k/fpu\libsysbase.a(libsysbase_libsysbase_a-syscall_support.o)
                0x0011d108                __libc_lock_release_recursive
 .text._write_r
                0x0011d124       0x80 C:/devkitPro/devkitARM/bin/../lib/gcc/arm-none-eabi/13.1.0/../../../../arm-none-eabi/lib/armv6k/fpu\libsysbase.a(libsysbase_libsysbase_a-write.o)
                0x0011d124                _write_r
 .text.__fixdfdi
                0x0011d1a4       0x38 C:/devkitPro/devkitARM/bin/../lib/gcc/arm-none-eabi/13.1.0/armv6k/fpu\libgcc.a(_fixdfdi.o)
                0x0011d1a4                __fixdfdi
                0x0011d1a4                __aeabi_d2lz
 *fill*         0x0011d1dc        0x4 
 .text.__fixunsdfdi
                0x0011d1e0       0x40 C:/devkitPro/devkitARM/bin/../lib/gcc/arm-none-eabi/13.1.0/armv6k/fpu\libgcc.a(_fixunsdfdi.o)
                0x0011d1e0                __fixunsdfdi
                0x0011d1e0                __aeabi_d2ulz
 .text.strrchr  0x0011d220       0x48 C:/devkitPro/devkitARM/bin/../lib/gcc/arm-none-eabi/13.1.0/../../../../arm-none-eabi/lib/armv6k/fpu\libg.a(libc_a-strrchr.o)
                0x0011d220                strrchr
 *(.glue_7)
 .glue_7        0x0011d268        0x0 linker stubs
 *(.glue_7t)
 .glue_7t       0x0011d268        0x0 linker stubs
 *(.stub)
 *(.gnu.warning)
 *(.gnu.linkonce.t*)
                0x0011d268                        . = ALIGN (0x4)
 *(.fini)
 .fini          0x0011d268        0xc C:/devkitPro/devkitARM/bin/../lib/gcc/arm-none-eabi/13.1.0/armv6k/fpu/crti.o
                0x0011d268                _fini
 .fini          0x0011d274        0xc C:/devkitPro/devkitARM/bin/../lib/gcc/arm-none-eabi/13.1.0/armv6k/fpu/crtn.o
                0x0011d280                        . = ALIGN (0x4)

.vfp11_veneer   0x0011d280        0x0
 .vfp11_veneer  0x0011d280        0x0 linker stubs

.v4_bx          0x0011d280        0x0
 .v4_bx         0x0011d280        0x0 linker stubs

.iplt           0x0011d280        0x0
 .iplt          0x0011d280        0x0 C:/devkitPro/devkitARM/bin/../lib/gcc/arm-none-eabi/13.1.0/../../../../arm-none-eabi/lib/armv6k/fpu/3dsx_crt0.o
                0x0011e000                        . = ALIGN (0x1000)

.rodata         0x0011e000     0x47c4
 *(.rodata)
 .rodata        0x0011e000        0xc C:/devkitPro/libctru/lib\libctru.a(archive_dev.o)
 *(.roda)
 *(.rodata.*)
 .rodata.str1.4
                0x0011e00c        0x8 Main.o
 .rodata.parseColor.str1.4
                0x0011e014       0x1b C:/devkitPro/libctru/lib\libctru.a(console.o)
 *fill*         0x0011e02f        0x1 
 .rodata.con_write.str1.4
                0x0011e030       0x4a C:/devkitPro/libctru/lib\libctru.a(console.o)
 *fill*         0x0011e07a        0x2 
 .rodata.str1.4
                0x0011e07c       0x10 C:/devkitPro/libctru/lib\libctru.a(console.o)
 .rodata.dotab_stdout
                0x0011e08c       0x80 C:/devkitPro/libctru/lib\libctru.a(console.o)
 .rodata.grayScale
                0x0011e10c       0x18 C:/devkitPro/libctru/lib\libctru.a(console.o)
 .rodata.colorCube
                0x0011e124        0x6 C:/devkitPro/libctru/lib\libctru.a(console.o)
 *fill*         0x0011e12a        0x2 
 .rodata.colorTable
                0x0011e12c       0x30 C:/devkitPro/libctru/lib\libctru.a(console.o)
 .rodata.gspInit.str1.4
                0x0011e15c        0x9 C:/devkitPro/libctru/lib\libctru.a(gspgpu.o)
 *fill*         0x0011e165        0x3 
 .rodata.hidInit.str1.4
                0x0011e168       0x15 C:/devkitPro/libctru/lib\libctru.a(hid.o)
 *fill*         0x0011e17d        0x3 
 .rodata.aptSendCommand.str1.4
                0x0011e180       0x16 C:/devkitPro/libctru/lib\libctru.a(apt.o)
 *fill*         0x0011e196        0x2 
 .rodata.morton_y.2
                0x0011e198        0x8 C:/devkitPro/libctru/lib\libctru.a(apt.o)
 .rodata.morton_x.3
                0x0011e1a0        0x8 C:/devkitPro/libctru/lib\libctru.a(apt.o)
 .rodata.s_sleepWakeEvents.4
                0x0011e1a8        0x8 C:/devkitPro/libctru/lib\libctru.a(apt.o)
 .rodata.__system_initArgv.str1.4
                0x0011e1b0        0xa C:/devkitPro/libctru/lib\libctru.a(initArgv.o)
 *fill*         0x0011e1ba        0x2 
 .rodata.default_font_bin
                0x0011e1bc      0x800 C:/devkitPro/libctru/lib\libctru.a(default_font.bin.o)
                0x0011e1bc                default_font_bin
                0x0011e9bc                default_font_bin_end
 .rodata.srvInit.str1.4
                0x0011e9bc        0x5 C:/devkitPro/libctru/lib\libctru.a(srv.o)
 *fill*         0x0011e9c1        0x3 
 .rodata.irrstInit.str1.4
                0x0011e9c4        0x7 C:/devkitPro/libctru/lib\libctru.a(irrst.o)
 *fill*         0x0011e9cb        0x1 
 .rodata.ptmSysmInit.str1.4
                0x0011e9cc        0x9 C:/devkitPro/libctru/lib\libctru.a(ptmsysm.o)
 *fill*         0x0011e9d5        0x3 
 .rodata.archive_utf16path.str1.4
                0x0011e9d8        0x2 C:/devkitPro/libctru/lib\libctru.a(archive_dev.o)
 *fill*         0x0011e9da        0x2 
 .rodata._archiveUnmountDeviceStruct.part.0.str1.4
                0x0011e9dc        0x2 C:/devkitPro/libctru/lib\libctru.a(archive_dev.o)
 *fill*         0x0011e9de        0x2 
 .rodata._archiveMountDevice.str1.4
                0x0011e9e0        0x8 C:/devkitPro/libctru/lib\libctru.a(archive_dev.o)
                                  0xc (size before relaxing)
 .rodata.archiveMountSdmc.str1.4
                0x0011e9e8        0x5 C:/devkitPro/libctru/lib\libctru.a(archive_dev.o)
 *fill*         0x0011e9ed        0x3 
 .rodata.error_table
                0x0011e9f0       0x30 C:/devkitPro/libctru/lib\libctru.a(archive_dev.o)
 .rodata.str1.4
                0x0011ea20        0x8 C:/devkitPro/libctru/lib\libctru.a(archive_dev.o)
 .rodata.archive_devoptab
                0x0011ea28       0x80 C:/devkitPro/libctru/lib\libctru.a(archive_dev.o)
 .rodata.fsInit.str1.4
                0x0011eaa8        0x8 C:/devkitPro/libctru/lib\libctru.a(fs.o)
 .rodata._puts_r.str1.4
                0x0011eab0        0x2 C:/devkitPro/devkitARM/bin/../lib/gcc/arm-none-eabi/13.1.0/../../../../arm-none-eabi/lib/armv6k/fpu\libg.a(libc_a-puts.o)
 .rodata.__ssvfscanf_r.str1.1
                0x0011eab2        0x5 C:/devkitPro/devkitARM/bin/../lib/gcc/arm-none-eabi/13.1.0/../../../../arm-none-eabi/lib/armv6k/fpu\libg.a(libc_a-svfscanf.o)
                                  0x6 (size before relaxing)
 *fill*         0x0011eab7        0x1 
 .rodata.basefix.0
                0x0011eab8       0x22 C:/devkitPro/devkitARM/bin/../lib/gcc/arm-none-eabi/13.1.0/../../../../arm-none-eabi/lib/armv6k/fpu\libg.a(libc_a-svfscanf.o)
 *fill*         0x0011eada        0x2 
 .rodata._strtod_l.str1.4
                0x0011eadc       0x13 C:/devkitPro/devkitARM/bin/../lib/gcc/arm-none-eabi/13.1.0/../../../../arm-none-eabi/lib/armv6k/fpu\libg.a(libc_a-strtod.o)
                                 0x15 (size before relaxing)
 *fill*         0x0011eaef        0x1 
 .rodata.fpinan.0
                0x0011eaf0       0x14 C:/devkitPro/devkitARM/bin/../lib/gcc/arm-none-eabi/13.1.0/../../../../arm-none-eabi/lib/armv6k/fpu\libg.a(libc_a-strtod.o)
 .rodata.fpi.1  0x0011eb04       0x14 C:/devkitPro/devkitARM/bin/../lib/gcc/arm-none-eabi/13.1.0/../../../../arm-none-eabi/lib/armv6k/fpu\libg.a(libc_a-strtod.o)
 .rodata.tinytens
                0x0011eb18       0x28 C:/devkitPro/devkitARM/bin/../lib/gcc/arm-none-eabi/13.1.0/../../../../arm-none-eabi/lib/armv6k/fpu\libg.a(libc_a-strtod.o)
 .rodata.str1.4
                0x0011eb40       0x44 C:/devkitPro/devkitARM/bin/../lib/gcc/arm-none-eabi/13.1.0/../../../../arm-none-eabi/lib/armv6k/fpu\libg.a(libc_a-locale.o)
                                 0x4c (size before relaxing)
 .rodata._mbrtowc_r.str1.4
                0x0011eb84        0x1 C:/devkitPro/devkitARM/bin/../lib/gcc/arm-none-eabi/13.1.0/../../../../arm-none-eabi/lib/armv6k/fpu\libg.a(libc_a-mbrtowc.o)
 .rodata._ctype_
                0x0011eb84      0x101 C:/devkitPro/devkitARM/bin/../lib/gcc/arm-none-eabi/13.1.0/../../../../arm-none-eabi/lib/armv6k/fpu\libg.a(libc_a-ctype_.o)
                0x0011eb84                _ctype_
 *fill*         0x0011ec85        0x3 
 .rodata.categories
                0x0011ec88     0x3528 C:/devkitPro/devkitARM/bin/../lib/gcc/arm-none-eabi/13.1.0/../../../../arm-none-eabi/lib/armv6k/fpu\libg.a(libc_a-categories.o)
 .rodata.__gethex.str1.4
                0x001221b0       0x5e C:/devkitPro/devkitARM/bin/../lib/gcc/arm-none-eabi/13.1.0/../../../../arm-none-eabi/lib/armv6k/fpu\libg.a(libc_a-gdtoa-gethex.o)
                                 0x62 (size before relaxing)
 *fill*         0x0012220e        0x2 
 .rodata.__hexdig
                0x00122210      0x100 C:/devkitPro/devkitARM/bin/../lib/gcc/arm-none-eabi/13.1.0/../../../../arm-none-eabi/lib/armv6k/fpu\libg.a(libc_a-gdtoa-gethex.o)
                0x00122210                __hexdig
 .rodata._svfprintf_r.str1.1
                0x00122310       0x3b C:/devkitPro/devkitARM/bin/../lib/gcc/arm-none-eabi/13.1.0/../../../../arm-none-eabi/lib/armv6k/fpu\libg.a(libc_a-svfprintf.o)
 *fill*         0x0012234b        0x1 
 .rodata.zeroes.0
                0x0012234c       0x10 C:/devkitPro/devkitARM/bin/../lib/gcc/arm-none-eabi/13.1.0/../../../../arm-none-eabi/lib/armv6k/fpu\libg.a(libc_a-svfprintf.o)
 .rodata.blanks.1
                0x0012235c       0x10 C:/devkitPro/devkitARM/bin/../lib/gcc/arm-none-eabi/13.1.0/../../../../arm-none-eabi/lib/armv6k/fpu\libg.a(libc_a-svfprintf.o)
 .rodata.__multadd.str1.4
                0x0012236c       0x43 C:/devkitPro/devkitARM/bin/../lib/gcc/arm-none-eabi/13.1.0/../../../../arm-none-eabi/lib/armv6k/fpu\libg.a(libc_a-mprec.o)
                                 0x57 (size before relaxing)
 *fill*         0x001223af        0x1 
 .rodata.p05.0  0x001223b0        0xc C:/devkitPro/devkitARM/bin/../lib/gcc/arm-none-eabi/13.1.0/../../../../arm-none-eabi/lib/armv6k/fpu\libg.a(libc_a-mprec.o)
 *fill*         0x001223bc        0x4 
 .rodata.__mprec_bigtens
                0x001223c0       0x28 C:/devkitPro/devkitARM/bin/../lib/gcc/arm-none-eabi/13.1.0/../../../../arm-none-eabi/lib/armv6k/fpu\libg.a(libc_a-mprec.o)
                0x001223c0                __mprec_bigtens
 .rodata.__mprec_tens
                0x001223e8       0xc8 C:/devkitPro/devkitARM/bin/../lib/gcc/arm-none-eabi/13.1.0/../../../../arm-none-eabi/lib/armv6k/fpu\libg.a(libc_a-mprec.o)
                0x001223e8                __mprec_tens
 .rodata.__assert_func.str1.4
                0x001224b0       0x3f C:/devkitPro/devkitARM/bin/../lib/gcc/arm-none-eabi/13.1.0/../../../../arm-none-eabi/lib/armv6k/fpu\libg.a(libc_a-assert.o)
                                 0x43 (size before relaxing)
 *fill*         0x001224ef        0x1 
 .rodata.__action_table
                0x001224f0       0x6c C:/devkitPro/devkitARM/bin/../lib/gcc/arm-none-eabi/13.1.0/../../../../arm-none-eabi/lib/armv6k/fpu\libg.a(libc_a-svfiprintf.o)
                0x001224f0                __action_table
 .rodata.__state_table
                0x0012255c       0x6c C:/devkitPro/devkitARM/bin/../lib/gcc/arm-none-eabi/13.1.0/../../../../arm-none-eabi/lib/armv6k/fpu\libg.a(libc_a-svfiprintf.o)
                0x0012255c                __state_table
 .rodata.__chclass
                0x001225c8      0x100 C:/devkitPro/devkitARM/bin/../lib/gcc/arm-none-eabi/13.1.0/../../../../arm-none-eabi/lib/armv6k/fpu\libg.a(libc_a-svfiprintf.o)
                0x001225c8                __chclass
 .rodata._dtoa_r.str1.4
                0x001226c8       0x56 C:/devkitPro/devkitARM/bin/../lib/gcc/arm-none-eabi/13.1.0/../../../../arm-none-eabi/lib/armv6k/fpu\libg.a(libc_a-dtoa.o)
                                 0x6a (size before relaxing)
 .rodata._vfiprintf_r.str1.1
                0x0012271e       0x29 C:/devkitPro/devkitARM/bin/../lib/gcc/arm-none-eabi/13.1.0/../../../../arm-none-eabi/lib/armv6k/fpu\libg.a(libc_a-vfiprintf.o)
 *fill*         0x0012271e        0x2 
 .rodata.zeroes.0
                0x00122720       0x10 C:/devkitPro/devkitARM/bin/../lib/gcc/arm-none-eabi/13.1.0/../../../../arm-none-eabi/lib/armv6k/fpu\libg.a(libc_a-vfiprintf.o)
 .rodata.blanks.1
                0x00122730       0x10 C:/devkitPro/devkitARM/bin/../lib/gcc/arm-none-eabi/13.1.0/../../../../arm-none-eabi/lib/armv6k/fpu\libg.a(libc_a-vfiprintf.o)
 .rodata.AddDevice.str1.4
                0x00122740        0x8 C:/devkitPro/devkitARM/bin/../lib/gcc/arm-none-eabi/13.1.0/../../../../arm-none-eabi/lib/armv6k/fpu\libsysbase.a(libsysbase_libsysbase_a-iosupport.o)
 .rodata.dotab_stdnull
                0x00122740       0x80 C:/devkitPro/devkitARM/bin/../lib/gcc/arm-none-eabi/13.1.0/../../../../arm-none-eabi/lib/armv6k/fpu\libsysbase.a(libsysbase_libsysbase_a-iosupport.o)
                0x00122740                dotab_stdnull
 *all.rodata*(*)
 *(.gnu.linkonce.r*)
                0x001227c0                        . = ALIGN (0x4)
                0x001227c0                        __tdata_align = .
                0x001227c0        0x4 LONG 0x4 ALIGNOF (.tdata)
                0x001227c4                        . = ALIGN (0x4)

.eh_frame       0x001227c4        0x0
 .eh_frame      0x001227c4        0x0 C:/devkitPro/devkitARM/bin/../lib/gcc/arm-none-eabi/13.1.0/armv6k/fpu/crtbegin.o

.rel.dyn        0x001227c4        0x0
 .rel.iplt      0x001227c4        0x0 C:/devkitPro/devkitARM/bin/../lib/gcc/arm-none-eabi/13.1.0/../../../../arm-none-eabi/lib/armv6k/fpu/3dsx_crt0.o
 .rel.got       0x001227c4        0x0 C:/devkitPro/devkitARM/bin/../lib/gcc/arm-none-eabi/13.1.0/../../../../arm-none-eabi/lib/armv6k/fpu/3dsx_crt0.o

.ARM.extab
 *(.ARM.extab* .gnu.linkonce.armextab.*)
                0x001227c4                        __exidx_start = .

ARM.exidx
 *(.ARM.exidx* .gnu.linkonce.armexidx.*)
                0x001227c4                        __exidx_end = .
                0x00123000                        . = ALIGN (0x1000)

.data           0x00123000     0x1bcc
 *(.data)
 *(.data.*)
 .data.firstConsoleInit.0
                0x00123000        0x1 C:/devkitPro/libctru/lib\libctru.a(console.o)
 *fill*         0x00123001        0x3 
 .data.currentConsole
                0x00123004        0x4 C:/devkitPro/libctru/lib\libctru.a(console.o)
                0x00123004                currentConsole
 .data.defaultConsole
                0x00123008       0x48 C:/devkitPro/libctru/lib\libctru.a(console.o)
                0x00123008                defaultConsole
 .data.kCount   0x00123050        0x4 C:/devkitPro/libctru/lib\libctru.a(hid.o)
 .data.kInterval
                0x00123054        0x4 C:/devkitPro/libctru/lib\libctru.a(hid.o)
 .data.kDelay   0x00123058        0x4 C:/devkitPro/libctru/lib\libctru.a(hid.o)
 .data.aptChainloadDeliverArgSize
                0x0012305c        0x4 C:/devkitPro/libctru/lib\libctru.a(apt.o)
 .data.__stacksize__
                0x00123060        0x4 C:/devkitPro/libctru/lib\libctru.a(stack_adjust.o)
                0x00123060                __stacksize__
 .data.__malloc_sbrk_base
                0x00123064        0x4 C:/devkitPro/devkitARM/bin/../lib/gcc/arm-none-eabi/13.1.0/../../../../arm-none-eabi/lib/armv6k/fpu\libg.a(libc_a-mallocr.o)
                0x00123064                __malloc_sbrk_base
 .data.__malloc_trim_threshold
                0x00123068        0x4 C:/devkitPro/devkitARM/bin/../lib/gcc/arm-none-eabi/13.1.0/../../../../arm-none-eabi/lib/armv6k/fpu\libg.a(libc_a-mallocr.o)
                0x00123068                __malloc_trim_threshold
 *fill*         0x0012306c        0x4 
 .data.__malloc_av_
                0x00123070      0x408 C:/devkitPro/devkitARM/bin/../lib/gcc/arm-none-eabi/13.1.0/../../../../arm-none-eabi/lib/armv6k/fpu\libg.a(libc_a-mallocr.o)
                0x00123070                __malloc_av_
 .data.__sglue  0x00123478        0xc C:/devkitPro/devkitARM/bin/../lib/gcc/arm-none-eabi/13.1.0/../../../../arm-none-eabi/lib/armv6k/fpu\libg.a(libc_a-findfp.o)
                0x00123478                __sglue
 .data.__global_locale
                0x00123484      0x16c C:/devkitPro/devkitARM/bin/../lib/gcc/arm-none-eabi/13.1.0/../../../../arm-none-eabi/lib/armv6k/fpu\libg.a(libc_a-locale.o)
                0x00123484                __global_locale
 .data._impure_ptr
                0x001235f0        0x4 C:/devkitPro/devkitARM/bin/../lib/gcc/arm-none-eabi/13.1.0/../../../../arm-none-eabi/lib/armv6k/fpu\libg.a(libc_a-impure.o)
                0x001235f0                _impure_ptr
 *fill*         0x001235f4        0x4 
 .data._impure_data
                0x001235f8      0x120 C:/devkitPro/devkitARM/bin/../lib/gcc/arm-none-eabi/13.1.0/../../../../arm-none-eabi/lib/armv6k/fpu\libg.a(libc_a-impure.o)
                0x001235f8                _impure_data
 .data._current_working_directory
                0x00123718      0x400 C:/devkitPro/devkitARM/bin/../lib/gcc/arm-none-eabi/13.1.0/../../../../arm-none-eabi/lib/armv6k/fpu\libsysbase.a(libsysbase_libsysbase_a-chdir.o)
 .data.handles  0x00123b18     0x1000 C:/devkitPro/devkitARM/bin/../lib/gcc/arm-none-eabi/13.1.0/../../../../arm-none-eabi/lib/armv6k/fpu\libsysbase.a(libsysbase_libsysbase_a-handle_manager.o)
 .data.__stderr_handle
                0x00124b18        0xc C:/devkitPro/devkitARM/bin/../lib/gcc/arm-none-eabi/13.1.0/../../../../arm-none-eabi/lib/armv6k/fpu\libsysbase.a(libsysbase_libsysbase_a-handle_manager.o)
 .data.__stdout_handle
                0x00124b24        0xc C:/devkitPro/devkitARM/bin/../lib/gcc/arm-none-eabi/13.1.0/../../../../arm-none-eabi/lib/armv6k/fpu\libsysbase.a(libsysbase_libsysbase_a-handle_manager.o)
 .data.__stdin_handle
                0x00124b30        0xc C:/devkitPro/devkitARM/bin/../lib/gcc/arm-none-eabi/13.1.0/../../../../arm-none-eabi/lib/armv6k/fpu\libsysbase.a(libsysbase_libsysbase_a-handle_manager.o)
 .data.devoptab_list
                0x00124b3c       0x8c C:/devkitPro/devkitARM/bin/../lib/gcc/arm-none-eabi/13.1.0/../../../../arm-none-eabi/lib/armv6k/fpu\libsysbase.a(libsysbase_libsysbase_a-iosupport.o)
                0x00124b3c                devoptab_list
 .data.defaultDevice
                0x00124bc8        0x4 C:/devkitPro/devkitARM/bin/../lib/gcc/arm-none-eabi/13.1.0/../../../../arm-none-eabi/lib/armv6k/fpu\libsysbase.a(libsysbase_libsysbase_a-iosupport.o)
 *(.gnu.linkonce.d*)
                0x00124bcc                        . = ALIGN (0x4)

.igot.plt       0x00124bcc        0x0
 .igot.plt      0x00124bcc        0x0 C:/devkitPro/devkitARM/bin/../lib/gcc/arm-none-eabi/13.1.0/../../../../arm-none-eabi/lib/armv6k/fpu/3dsx_crt0.o

.got            0x00124bcc        0x8
 .got           0x00124bcc        0x8 C:/devkitPro/devkitARM/bin/../lib/gcc/arm-none-eabi/13.1.0/../../../../arm-none-eabi/lib/armv6k/fpu/3dsx_crt0.o

.got.plt        0x00124bd4        0xc
 .got.plt       0x00124bd4        0xc C:/devkitPro/devkitARM/bin/../lib/gcc/arm-none-eabi/13.1.0/../../../../arm-none-eabi/lib/armv6k/fpu/3dsx_crt0.o
                0x00124bd4                _GLOBAL_OFFSET_TABLE_

.tdata          0x00124be0        0x0
                0x00124be0                        __tdata_lma = .
 *(.tdata)
 *(.tdata.*)
 *(.gnu.linkonce.td.*)
                0x00124be0                        . = ALIGN (0x4)
                0x00124be0                        __tdata_lma_end = .

.tbss           0x00124be0      0xc08
 *(.tbss)
 *(.tbss.*)
 .tbss.__ctru_dev_utf16_buf
                0x00124be0      0x802 C:/devkitPro/libctru/lib\libctru.a(path_buf.o)
                0x00124be0                __ctru_dev_utf16_buf
 *fill*         0x001253e2        0x2 
 .tbss.__ctru_dev_path_buf
                0x001253e4      0x401 C:/devkitPro/libctru/lib\libctru.a(path_buf.o)
                0x001253e4                __ctru_dev_path_buf
 *(.gnu.linkonce.tb.*)
 *(.tcommon)
                0x001257e8                        . = ALIGN (0x4)
 *fill*         0x001257e5        0x3 

.preinit_array  0x00124be0        0x0
                0x00124be0                        PROVIDE (__preinit_array_start = .)
 *(.preinit_array)
                0x00124be0                        PROVIDE (__preinit_array_end = .)

.init_array     0x00124be0        0x4
                0x00124be0                        PROVIDE (__init_array_start = .)
 *(SORT_BY_NAME(.init_array.*))
 *(.init_array)
 .init_array    0x00124be0        0x4 C:/devkitPro/devkitARM/bin/../lib/gcc/arm-none-eabi/13.1.0/armv6k/fpu/crtbegin.o
                0x00124be4                        PROVIDE (__init_array_end = .)

.fini_array     0x00124be4        0x4
                0x00124be4                        PROVIDE (__fini_array_start = .)
 *(.fini_array)
 .fini_array    0x00124be4        0x4 C:/devkitPro/devkitARM/bin/../lib/gcc/arm-none-eabi/13.1.0/armv6k/fpu/crtbegin.o
 *(SORT_BY_NAME(.fini_array.*))
                0x00124be8                        PROVIDE (__fini_array_end = .)

.ctors
 *crtbegin.o(.ctors)
 *(EXCLUDE_FILE(*crtend.o) .ctors)
 *(SORT_BY_NAME(.ctors.*))
 *(.ctors)

.dtors
 *crtbegin.o(.dtors)
 *(EXCLUDE_FILE(*crtend.o) .dtors)
 *(SORT_BY_NAME(.dtors.*))
 *(.dtors)
                0x00124be8                        __bss_start__ = .

.bss            0x00124be8     0x2dc4
 *(.dynbss)
 *(.bss)
 *(.bss.*)
 .bss.completed.1
                0x00124be8        0x1 C:/devkitPro/devkitARM/bin/../lib/gcc/arm-none-eabi/13.1.0/armv6k/fpu/crtbegin.o
 *fill*         0x00124be9        0x3 
 .bss.object.0  0x00124bec       0x18 C:/devkitPro/devkitARM/bin/../lib/gcc/arm-none-eabi/13.1.0/armv6k/fpu/crtbegin.o
 .bss.currentCopy
                0x00124c04       0x48 C:/devkitPro/libctru/lib\libctru.a(console.o)
                0x00124c04                currentCopy
 .bss.screenAlloc
                0x00124c4c        0x4 C:/devkitPro/libctru/lib\libctru.a(gfx.o)
 .bss.screenFree
                0x00124c50        0x4 C:/devkitPro/libctru/lib\libctru.a(gfx.o)
 .bss.gfxIsDoubleBuf
                0x00124c54        0x2 C:/devkitPro/libctru/lib\libctru.a(gfx.o)
 *fill*         0x00124c56        0x2 
 .bss.gfxCurBuf
                0x00124c58        0x2 C:/devkitPro/libctru/lib\libctru.a(gfx.o)
 .bss.gfxIsVram
                0x00124c5a        0x1 C:/devkitPro/libctru/lib\libctru.a(gfx.o)
 .bss.gfxTopMode
                0x00124c5b        0x1 C:/devkitPro/libctru/lib\libctru.a(gfx.o)
 .bss.gfxFramebufferFormats
                0x00124c5c        0x2 C:/devkitPro/libctru/lib\libctru.a(gfx.o)
 *fill*         0x00124c5e        0x2 
 .bss.gfxBottomFramebufferMaxSize