Archive member included to satisfy reference by file (symbol)

C:/devkitPro/libctru/lib\libctru.a(initArgv.o)
                              C:/devkitPro/devkitARM/bin/../lib/gcc/arm-none-eabi/13.1.0/../../../../arm-none-eabi/lib/armv6k/fpu/3dsx_crt0.o (__system_argc)
C:/devkitPro/libctru/lib\libctru.a(stack_adjust.o)
                              C:/devkitPro/devkitARM/bin/../lib/gcc/arm-none-eabi/13.1.0/../../../../arm-none-eabi/lib/armv6k/fpu/3dsx_crt0.o (initSystem)
C:/devkitPro/libctru/lib\libctru.a(3dslink.o)
                              C:/devkitPro/libctru/lib\libctru.a(initArgv.o) (__3dslink_host)
C:/devkitPro/libctru/lib\libctru.a(soc_connect.o)
                              C:/devkitPro/libctru/lib\libctru.a(3dslink.o) (connect)
C:/devkitPro/libctru/lib\libctru.a(soc_socket.o)
                              C:/devkitPro/libctru/lib\libctru.a(3dslink.o) (socket)
C:/devkitPro/libctru/lib\libctru.a(soc_common.o)
                              C:/devkitPro/libctru/lib\libctru.a(soc_connect.o) (_net_convert_error)
C:/devkitPro/libctru/lib\libctru.a(appInit.o)
                              C:/devkitPro/libctru/lib\libctru.a(stack_adjust.o) (__appInit)
C:/devkitPro/libctru/lib\libctru.a(appExit.o)
                              C:/devkitPro/libctru/lib\libctru.a(stack_adjust.o) (__appExit)
C:/devkitPro/libctru/lib\libctru.a(ctru_init.o)
                              C:/devkitPro/libctru/lib\libctru.a(stack_adjust.o) (__libctru_init)
C:/devkitPro/libctru/lib\libctru.a(ctru_exit.o)
                              C:/devkitPro/libctru/lib\libctru.a(stack_adjust.o) (__libctru_exit)
C:/devkitPro/libctru/lib\libctru.a(svc.o)
                              C:/devkitPro/libctru/lib\libctru.a(ctru_exit.o) (svcControlMemory)
C:/devkitPro/libctru/lib\libctru.a(env.o)
                              C:/devkitPro/libctru/lib\libctru.a(ctru_exit.o) (envDestroyHandles)
C:/devkitPro/libctru/lib\libctru.a(synchronization.o)
                              C:/devkitPro/libctru/lib\libctru.a(ctru_init.o) (__sync_init)
C:/devkitPro/libctru/lib\libctru.a(srv.o)
                              C:/devkitPro/libctru/lib\libctru.a(appInit.o) (srvInit)
C:/devkitPro/libctru/lib\libctru.a(archive_dev.o)
                              C:/devkitPro/libctru/lib\libctru.a(appInit.o) (archiveMountSdmc)
C:/devkitPro/libctru/lib\libctru.a(hid.o)
                              C:/devkitPro/libctru/lib\libctru.a(appInit.o) (hidInit)
C:/devkitPro/libctru/lib\libctru.a(apt.o)
                              C:/devkitPro/libctru/lib\libctru.a(appExit.o) (aptExit)
C:/devkitPro/libctru/lib\libctru.a(srvpm.o)
                              C:/devkitPro/libctru/lib\libctru.a(srv.o) (srvPmGetSessionHandle)
C:/devkitPro/libctru/lib\libctru.a(fs.o)
                              C:/devkitPro/libctru/lib\libctru.a(appInit.o) (fsInit)
C:/devkitPro/libctru/lib\libctru.a(utf8_to_utf16.o)
                              C:/devkitPro/libctru/lib\libctru.a(archive_dev.o) (utf8_to_utf16)
C:/devkitPro/libctru/lib\libctru.a(decode_utf8.o)
                              C:/devkitPro/libctru/lib\libctru.a(archive_dev.o) (decode_utf8)
C:/devkitPro/libctru/lib\libctru.a(utf16_to_utf8.o)
                              C:/devkitPro/libctru/lib\libctru.a(archive_dev.o) (utf16_to_utf8)
C:/devkitPro/libctru/lib\libctru.a(syscalls.o)
                              C:/devkitPro/libctru/lib\libctru.a(ctru_init.o) (__system_initSyscalls)
C:/devkitPro/libctru/lib\libctru.a(allocateHeaps.o)
                              C:/devkitPro/libctru/lib\libctru.a(ctru_init.o) (__system_allocateHeaps)
C:/devkitPro/libctru/lib\libctru.a(readtp.o)
                              C:/devkitPro/libctru/lib\libctru.a(archive_dev.o) (__aeabi_read_tp)
C:/devkitPro/libctru/lib\libctru.a(os.o)
                              C:/devkitPro/libctru/lib\libctru.a(syscalls.o) (osGetTime)
C:/devkitPro/libctru/lib\libctru.a(path_buf.o)
                              C:/devkitPro/libctru/lib\libctru.a(archive_dev.o) (__ctru_dev_utf16_buf)
C:/devkitPro/libctru/lib\libctru.a(thread.o)
                              C:/devkitPro/libctru/lib\libctru.a(apt.o) (threadCreate)
C:/devkitPro/libctru/lib\libctru.a(mappable.o)
                              C:/devkitPro/libctru/lib\libctru.a(allocateHeaps.o) (mappableInit)
C:/devkitPro/libctru/lib\libctru.a(irrst.o)
                              C:/devkitPro/libctru/lib\libctru.a(hid.o) (irrstInit)
C:/devkitPro/libctru/lib\libctru.a(gspgpu.o)
                              C:/devkitPro/libctru/lib\libctru.a(apt.o) (GSPGPU_SetLcdForceBlack)
C:/devkitPro/libctru/lib\libctru.a(ptmsysm.o)
                              C:/devkitPro/libctru/lib\libctru.a(os.o) (ptmSysmInit)
C:/devkitPro/libctru/lib\libctru.a(encode_utf16.o)
                              C:/devkitPro/libctru/lib\libctru.a(utf8_to_utf16.o) (encode_utf16)
C:/devkitPro/libctru/lib\libctru.a(encode_utf8.o)
[...]
Memory Configuration

Name             Origin             Length             Attributes
*default*        0x00000000         0xffffffff

Linker script and memory map

                0x00100000                        PROVIDE (__start__ = 0x100000)
                0x00100000                        . = __start__

.text           0x00100000     0x7b30
 *(.crt0)
 .crt0          0x00100000       0x94 C:/devkitPro/devkitARM/bin/../lib/gcc/arm-none-eabi/13.1.0/../../../../arm-none-eabi/lib/armv6k/fpu/3dsx_crt0.o
                0x00100000                _start
                0x00100008                __service_ptr
                0x0010000c                __apt_appid
                0x00100010                __heap_size
                0x00100014                __linear_heap_size
                0x00100018                __system_arglist
                0x0010001c                __system_runflags
 *(.init)
 .init          0x00100094        0xc C:/devkitPro/devkitARM/bin/../lib/gcc/arm-none-eabi/13.1.0/armv6k/fpu/crti.o
                0x00100094                _init
 .init          0x001000a0        0xc C:/devkitPro/devkitARM/bin/../lib/gcc/arm-none-eabi/13.1.0/armv6k/fpu/crtn.o
                0x001000ac                        . = ALIGN (0x4)
 *(.text)
 .text          0x001000ac        0x4 C:/devkitPro/devkitARM/bin/../lib/gcc/arm-none-eabi/13.1.0/armv6k/fpu\libgcc.a(_dvmd_tls.o)
                0x001000ac                __aeabi_idiv0
                0x001000ac                __aeabi_ldiv0
 *fill*         0x001000b0       0x10 
 .text          0x001000c0      0x390 C:/devkitPro/devkitARM/bin/../lib/gcc/arm-none-eabi/13.1.0/../../../../arm-none-eabi/lib/armv6k/fpu\libg.a(libc_a-strcmp.o)
                0x001000c8                strcmp
 .text          0x00100450      0x20c C:/devkitPro/devkitARM/bin/../lib/gcc/arm-none-eabi/13.1.0/armv6k/fpu\libgcc.a(_udivsi3.o)
                0x00100450                __aeabi_uidiv
                0x00100450                __udivsi3
                0x0010063c                __aeabi_uidivmod
 *(.text.*)
 .text.__do_global_dtors_aux
                0x0010065c       0x40 C:/devkitPro/devkitARM/bin/../lib/gcc/arm-none-eabi/13.1.0/armv6k/fpu/crtbegin.o
 .text.frame_dummy
                0x0010069c       0x2c C:/devkitPro/devkitARM/bin/../lib/gcc/arm-none-eabi/13.1.0/armv6k/fpu/crtbegin.o
 .text.__system_initArgv
                0x001006c8      0x170 C:/devkitPro/libctru/lib\libctru.a(initArgv.o)
                0x001006c8                __system_initArgv
 .text.initSystem
                0x00100838       0x50 C:/devkitPro/libctru/lib\libctru.a(stack_adjust.o)
                0x00100838                initSystem
 .text.__ctru_exit
                0x00100888       0x18 C:/devkitPro/libctru/lib\libctru.a(stack_adjust.o)
                0x00100888                __ctru_exit
 .text.__appInit
                0x001008a0       0x30 C:/devkitPro/libctru/lib\libctru.a(appInit.o)
                0x001008a0                __appInit
 .text.__appExit
                0x001008d0       0x30 C:/devkitPro/libctru/lib\libctru.a(appExit.o)
                0x001008d0                __appExit
 .text.__libctru_init
                0x00100900       0x38 C:/devkitPro/libctru/lib\libctru.a(ctru_init.o)
                0x00100900                __libctru_init
 .text.__libctru_exit
                0x00100938       0x90 C:/devkitPro/libctru/lib\libctru.a(ctru_exit.o)
                0x00100938                __libctru_exit
 .text.svcControlMemory
                0x001009c8       0x20 C:/devkitPro/libctru/lib\libctru.a(svc.o)
                0x001009c8                svcControlMemory
 .text.svcQueryMemory
                0x001009e8       0x30 C:/devkitPro/libctru/lib\libctru.a(svc.o)
                0x001009e8                svcQueryMemory
 .text.svcExitProcess
                0x00100a18        0x8 C:/devkitPro/libctru/lib\libctru.a(svc.o)
                0x00100a18                svcExitProcess
 .text.svcCreateThread
                0x00100a20       0x20 C:/devkitPro/libctru/lib\libctru.a(svc.o)
                0x00100a20                svcCreateThread
 .text.svcExitThread
                0x00100a40        0x8 C:/devkitPro/libctru/lib\libctru.a(svc.o)
                0x00100a40                svcExitThread
 .text.svcSleepThread
                0x00100a48        0x8 C:/devkitPro/libctru/lib\libctru.a(svc.o)
                0x00100a48                svcSleepThread
 .text.svcReleaseMutex
                0x00100a50        0x8 C:/devkitPro/libctru/lib\libctru.a(svc.o)
                0x00100a50                svcReleaseMutex
 .text.svcSignalEvent
                0x00100a58        0x8 C:/devkitPro/libctru/lib\libctru.a(svc.o)
                0x00100a58                svcSignalEvent
 .text.svcClearEvent
                0x00100a60        0x8 C:/devkitPro/libctru/lib\libctru.a(svc.o)
                0x00100a60                svcClearEvent
 .text.svcMapMemoryBlock
                0x00100a68        0x8 C:/devkitPro/libctru/lib\libctru.a(svc.o)
                0x00100a68                svcMapMemoryBlock
 .text.svcUnmapMemoryBlock
                0x00100a70        0x8 C:/devkitPro/libctru/lib\libctru.a(svc.o)
                0x00100a70                svcUnmapMemoryBlock
 .text.svcCreateAddressArbiter
                0x00100a78       0x14 C:/devkitPro/libctru/lib\libctru.a(svc.o)
                0x00100a78                svcCreateAddressArbiter
 .text.svcArbitrateAddressNoTimeout
                0x00100a8c        0x8 C:/devkitPro/libctru/lib\libctru.a(svc.o)
                0x00100a8c                svcArbitrateAddressNoTimeout
 .text.svcCloseHandle
                0x00100a94        0x8 C:/devkitPro/libctru/lib\libctru.a(svc.o)
                0x00100a94                svcCloseHandle
 .text.svcWaitSynchronization
                0x00100a9c        0x8 C:/devkitPro/libctru/lib\libctru.a(svc.o)
                0x00100a9c                svcWaitSynchronization
 .text.svcWaitSynchronizationN
                0x00100aa4       0x28 C:/devkitPro/libctru/lib\libctru.a(svc.o)
                0x00100aa4                svcWaitSynchronizationN
 .text.svcDuplicateHandle
                0x00100acc       0x14 C:/devkitPro/libctru/lib\libctru.a(svc.o)
                0x00100acc                svcDuplicateHandle
 .text.svcConnectToPort
                0x00100ae0       0x14 C:/devkitPro/libctru/lib\libctru.a(svc.o)
                0x00100ae0                svcConnectToPort
 .text.svcSendSyncRequest
                0x00100af4        0x8 C:/devkitPro/libctru/lib\libctru.a(svc.o)
                0x00100af4                svcSendSyncRequest
 .text.svcGetResourceLimit
                0x00100afc       0x14 C:/devkitPro/libctru/lib\libctru.a(svc.o)
                0x00100afc                svcGetResourceLimit
 .text.svcGetResourceLimitLimitValues
                0x00100b10        0x8 C:/devkitPro/libctru/lib\libctru.a(svc.o)
                0x00100b10                svcGetResourceLimitLimitValues
 .text.svcGetResourceLimitCurrentValues
                0x00100b18        0x8 C:/devkitPro/libctru/lib\libctru.a(svc.o)
                0x00100b18                svcGetResourceLimitCurrentValues
 .text.svcBreak
                0x00100b20        0x8 C:/devkitPro/libctru/lib\libctru.a(svc.o)
                0x00100b20                svcBreak
 .text.envGetHandle
                0x00100b28       0x84 C:/devkitPro/libctru/lib\libctru.a(env.o)
                0x00100b28                envGetHandle
 .text.envDestroyHandles
                0x00100bac       0x50 C:/devkitPro/libctru/lib\libctru.a(env.o)
                0x00100bac                envDestroyHandles
 .text.__sync_init
                0x00100bfc        0xc C:/devkitPro/libctru/lib\libctru.a(synchronization.o)
                0x00100bfc                __sync_init
 .text.__sync_fini
                0x00100c08       0x18 C:/devkitPro/libctru/lib\libctru.a(synchronization.o)
                0x00100c08                __sync_fini
 .text.LightLock_Lock
                0x00100c20       0xac C:/devkitPro/libctru/lib\libctru.a(synchronization.o)
                0x00100c20                LightLock_Lock
 .text.RecursiveLock_Lock
                0x00100ccc       0x30 C:/devkitPro/libctru/lib\libctru.a(synchronization.o)
                0x00100ccc                RecursiveLock_Lock
 .text.RecursiveLock_Unlock
                0x00100cfc       0x54 C:/devkitPro/libctru/lib\libctru.a(synchronization.o)
                0x00100cfc                RecursiveLock_Unlock
 .text.LightEvent_Init
                0x00100d50       0x40 C:/devkitPro/libctru/lib\libctru.a(synchronization.o)
                0x00100d50                LightEvent_Init
 .text.LightEvent_Clear
                0x00100d90       0xa4 C:/devkitPro/libctru/lib\libctru.a(synchronization.o)
                0x00100d90                LightEvent_Clear
 .text.LightEvent_Signal
                0x00100e34       0xc8 C:/devkitPro/libctru/lib\libctru.a(synchronization.o)
                0x00100e34                LightEvent_Signal
 .text.LightEvent_TryWait
                0x00100efc       0x50 C:/devkitPro/libctru/lib\libctru.a(synchronization.o)
                0x00100efc                LightEvent_TryWait
 .text.LightEvent_Wait
                0x00100f4c       0xa0 C:/devkitPro/libctru/lib\libctru.a(synchronization.o)
                0x00100f4c                LightEvent_Wait
 .text.srvInit  0x00100fec      0x12c C:/devkitPro/libctru/lib\libctru.a(srv.o)
                0x00100fec                srvInit
 .text.srvExit  0x00101118       0x58 C:/devkitPro/libctru/lib\libctru.a(srv.o)
                0x00101118                srvExit
 .text.srvEnableNotification
                0x00101170       0x60 C:/devkitPro/libctru/lib\libctru.a(srv.o)
                0x00101170                srvEnableNotification
 .text.srvGetServiceHandleDirect
                0x001011d0       0xa0 C:/devkitPro/libctru/lib\libctru.a(srv.o)
                0x001011d0                srvGetServiceHandleDirect
 .text.srvGetServiceHandle
                0x00101270       0x38 C:/devkitPro/libctru/lib\libctru.a(srv.o)
                0x00101270                srvGetServiceHandle
 .text.srvSubscribe
                0x001012a8       0x34 C:/devkitPro/libctru/lib\libctru.a(srv.o)
                0x001012a8                srvSubscribe
 .text.srvReceiveNotification
                0x001012dc       0x60 C:/devkitPro/libctru/lib\libctru.a(srv.o)
                0x001012dc                srvReceiveNotification
 .text.srvPublishToSubscriber
                0x0010133c       0x38 C:/devkitPro/libctru/lib\libctru.a(srv.o)
                0x0010133c                srvPublishToSubscriber
 .text.archive_link
                0x00101374       0x14 C:/devkitPro/libctru/lib\libctru.a(archive_dev.o)
 .text.archive_dirreset
                0x00101388       0x14 C:/devkitPro/libctru/lib\libctru.a(archive_dev.o)
 .text.archive_chmod
                0x0010139c       0x14 C:/devkitPro/libctru/lib\libctru.a(archive_dev.o)
 .text.error_cmp
                0x001013b0       0x24 C:/devkitPro/libctru/lib\libctru.a(archive_dev.o)
 .text.archive_translate_error
                0x001013d4       0x50 C:/devkitPro/libctru/lib\libctru.a(archive_dev.o)
 .text.archive_seek
                0x00101424       0xc8 C:/devkitPro/libctru/lib\libctru.a(archive_dev.o)
 .text._archiveInit.part.0
                0x001014ec       0x7c C:/devkitPro/libctru/lib\libctru.a(archive_dev.o)
 .text.archiveFindDevice.part.0
                0x00101568       0xc4 C:/devkitPro/libctru/lib\libctru.a(archive_dev.o)
 .text.archive_utf16path
                0x0010162c      0x280 C:/devkitPro/libctru/lib\libctru.a(archive_dev.o)
 .text._archiveUnmountDeviceStruct.part.0
                0x001018ac       0x9c C:/devkitPro/libctru/lib\libctru.a(archive_dev.o)
 .text.archive_fchmod
                0x00101948       0x14 C:/devkitPro/libctru/lib\libctru.a(archive_dev.o)
 .text.archive_statvfs
                0x0010195c       0x14 C:/devkitPro/libctru/lib\libctru.a(archive_dev.o)
 .text._archiveMountDevice
                0x00101970      0x164 C:/devkitPro/libctru/lib\libctru.a(archive_dev.o)
 .text.archive_diropen
                0x00101ad4       0xe8 C:/devkitPro/libctru/lib\libctru.a(archive_dev.o)
 .text.archive_fstat
                0x00101bbc       0xa4 C:/devkitPro/libctru/lib\libctru.a(archive_dev.o)
 .text.archive_fsync
                0x00101c60       0x6c C:/devkitPro/libctru/lib\libctru.a(archive_dev.o)
 .text.archive_close
                0x00101ccc       0x6c C:/devkitPro/libctru/lib\libctru.a(archive_dev.o)
 .text.archive_dirclose
                0x00101d38       0x70 C:/devkitPro/libctru/lib\libctru.a(archive_dev.o)
 .text.sdmc_statvfs
                0x00101da8       0xe8 C:/devkitPro/libctru/lib\libctru.a(archive_dev.o)
 .text.archive_chdir
                0x00101e90       0xec C:/devkitPro/libctru/lib\libctru.a(archive_dev.o)
 .text.archive_ftruncate
                0x00101f7c       0x7c C:/devkitPro/libctru/lib\libctru.a(archive_dev.o)
 .text.archive_read
                0x00101ff8       0xac C:/devkitPro/libctru/lib\libctru.a(archive_dev.o)
 .text.archive_unlink
                0x001020a4       0xa4 C:/devkitPro/libctru/lib\libctru.a(archive_dev.o)
 .text.archive_rmdir
                0x00102148       0xbc C:/devkitPro/libctru/lib\libctru.a(archive_dev.o)
 .text.archive_mkdir
                0x00102204       0xdc C:/devkitPro/libctru/lib\libctru.a(archive_dev.o)
 .text.archive_stat
                0x001022e0      0x194 C:/devkitPro/libctru/lib\libctru.a(archive_dev.o)
 .text.archive_dirnext
                0x00102474      0x160 C:/devkitPro/libctru/lib\libctru.a(archive_dev.o)
 .text.archive_write
                0x001025d4      0x124 C:/devkitPro/libctru/lib\libctru.a(archive_dev.o)
 .text.archive_open
                0x001026f8      0x20c C:/devkitPro/libctru/lib\libctru.a(archive_dev.o)
 .text.archive_rename
                0x00102904      0x278 C:/devkitPro/libctru/lib\libctru.a(archive_dev.o)
 .text.archiveMountSdmc
                0x00102b7c      0x19c C:/devkitPro/libctru/lib\libctru.a(archive_dev.o)
                0x00102b7c                archiveMountSdmc
 .text.archiveUnmountAll
                0x00102d18       0x54 C:/devkitPro/libctru/lib\libctru.a(archive_dev.o)
                0x00102d18                archiveUnmountAll
 .text.hidShouldUseIrrst
                0x00102d6c       0x24 C:/devkitPro/libctru/lib\libctru.a(hid.o)
                0x00102d6c                hidShouldUseIrrst
 .text.hidInit  0x00102d90      0x18c C:/devkitPro/libctru/lib\libctru.a(hid.o)
                0x00102d90                hidInit
 .text.hidExit  0x00102f1c       0xe8 C:/devkitPro/libctru/lib\libctru.a(hid.o)
                0x00102f1c                hidExit
 .text.aptDspSleep
                0x00103004        0x8 C:/devkitPro/libctru/lib\libctru.a(apt.o)
                0x00103004                aptDspSleep
 .text.aptDspWakeup
                0x0010300c        0x4 C:/devkitPro/libctru/lib\libctru.a(apt.o)
                0x0010300c                aptDspWakeup
 .text.aptDspCancel
                0x00103010        0x4 C:/devkitPro/libctru/lib\libctru.a(apt.o)
                0x00103010                aptDspCancel
 .text.aptSendCommand
                0x00103014      0x158 C:/devkitPro/libctru/lib\libctru.a(apt.o)
                0x00103014                aptSendCommand
 *fill*         0x0010316c        0x4 
 .text.aptExitProcess
                0x00103170       0x44 C:/devkitPro/libctru/lib\libctru.a(apt.o)
 .text.aptExit  0x001031b4      0x38c C:/devkitPro/libctru/lib\libctru.a(apt.o)
                0x001031b4                aptExit
 .text.APT_SleepIfShellClosed
                0x00103540       0x84 C:/devkitPro/libctru/lib\libctru.a(apt.o)
                0x00103540                APT_SleepIfShellClosed
 .text.APT_UnlockTransition
                0x001035c4       0x84 C:/devkitPro/libctru/lib\libctru.a(apt.o)
                0x001035c4                APT_UnlockTransition
 .text.aptEventHandler
                0x00103648      0x4a4 C:/devkitPro/libctru/lib\libctru.a(apt.o)
 .text.APT_ReceiveParameter
                0x00103aec       0xb0 C:/devkitPro/libctru/lib\libctru.a(apt.o)
                0x00103aec                APT_ReceiveParameter
 .text.aptReceiveParameter.constprop.0
                0x00103b9c       0xac C:/devkitPro/libctru/lib\libctru.a(apt.o)
 .text.aptWaitForWakeUp.isra.0
                0x00103c48      0x320 C:/devkitPro/libctru/lib\libctru.a(apt.o)
 .text.aptInit  0x00103f68      0x22c C:/devkitPro/libctru/lib\libctru.a(apt.o)
                0x00103f68                aptInit
 .text.APT_CheckNew3DS
                0x00104194       0x7c C:/devkitPro/libctru/lib\libctru.a(apt.o)
                0x00104194                APT_CheckNew3DS
 .text.srvPmGetSessionHandle
                0x00104210        0xc C:/devkitPro/libctru/lib\libctru.a(srvpm.o)
                0x00104210                srvPmGetSessionHandle
 .text.fsInit   0x0010421c       0xcc C:/devkitPro/libctru/lib\libctru.a(fs.o)
                0x0010421c                fsInit
 .text.fsExit   0x001042e8       0x3c C:/devkitPro/libctru/lib\libctru.a(fs.o)
                0x001042e8                fsExit
 .text.fsExemptFromSession
                0x00104324       0x60 C:/devkitPro/libctru/lib\libctru.a(fs.o)
                0x00104324                fsExemptFromSession
 .text.fsUnexemptFromSession
                0x00104384       0x50 C:/devkitPro/libctru/lib\libctru.a(fs.o)
                0x00104384                fsUnexemptFromSession
 .text.FSUSER_OpenFile
                0x001043d4       0xcc C:/devkitPro/libctru/lib\libctru.a(fs.o)
                0x001043d4                FSUSER_OpenFile
 .text.FSUSER_DeleteFile
                0x001044a0       0xbc C:/devkitPro/libctru/lib\libctru.a(fs.o)
                0x001044a0                FSUSER_DeleteFile
 .text.FSUSER_RenameFile
                0x0010455c       0xf8 C:/devkitPro/libctru/lib\libctru.a(fs.o)
                0x0010455c                FSUSER_RenameFile
 .text.FSUSER_DeleteDirectory
                0x00104654       0xbc C:/devkitPro/libctru/lib\libctru.a(fs.o)
                0x00104654                FSUSER_DeleteDirectory
 .text.FSUSER_CreateFile
                0x00104710       0xd4 C:/devkitPro/libctru/lib\libctru.a(fs.o)
                0x00104710                FSUSER_CreateFile
 .text.FSUSER_CreateDirectory
                0x001047e4       0xc4 C:/devkitPro/libctru/lib\libctru.a(fs.o)
                0x001047e4                FSUSER_CreateDirectory
 .text.FSUSER_RenameDirectory
                0x001048a8       0xf8 C:/devkitPro/libctru/lib\libctru.a(fs.o)
                0x001048a8                FSUSER_RenameDirectory
 .text.FSUSER_OpenDirectory
                0x001049a0       0xb4 C:/devkitPro/libctru/lib\libctru.a(fs.o)
                0x001049a0                FSUSER_OpenDirectory
 .text.FSUSER_OpenArchive
                0x00104a54       0x94 C:/devkitPro/libctru/lib\libctru.a(fs.o)
                0x00104a54                FSUSER_OpenArchive
 .text.FSUSER_CloseArchive
                0x00104ae8       0x8c C:/devkitPro/libctru/lib\libctru.a(fs.o)
                0x00104ae8                FSUSER_CloseArchive
 .text.FSUSER_GetSdmcArchiveResource
                0x00104b74       0x74 C:/devkitPro/libctru/lib\libctru.a(fs.o)
                0x00104b74                FSUSER_GetSdmcArchiveResource
 .text.FSUSER_IsSdmcWritable
                0x00104be8       0x64 C:/devkitPro/libctru/lib\libctru.a(fs.o)
                0x00104be8                FSUSER_IsSdmcWritable
 .text.FSFILE_Read
                0x00104c4c       0x58 C:/devkitPro/libctru/lib\libctru.a(fs.o)
                0x00104c4c                FSFILE_Read
 .text.FSFILE_Write
                0x00104ca4       0x60 C:/devkitPro/libctru/lib\libctru.a(fs.o)
                0x00104ca4                FSFILE_Write
 .text.FSFILE_GetSize
                0x00104d04       0x38 C:/devkitPro/libctru/lib\libctru.a(fs.o)
                0x00104d04                FSFILE_GetSize
 .text.FSFILE_SetSize
                0x00104d3c       0x28 C:/devkitPro/libctru/lib\libctru.a(fs.o)
                0x00104d3c                FSFILE_SetSize
 .text.FSFILE_Close
                0x00104d64       0x3c C:/devkitPro/libctru/lib\libctru.a(fs.o)
                0x00104d64                FSFILE_Close
 .text.FSFILE_Flush
                0x00104da0       0x24 C:/devkitPro/libctru/lib\libctru.a(fs.o)
                0x00104da0                FSFILE_Flush
 .text.FSDIR_Read
                0x00104dc4       0x50 C:/devkitPro/libctru/lib\libctru.a(fs.o)
                0x00104dc4                FSDIR_Read
 .text.FSDIR_Close
                0x00104e14       0x3c C:/devkitPro/libctru/lib\libctru.a(fs.o)
                0x00104e14                FSDIR_Close
 .text.utf8_to_utf16
                0x00104e50       0xc0 C:/devkitPro/libctru/lib\libctru.a(utf8_to_utf16.o)
                0x00104e50                utf8_to_utf16
 .text.decode_utf8
                0x00104f10      0x13c C:/devkitPro/libctru/lib\libctru.a(decode_utf8.o)
                0x00104f10                decode_utf8
 .text.utf16_to_utf8
                0x0010504c       0xe8 C:/devkitPro/libctru/lib\libctru.a(utf16_to_utf8.o)
                0x0010504c                utf16_to_utf8
 .text.__syscall_getreent
                0x00105134       0x30 C:/devkitPro/libctru/lib\libctru.a(syscalls.o)
                0x00105134                __syscall_getreent
 .text.__syscall_lock_acquire_recursive
                0x00105164        0x4 C:/devkitPro/libctru/lib\libctru.a(syscalls.o)
                0x00105164                __syscall_lock_acquire_recursive
 .text.__syscall_lock_release_recursive
                0x00105168        0x4 C:/devkitPro/libctru/lib\libctru.a(syscalls.o)
                0x00105168                __syscall_lock_release_recursive
 .text.__syscall_exit
                0x0010516c        0x4 C:/devkitPro/libctru/lib\libctru.a(syscalls.o)
                0x0010516c                __syscall_exit
 .text.initThreadVars
                0x00105170       0x50 C:/devkitPro/libctru/lib\libctru.a(syscalls.o)
                0x00105170                initThreadVars
 .text.__system_initSyscalls
                0x001051c0       0x80 C:/devkitPro/libctru/lib\libctru.a(syscalls.o)
                0x001051c0                __system_initSyscalls
 .text.__system_allocateHeaps
                0x00105240      0x1e0 C:/devkitPro/libctru/lib\libctru.a(allocateHeaps.o)
                0x00105240                __system_allocateHeaps
 .text.__aeabi_read_tp
                0x00105420        0xc C:/devkitPro/libctru/lib\libctru.a(readtp.o)
                0x00105420                __aeabi_read_tp
 .text.__ctru_speedup_config
                0x0010542c       0x34 C:/devkitPro/libctru/lib\libctru.a(os.o)
                0x0010542c                __ctru_speedup_config
 .text.threadCreate
                0x00105460      0x1d8 C:/devkitPro/libctru/lib\libctru.a(thread.o)
                0x00105460                threadCreate
 .text.threadFree
                0x00105638       0x2c C:/devkitPro/libctru/lib\libctru.a(thread.o)
                0x00105638                threadFree
 .text.threadJoin
                0x00105664       0x24 C:/devkitPro/libctru/lib\libctru.a(thread.o)
                0x00105664                threadJoin
 .text.threadGetCurrent
                0x00105688       0x30 C:/devkitPro/libctru/lib\libctru.a(thread.o)
                0x00105688                threadGetCurrent
 .text.threadExit
                0x001056b8       0x40 C:/devkitPro/libctru/lib\libctru.a(thread.o)
                0x001056b8                threadExit
 .text._thread_begin
                0x001056f8       0x20 C:/devkitPro/libctru/lib\libctru.a(thread.o)
 .text.mappableFindAddressWithin
                0x00105718       0xb4 C:/devkitPro/libctru/lib\libctru.a(mappable.o)
 .text.mappableInit
                0x001057cc       0x28 C:/devkitPro/libctru/lib\libctru.a(mappable.o)
                0x001057cc                mappableInit
 .text.mappableAlloc
                0x001057f4       0x80 C:/devkitPro/libctru/lib\libctru.a(mappable.o)
                0x001057f4                mappableAlloc
 .text.mappableFree
                0x00105874        0x4 C:/devkitPro/libctru/lib\libctru.a(mappable.o)
                0x00105874                mappableFree
 .text.irrstInit
                0x00105878      0x160 C:/devkitPro/libctru/lib\libctru.a(irrst.o)
                0x00105878                irrstInit
 .text.irrstExit
                0x001059d8       0xcc C:/devkitPro/libctru/lib\libctru.a(irrst.o)
                0x001059d8                irrstExit
 .text.GSPGPU_AcquireRight
                0x00105aa4       0x68 C:/devkitPro/libctru/lib\libctru.a(gspgpu.o)
                0x00105aa4                GSPGPU_AcquireRight
 .text.GSPGPU_RestoreVramSysArea
                0x00105b0c       0x2c C:/devkitPro/libctru/lib\libctru.a(gspgpu.o)
                0x00105b0c                GSPGPU_RestoreVramSysArea
 .text.ptmSysmInit
                0x00105b38       0x74 C:/devkitPro/libctru/lib\libctru.a(ptmsysm.o)
                0x00105b38                ptmSysmInit
 .text.ptmSysmExit
                0x00105bac       0x3c C:/devkitPro/libctru/lib\libctru.a(ptmsysm.o)
                0x00105bac                ptmSysmExit
 .text.PTMSYSM_ConfigureNew3DSCPU
                0x00105be8       0x34 C:/devkitPro/libctru/lib\libctru.a(ptmsysm.o)
                0x00105be8                PTMSYSM_ConfigureNew3DSCPU
 .text.encode_utf16
                0x00105c1c       0x54 C:/devkitPro/libctru/lib\libctru.a(encode_utf16.o)
                0x00105c1c                encode_utf16
 .text.encode_utf8
                0x00105c70       0xe0 C:/devkitPro/libctru/lib\libctru.a(encode_utf8.o)
                0x00105c70                encode_utf8
 .text.decode_utf16
                0x00105d50       0x64 C:/devkitPro/libctru/lib\libctru.a(decode_utf16.o)
                0x00105d50                decode_utf16
 .text.memalign
                0x00105db4       0x20 C:/devkitPro/devkitARM/bin/../lib/gcc/arm-none-eabi/13.1.0/../../../../arm-none-eabi/lib/armv6k/fpu\libg.a(libc_a-malign.o)
                0x00105db4                memalign
 .text._memalign_r
                0x00105dd4      0x14c C:/devkitPro/devkitARM/bin/../lib/gcc/arm-none-eabi/13.1.0/../../../../arm-none-eabi/lib/armv6k/fpu\libg.a(libc_a-malignr.o)
                0x00105dd4                _memalign_r
 .text.bsearch  0x00105f20       0x78 C:/devkitPro/devkitARM/bin/../lib/gcc/arm-none-eabi/13.1.0/../../../../arm-none-eabi/lib/armv6k/fpu\libg.a(libc_a-bsearch.o)
                0x00105f20                bsearch
 .text.__call_exitprocs
                0x00105f98        0x4 C:/devkitPro/devkitARM/bin/../lib/gcc/arm-none-eabi/13.1.0/../../../../arm-none-eabi/lib/armv6k/fpu\libg.a(libc_a-exit.o)
                0x00105f98                __call_exitprocs
 .text.exit     0x00105f9c       0x30 C:/devkitPro/devkitARM/bin/../lib/gcc/arm-none-eabi/13.1.0/../../../../arm-none-eabi/lib/armv6k/fpu\libg.a(libc_a-exit.o)
                0x00105f9c                exit
 .text._malloc_trim_r
                0x00105fcc       0xf8 C:/devkitPro/devkitARM/bin/../lib/gcc/arm-none-eabi/13.1.0/../../../../arm-none-eabi/lib/armv6k/fpu\libg.a(libc_a-freer.o)
                0x00105fcc                _malloc_trim_r
 .text._free_r  0x001060c4      0x2e8 C:/devkitPro/devkitARM/bin/../lib/gcc/arm-none-eabi/13.1.0/../../../../arm-none-eabi/lib/armv6k/fpu\libg.a(libc_a-freer.o)
                0x001060c4                _free_r
 .text.malloc   0x001063ac       0x18 C:/devkitPro/devkitARM/bin/../lib/gcc/arm-none-eabi/13.1.0/../../../../arm-none-eabi/lib/armv6k/fpu\libg.a(libc_a-malloc.o)
                0x001063ac                malloc
 .text.free     0x001063c4       0x18 C:/devkitPro/devkitARM/bin/../lib/gcc/arm-none-eabi/13.1.0/../../../../arm-none-eabi/lib/armv6k/fpu\libg.a(libc_a-malloc.o)
                0x001063c4                free
 .text._malloc_r
                0x001063dc      0x79c C:/devkitPro/devkitARM/bin/../lib/gcc/arm-none-eabi/13.1.0/../../../../arm-none-eabi/lib/armv6k/fpu\libg.a(libc_a-mallocr.o)
                0x001063dc                _malloc_r
 .text.memset   0x00106b78       0xf4 C:/devkitPro/devkitARM/bin/../lib/gcc/arm-none-eabi/13.1.0/../../../../arm-none-eabi/lib/armv6k/fpu\libg.a(libc_a-memset.o)
                0x00106b78                memset
 .text.__malloc_lock
                0x00106c6c        0xc C:/devkitPro/devkitARM/bin/../lib/gcc/arm-none-eabi/13.1.0/../../../../arm-none-eabi/lib/armv6k/fpu\libg.a(libc_a-mlock.o)
                0x00106c6c                __malloc_lock
 .text.__malloc_unlock
                0x00106c78        0xc C:/devkitPro/devkitARM/bin/../lib/gcc/arm-none-eabi/13.1.0/../../../../arm-none-eabi/lib/armv6k/fpu\libg.a(libc_a-mlock.o)
                0x00106c78                __malloc_unlock
 .text.strlen   0x00106c84       0x90 C:/devkitPro/devkitARM/bin/../lib/gcc/arm-none-eabi/13.1.0/../../../../arm-none-eabi/lib/armv6k/fpu\libg.a(libc_a-strlen.o)
                0x00106c84                strlen
 .text.strncat  0x00106d14       0xe4 C:/devkitPro/devkitARM/bin/../lib/gcc/arm-none-eabi/13.1.0/../../../../arm-none-eabi/lib/armv6k/fpu\libg.a(libc_a-strncat.o)
                0x00106d14                strncat
 .text.strncmp  0x00106df8       0xe4 C:/devkitPro/devkitARM/bin/../lib/gcc/arm-none-eabi/13.1.0/../../../../arm-none-eabi/lib/armv6k/fpu\libg.a(libc_a-strncmp.o)
                0x00106df8                strncmp
 .text.strncpy  0x00106edc       0xc4 C:/devkitPro/devkitARM/bin/../lib/gcc/arm-none-eabi/13.1.0/../../../../arm-none-eabi/lib/armv6k/fpu\libg.a(libc_a-strncpy.o)
                0x00106edc                strncpy
 .text.strnlen  0x00106fa0       0x48 C:/devkitPro/devkitARM/bin/../lib/gcc/arm-none-eabi/13.1.0/../../../../arm-none-eabi/lib/armv6k/fpu\libg.a(libc_a-strnlen.o)
                0x00106fa0                strnlen
 .text._strtoul_l.isra.0
                0x00106fe8      0x1d8 C:/devkitPro/devkitARM/bin/../lib/gcc/arm-none-eabi/13.1.0/../../../../arm-none-eabi/lib/armv6k/fpu\libg.a(libc_a-strtoul.o)
 .text.strtoul  0x001071c0       0x34 C:/devkitPro/devkitARM/bin/../lib/gcc/arm-none-eabi/13.1.0/../../../../arm-none-eabi/lib/armv6k/fpu\libg.a(libc_a-strtoul.o)
                0x001071c0                strtoul
 .text.memcpy   0x001071f4      0x11c C:/devkitPro/devkitARM/bin/../lib/gcc/arm-none-eabi/13.1.0/../../../../arm-none-eabi/lib/armv6k/fpu\libg.a(libc_a-memcpy-stub.o)
                0x001071f4                memcpy
 .text.__libc_init_array
                0x00107310       0x84 C:/devkitPro/devkitARM/bin/../lib/gcc/arm-none-eabi/13.1.0/../../../../arm-none-eabi/lib/armv6k/fpu\libg.a(libc_a-init.o)
                0x00107310                __libc_init_array
 .text.__libc_fini_array
                0x00107394       0x3c C:/devkitPro/devkitARM/bin/../lib/gcc/arm-none-eabi/13.1.0/../../../../arm-none-eabi/lib/armv6k/fpu\libg.a(libc_a-fini.o)
                0x00107394                __libc_fini_array
 .text._exit    0x001073d0       0x20 C:/devkitPro/devkitARM/bin/../lib/gcc/arm-none-eabi/13.1.0/../../../../arm-none-eabi/lib/armv6k/fpu\libsysbase.a(libsysbase_libsysbase_a-_exit.o)
                0x001073d0                _exit
 .text.chdir    0x001073f0      0x13c C:/devkitPro/devkitARM/bin/../lib/gcc/arm-none-eabi/13.1.0/../../../../arm-none-eabi/lib/armv6k/fpu\libsysbase.a(libsysbase_libsysbase_a-chdir.o)
                0x001073f0                chdir
 .text._concatenate_path
                0x0010752c      0x1cc C:/devkitPro/devkitARM/bin/../lib/gcc/arm-none-eabi/13.1.0/../../../../arm-none-eabi/lib/armv6k/fpu\libsysbase.a(libsysbase_libsysbase_a-concatenate.o)
                0x0010752c                _concatenate_path
 .text.__getreent
                0x001076f8       0x2c C:/devkitPro/devkitARM/bin/../lib/gcc/arm-none-eabi/13.1.0/../../../../arm-none-eabi/lib/armv6k/fpu\libsysbase.a(libsysbase_libsysbase_a-getreent.o)
                0x001076f8                __getreent
 .text.null_write
                0x00107724        0x8 C:/devkitPro/devkitARM/bin/../lib/gcc/arm-none-eabi/13.1.0/../../../../arm-none-eabi/lib/armv6k/fpu\libsysbase.a(libsysbase_libsysbase_a-iosupport.o)
 .text.setDefaultDevice
                0x0010772c       0x18 C:/devkitPro/devkitARM/bin/../lib/gcc/arm-none-eabi/13.1.0/../../../../arm-none-eabi/lib/armv6k/fpu\libsysbase.a(libsysbase_libsysbase_a-iosupport.o)
                0x0010772c                setDefaultDevice
 .text.FindDevice
                0x00107744       0xc8 C:/devkitPro/devkitARM/bin/../lib/gcc/arm-none-eabi/13.1.0/../../../../arm-none-eabi/lib/armv6k/fpu\libsysbase.a(libsysbase_libsysbase_a-iosupport.o)
                0x00107744                FindDevice
 .text.RemoveDevice
                0x0010780c       0x28 C:/devkitPro/devkitARM/bin/../lib/gcc/arm-none-eabi/13.1.0/../../../../arm-none-eabi/lib/armv6k/fpu\libsysbase.a(libsysbase_libsysbase_a-iosupport.o)
                0x0010780c                RemoveDevice
 .text.AddDevice
                0x00107834       0x9c C:/devkitPro/devkitARM/bin/../lib/gcc/arm-none-eabi/13.1.0/../../../../arm-none-eabi/lib/armv6k/fpu\libsysbase.a(libsysbase_libsysbase_a-iosupport.o)
                0x00107834                AddDevice
 .text.GetDeviceOpTab
                0x001078d0       0x20 C:/devkitPro/devkitARM/bin/../lib/gcc/arm-none-eabi/13.1.0/../../../../arm-none-eabi/lib/armv6k/fpu\libsysbase.a(libsysbase_libsysbase_a-iosupport.o)
                0x001078d0                GetDeviceOpTab
 .text._sbrk_r  0x001078f0       0x78 C:/devkitPro/devkitARM/bin/../lib/gcc/arm-none-eabi/13.1.0/../../../../arm-none-eabi/lib/armv6k/fpu\libsysbase.a(libsysbase_libsysbase_a-sbrk.o)
                0x001078f0                _sbrk_r
 .text.__libc_lock_acquire_recursive
                0x00107968       0x1c C:/devkitPro/devkitARM/bin/../lib/gcc/arm-none-eabi/13.1.0/../../../../arm-none-eabi/lib/armv6k/fpu\libsysbase.a(libsysbase_libsysbase_a-syscall_support.o)
                0x00107968                __libc_lock_acquire_recursive
 .text.__libc_lock_release_recursive
                0x00107984       0x1c C:/devkitPro/devkitARM/bin/../lib/gcc/arm-none-eabi/13.1.0/../../../../arm-none-eabi/lib/armv6k/fpu\libsysbase.a(libsysbase_libsysbase_a-syscall_support.o)
                0x00107984                __libc_lock_release_recursive
 .text.strchr   0x001079a0      0x130 C:/devkitPro/devkitARM/bin/../lib/gcc/arm-none-eabi/13.1.0/../../../../arm-none-eabi/lib/armv6k/fpu\libg.a(libc_a-strchr.o)
                0x001079a0                strchr
 .text.strrchr  0x00107ad0       0x48 C:/devkitPro/devkitARM/bin/../lib/gcc/arm-none-eabi/13.1.0/../../../../arm-none-eabi/lib/armv6k/fpu\libg.a(libc_a-strrchr.o)
                0x00107ad0                strrchr
 *(.glue_7)
 .glue_7        0x00107b18        0x0 linker stubs
 *(.glue_7t)
 .glue_7t       0x00107b18        0x0 linker stubs
 *(.stub)
 *(.gnu.warning)
 *(.gnu.linkonce.t*)
                0x00107b18                        . = ALIGN (0x4)
 *(.fini)
 .fini          0x00107b18        0xc C:/devkitPro/devkitARM/bin/../lib/gcc/arm-none-eabi/13.1.0/armv6k/fpu/crti.o
                0x00107b18                _fini
 .fini          0x00107b24        0xc C:/devkitPro/devkitARM/bin/../lib/gcc/arm-none-eabi/13.1.0/armv6k/fpu/crtn.o
                0x00107b30                        . = ALIGN (0x4)

.vfp11_veneer   0x00107b30        0x0
 .vfp11_veneer  0x00107b30        0x0 linker stubs

.v4_bx          0x00107b30        0x0
 .v4_bx         0x00107b30        0x0 linker stubs

.iplt           0x00107b30        0x0
 .iplt          0x00107b30        0x0 C:/devkitPro/devkitARM/bin/../lib/gcc/arm-none-eabi/13.1.0/../../../../arm-none-eabi/lib/armv6k/fpu/3dsx_crt0.o
                0x00108000                        . = ALIGN (0x1000)

.rodata         0x00108000      0x2cc
 *(.rodata)
 .rodata        0x00108000        0xc C:/devkitPro/libctru/lib\libctru.a(archive_dev.o)
 *(.roda)
 *(.rodata.*)
 .rodata.__system_initArgv.str1.4
                0x0010800c        0xa C:/devkitPro/libctru/lib\libctru.a(initArgv.o)
 *fill*         0x00108016        0x2 
 .rodata.srvInit.str1.4
                0x00108018        0x5 C:/devkitPro/libctru/lib\libctru.a(srv.o)
 *fill*         0x0010801d        0x3 
 .rodata.archive_utf16path.str1.4
                0x00108020        0x2 C:/devkitPro/libctru/lib\libctru.a(archive_dev.o)
 *fill*         0x00108022        0x2 
 .rodata._archiveUnmountDeviceStruct.part.0.str1.4
                0x00108024        0x2 C:/devkitPro/libctru/lib\libctru.a(archive_dev.o)
 *fill*         0x00108026        0x2 
 .rodata._archiveMountDevice.str1.4
                0x00108028        0x8 C:/devkitPro/libctru/lib\libctru.a(archive_dev.o)
                                  0xc (size before relaxing)
 .rodata.archiveMountSdmc.str1.4
                0x00108030        0x5 C:/devkitPro/libctru/lib\libctru.a(archive_dev.o)
 *fill*         0x00108035        0x3 
 .rodata.error_table
                0x00108038       0x30 C:/devkitPro/libctru/lib\libctru.a(archive_dev.o)
 .rodata.str1.4
                0x00108068        0x8 C:/devkitPro/libctru/lib\libctru.a(archive_dev.o)
 .rodata.archive_devoptab
                0x00108070       0x80 C:/devkitPro/libctru/lib\libctru.a(archive_dev.o)
 .rodata.hidInit.str1.4
                0x001080f0       0x15 C:/devkitPro/libctru/lib\libctru.a(hid.o)
 *fill*         0x00108105        0x3 
 .rodata.aptSendCommand.str1.4
                0x00108108       0x16 C:/devkitPro/libctru/lib\libctru.a(apt.o)
 *fill*         0x0010811e        0x2 
 .rodata.s_sleepWakeEvents.4
                0x00108120        0x8 C:/devkitPro/libctru/lib\libctru.a(apt.o)
 .rodata.fsInit.str1.4
                0x00108128        0x8 C:/devkitPro/libctru/lib\libctru.a(fs.o)
 .rodata.irrstInit.str1.4
                0x00108130        0x7 C:/devkitPro/libctru/lib\libctru.a(irrst.o)
 *fill*         0x00108137        0x1 
 .rodata.ptmSysmInit.str1.4
                0x00108138        0x9 C:/devkitPro/libctru/lib\libctru.a(ptmsysm.o)
 *fill*         0x00108141        0x3 
 .rodata._ctype_
                0x00108144      0x101 C:/devkitPro/devkitARM/bin/../lib/gcc/arm-none-eabi/13.1.0/../../../../arm-none-eabi/lib/armv6k/fpu\libg.a(libc_a-ctype_.o)
                0x00108144                _ctype_
 .rodata.AddDevice.str1.4
                0x00108245        0x8 C:/devkitPro/devkitARM/bin/../lib/gcc/arm-none-eabi/13.1.0/../../../../arm-none-eabi/lib/armv6k/fpu\libsysbase.a(libsysbase_libsysbase_a-iosupport.o)
 *fill*         0x00108245        0x3 
 .rodata.dotab_stdnull
                0x00108248       0x80 C:/devkitPro/devkitARM/bin/../lib/gcc/arm-none-eabi/13.1.0/../../../../arm-none-eabi/lib/armv6k/fpu\libsysbase.a(libsysbase_libsysbase_a-iosupport.o)
                0x00108248                dotab_stdnull
 *all.rodata*(*)
 *(.gnu.linkonce.r*)
                0x001082c8                        . = ALIGN (0x4)
                0x001082c8                        __tdata_align = .
                0x001082c8        0x4 LONG 0x4 ALIGNOF (.tdata)
                0x001082cc                        . = ALIGN (0x4)

.eh_frame       0x001082cc        0x0
 .eh_frame      0x001082cc        0x0 C:/devkitPro/devkitARM/bin/../lib/gcc/arm-none-eabi/13.1.0/armv6k/fpu/crtbegin.o

.rel.dyn        0x001082cc        0x0
 .rel.iplt      0x001082cc        0x0 C:/devkitPro/devkitARM/bin/../lib/gcc/arm-none-eabi/13.1.0/../../../../arm-none-eabi/lib/armv6k/fpu/3dsx_crt0.o
 .rel.got       0x001082cc        0x0 C:/devkitPro/devkitARM/bin/../lib/gcc/arm-none-eabi/13.1.0/../../../../arm-none-eabi/lib/armv6k/fpu/3dsx_crt0.o

.ARM.extab
 *(.ARM.extab* .gnu.linkonce.armextab.*)
                0x001082cc                        __exidx_start = .

ARM.exidx
 *(.ARM.exidx* .gnu.linkonce.armexidx.*)
                0x001082cc                        __exidx_end = .
                0x00109000                        . = ALIGN (0x1000)

.data           0x00109000      0x9d0
 *(.data)
 *(.data.*)
 .data.__stacksize__
                0x00109000        0x4 C:/devkitPro/libctru/lib\libctru.a(stack_adjust.o)
                0x00109000                __stacksize__
 .data.aptChainloadDeliverArgSize
                0x00109004        0x4 C:/devkitPro/libctru/lib\libctru.a(apt.o)
 .data.__malloc_sbrk_base
                0x00109008        0x4 C:/devkitPro/devkitARM/bin/../lib/gcc/arm-none-eabi/13.1.0/../../../../arm-none-eabi/lib/armv6k/fpu\libg.a(libc_a-mallocr.o)
                0x00109008                __malloc_sbrk_base
 .data.__malloc_trim_threshold
                0x0010900c        0x4 C:/devkitPro/devkitARM/bin/../lib/gcc/arm-none-eabi/13.1.0/../../../../arm-none-eabi/lib/armv6k/fpu\libg.a(libc_a-mallocr.o)
                0x0010900c                __malloc_trim_threshold
 .data.__malloc_av_
                0x00109010      0x408 C:/devkitPro/devkitARM/bin/../lib/gcc/arm-none-eabi/13.1.0/../../../../arm-none-eabi/lib/armv6k/fpu\libg.a(libc_a-mallocr.o)
                0x00109010                __malloc_av_
 .data._impure_ptr
                0x00109418        0x4 C:/devkitPro/devkitARM/bin/../lib/gcc/arm-none-eabi/13.1.0/../../../../arm-none-eabi/lib/armv6k/fpu\libg.a(libc_a-impure.o)
                0x00109418                _impure_ptr
 *fill*         0x0010941c        0x4 
 .data._impure_data
                0x00109420      0x120 C:/devkitPro/devkitARM/bin/../lib/gcc/arm-none-eabi/13.1.0/../../../../arm-none-eabi/lib/armv6k/fpu\libg.a(libc_a-impure.o)
                0x00109420                _impure_data
 .data._current_working_directory
                0x00109540      0x400 C:/devkitPro/devkitARM/bin/../lib/gcc/arm-none-eabi/13.1.0/../../../../arm-none-eabi/lib/armv6k/fpu\libsysbase.a(libsysbase_libsysbase_a-chdir.o)
 .data.devoptab_list
                0x00109940       0x8c C:/devkitPro/devkitARM/bin/../lib/gcc/arm-none-eabi/13.1.0/../../../../arm-none-eabi/lib/armv6k/fpu\libsysbase.a(libsysbase_libsysbase_a-iosupport.o)
                0x00109940                devoptab_list
 .data.defaultDevice
                0x001099cc        0x4 C:/devkitPro/devkitARM/bin/../lib/gcc/arm-none-eabi/13.1.0/../../../../arm-none-eabi/lib/armv6k/fpu\libsysbase.a(libsysbase_libsysbase_a-iosupport.o)
 *(.gnu.linkonce.d*)
                0x001099d0                        . = ALIGN (0x4)

.igot.plt       0x001099d0        0x0
 .igot.plt      0x001099d0        0x0 C:/devkitPro/devkitARM/bin/../lib/gcc/arm-none-eabi/13.1.0/../../../../arm-none-eabi/lib/armv6k/fpu/3dsx_crt0.o

.got            0x001099d0        0x8
 .got           0x001099d0        0x8 C:/devkitPro/devkitARM/bin/../lib/gcc/arm-none-eabi/13.1.0/../../../../arm-none-eabi/lib/armv6k/fpu/3dsx_crt0.o

.got.plt        0x001099d8        0xc
 .got.plt       0x001099d8        0xc C:/devkitPro/devkitARM/bin/../lib/gcc/arm-none-eabi/13.1.0/../../../../arm-none-eabi/lib/armv6k/fpu/3dsx_crt0.o
                0x001099d8                _GLOBAL_OFFSET_TABLE_

.tdata          0x001099e4        0x0
                0x001099e4                        __tdata_lma = .
 *(.tdata)
 *(.tdata.*)
 *(.gnu.linkonce.td.*)
                0x001099e4                        . = ALIGN (0x4)
                0x001099e4                        __tdata_lma_end = .

.tbss           0x001099e4      0xc08
 *(.tbss)
 *(.tbss.*)
 .tbss.__ctru_dev_utf16_buf
                0x001099e4      0x802 C:/devkitPro/libctru/lib\libctru.a(path_buf.o)
                0x001099e4                __ctru_dev_utf16_buf
 *fill*         0x0010a1e6        0x2 
 .tbss.__ctru_dev_path_buf
                0x0010a1e8      0x401 C:/devkitPro/libctru/lib\libctru.a(path_buf.o)
                0x0010a1e8                __ctru_dev_path_buf
 *(.gnu.linkonce.tb.*)
 *(.tcommon)
                0x0010a5ec                        . = ALIGN (0x4)
 *fill*         0x0010a5e9        0x3 

.preinit_array  0x001099e4        0x0
                0x001099e4                        PROVIDE (__preinit_array_start = .)
 *(.preinit_array)
                0x001099e4                        PROVIDE (__preinit_array_end = .)

.init_array     0x001099e4        0x4
                0x001099e4                        PROVIDE (__init_array_start = .)
 *(SORT_BY_NAME(.init_array.*))
 *(.init_array)
 .init_array    0x001099e4        0x4 C:/devkitPro/devkitARM/bin/../lib/gcc/arm-none-eabi/13.1.0/armv6k/fpu/crtbegin.o
                0x001099e8                        PROVIDE (__init_array_end = .)

.fini_array     0x001099e8        0x4
                0x001099e8                        PROVIDE (__fini_array_start = .)
 *(.fini_array)
 .fini_array    0x001099e8        0x4 C:/devkitPro/devkitARM/bin/../lib/gcc/arm-none-eabi/13.1.0/armv6k/fpu/crtbegin.o
 *(SORT_BY_NAME(.fini_array.*))
                0x001099ec                        PROVIDE (__fini_array_end = .)

.ctors
 *crtbegin.o(.ctors)
 *(EXCLUDE_FILE(*crtend.o) .ctors)
 *(SORT_BY_NAME(.ctors.*))
 *(.ctors)

.dtors
 *crtbegin.o(.dtors)
 *(EXCLUDE_FILE(*crtend.o) .dtors)
 *(SORT_BY_NAME(.dtors.*))
 *(.dtors)
                0x001099ec                        __bss_start__ = .

.bss            0x001099ec     0x2c4c
 *(.dynbss)
 *(.bss)
 *(.bss.*)
 .bss.completed.1
                0x001099ec        0x1 C:/devkitPro/devkitARM/bin/../lib/gcc/arm-none-eabi/13.1.0/armv6k/fpu/crtbegin.o
 *fill*         0x001099ed        0x3 
 .bss.object.0  0x001099f0       0x18 C:/devkitPro/devkitARM/bin/../lib/gcc/arm-none-eabi/13.1.0/armv6k/fpu/crtbegin.o
 .bss.__system_argv
                0x00109a08        0x4 C:/devkitPro/libctru/lib\libctru.a(initArgv.o)
                0x00109a08                __system_argv
 .bss.__system_argc
                0x00109a0c        0x4 C:/devkitPro/libctru/lib\libctru.a(initArgv.o)
                0x00109a0c                __system_argc
 .bss.saved_stack.42
                0x00109a10        0x8 C:/devkitPro/libctru/lib\libctru.a(stack_adjust.o)
 .bss.__3dslink_host
                0x00109a18        0x4 C:/devkitPro/libctru/lib\libctru.a(3dslink.o)
                0x00109a18                __3dslink_host
 .bss.__system_retAddr
                0x00109a1c        0x4 C:/devkitPro/libctru/lib\libctru.a(ctru_init.o)
                0x00109a1c                __system_retAddr
 .bss.arbiter   0x00109a20        0x4 C:/devkitPro/libctru/lib\libctru.a(synchronization.o)
 .bss.srvRefCount
                0x00109a24        0x4 C:/devkitPro/libctru/lib\libctru.a(srv.o)
 .bss.srvHandle
                0x00109a28        0x4 C:/devkitPro/libctru/lib\libctru.a(srv.o)
 *fill*         0x00109a2c        0x4 
 .bss.archive_devices
                0x00109a30      0x5c0 C:/devkitPro/libctru/lib\libctru.a(archive_dev.o)
 .bss.archive_device_cwd
                0x00109ff0        0x4 C:/devkitPro/libctru/lib\libctru.a(archive_dev.o)
 .bss.archive_initialized
                0x00109ff4        0x1 C:/devkitPro/libctru/lib\libctru.a(archive_dev.o)
 .bss.usingIrrst
                0x00109ff5        0x1 C:/devkitPro/libctru/lib\libctru.a(hid.o)
 *fill*         0x00109ff6        0x2 
 .bss.hidRefCount
                0x00109ff8        0x4 C:/devkitPro/libctru/lib\libctru.a(hid.o)
 .bss.kUp       0x00109ffc        0x4 C:/devkitPro/libctru/lib\libctru.a(hid.o)
 .bss.kDown     0x0010a000        0x4 C:/devkitPro/libctru/lib\libctru.a(hid.o)
 .bss.kHeld     0x0010a004        0x4 C:/devkitPro/libctru/lib\libctru.a(hid.o)
 .bss.kOld      0x0010a008        0x4 C:/devkitPro/libctru/lib\libctru.a(hid.o)
 .bss.hidSharedMem
                0x0010a00c        0x4 C:/devkitPro/libctru/lib\libctru.a(hid.o)
                0x0010a00c                hidSharedMem
 .bss.hidEvents
                0x0010a010       0x14 C:/devkitPro/libctru/lib\libctru.a(hid.o)
                0x0010a010                hidEvents
 .bss.hidMemHandle
                0x0010a024        0x4 C:/devkitPro/libctru/lib\libctru.a(hid.o)
                0x0010a024                hidMemHandle
 .bss.hidHandle
                0x0010a028        0x4 C:/devkitPro/libctru/lib\libctru.a(hid.o)
                0x0010a028                hidHandle
 .bss.flagValue.0
                0x0010a02c        0x1 C:/devkitPro/libctru/lib\libctru.a(apt.o)
 .bss.flagInit.1
                0x0010a02d        0x1 C:/devkitPro/libctru/lib\libctru.a(apt.o)
 *fill*         0x0010a02e        0x2 
 .bss.serviceName.6
                0x0010a030        0x4 C:/devkitPro/libctru/lib\libctru.a(apt.o)
 .bss.aptChainloadFlags
                0x0010a034        0x1 C:/devkitPro/libctru/lib\libctru.a(apt.o)
 .bss.aptChainloadMediatype
                0x0010a035        0x1 C:/devkitPro/libctru/lib\libctru.a(apt.o)
 *fill*         0x0010a036        0x2 
 .bss.aptChainloadHmac
                0x0010a038       0x20 C:/devkitPro/libctru/lib\libctru.a(apt.o)
 .bss.aptChainloadDeliverArg
                0x0010a058      0x300 C:/devkitPro/libctru/lib\libctru.a(apt.o)
 .bss.aptChainloadTid
                0x0010a358        0x8 C:/devkitPro/libctru/lib\libctru.a(apt.o)
 .bss.aptParameters
                0x0010a360     0x1000 C:/devkitPro/libctru/lib\libctru.a(apt.o)
 .bss.aptFlags  0x0010b360        0x4 C:/devkitPro/libctru/lib\libctru.a(apt.o)
 .bss.aptHomeButtonState
                0x0010b364        0x1 C:/devkitPro/libctru/lib\libctru.a(apt.o)
 *fill*         0x0010b365        0x3 
 .bss.aptMessageFuncData
                0x0010b368        0x4 C:/devkitPro/libctru/lib\libctru.a(apt.o)
 .bss.aptMessageFunc
                0x0010b36c        0x4 C:/devkitPro/libctru/lib\libctru.a(apt.o)
 .bss.aptFirstHook
                0x0010b370        0xc C:/devkitPro/libctru/lib\libctru.a(apt.o)
 .bss.aptEventHandlerThreadQuit
                0x0010b37c        0x1 C:/devkitPro/libctru/lib\libctru.a(apt.o)
 *fill*         0x0010b37d        0x3 
 .bss.aptEventHandlerThread
                0x0010b380        0x4 C:/devkitPro/libctru/lib\libctru.a(apt.o)
 .bss.aptSleepEvent
                0x0010b384        0x8 C:/devkitPro/libctru/lib\libctru.a(apt.o)
 .bss.aptReceiveEvent
                0x0010b38c        0x8 C:/devkitPro/libctru/lib\libctru.a(apt.o)
 .bss.aptEvents
                0x0010b394        0x8 C:/devkitPro/libctru/lib\libctru.a(apt.o)
 .bss.aptLockHandle
                0x0010b39c        0x4 C:/devkitPro/libctru/lib\libctru.a(apt.o)
 .bss.aptRefCount
                0x0010b3a0        0x4 C:/devkitPro/libctru/lib\libctru.a(apt.o)
 .bss.srvPmHandle
                0x0010b3a4        0x4 C:/devkitPro/libctru/lib\libctru.a(srvpm.o)
 .bss.fsExemptArchives
                0x0010b3a8       0x80 C:/devkitPro/libctru/lib\libctru.a(fs.o)
 .bss.fsuRefCount
                0x0010b428        0x4 C:/devkitPro/libctru/lib\libctru.a(fs.o)
 .bss.fsuHandle
                0x0010b42c        0x4 C:/devkitPro/libctru/lib\libctru.a(fs.o)
 .bss.__ctru_linear_heap_size
                0x0010b430        0x4 C:/devkitPro/libctru/lib\libctru.a(allocateHeaps.o)
                0x0010b430                __ctru_linear_heap_size
 .bss.__ctru_heap_size
                0x0010b434        0x4 C:/devkitPro/libctru/lib\libctru.a(allocateHeaps.o)
                0x0010b434                __ctru_heap_size
 .bss.__ctru_linear_heap
                0x0010b438        0x4 C:/devkitPro/libctru/lib\libctru.a(allocateHeaps.o)
                0x0010b438                __ctru_linear_heap
 .bss.__ctru_heap
                0x0010b43c        0x4 C:/devkitPro/libctru/lib\libctru.a(allocateHeaps.o)
                0x0010b43c                __ctru_heap
 .bss.__ctru_speedup
                0x0010b440        0x1 C:/devkitPro/libctru/lib\libctru.a(os.o)
                0x0010b440                __ctru_speedup
 *fill*         0x0010b441        0x3 
 .bss.currentAddr
                0x0010b444        0x4 C:/devkitPro/libctru/lib\libctru.a(mappable.o)
 .bss.maxAddr   0x0010b448        0x4 C:/devkitPro/libctru/lib\libctru.a(mappable.o)
 .bss.minAddr   0x0010b44c        0x4 C:/devkitPro/libctru/lib\libctru.a(mappable.o)
 .bss.irrstRefCount
                0x0010b450        0x4 C:/devkitPro/libctru/lib\libctru.a(irrst.o)
 .bss.kHeld     0x0010b454        0x4 C:/devkitPro/libctru/lib\libctru.a(irrst.o)
 .bss.irrstSharedMem
                0x0010b458        0x4 C:/devkitPro/libctru/lib\libctru.a(irrst.o)
                0x0010b458                irrstSharedMem
 .bss.irrstEvent
                0x0010b45c        0x4 C:/devkitPro/libctru/lib\libctru.a(irrst.o)
                0x0010b45c                irrstEvent
 .bss.irrstMemHandle
                0x0010b460        0x4 C:/devkitPro/libctru/lib\libctru.a(irrst.o)
                0x0010b460                irrstMemHandle
 .bss.irrstHandle
                0x0010b464        0x4 C:/devkitPro/libctru/lib\libctru.a(irrst.o)
                0x0010b464                irrstHandle
 .bss.gspGpuRight
                0x0010b468        0x1 C:/devkitPro/libctru/lib\libctru.a(gspgpu.o)
 *fill*         0x0010b469        0x3 
 .bss.gspGpuHandle
                0x0010b46c        0x4 C:/devkitPro/libctru/lib\libctru.a(gspgpu.o)
 .bss.ptmSysmRefCount
                0x0010b470        0x4 C:/devkitPro/libctru/lib\libctru.a(ptmsysm.o)
 .bss.ptmSysmHandle
                0x0010b474        0x4 C:/devkitPro/libctru/lib\libctru.a(ptmsysm.o)
 .bss.__malloc_current_mallinfo
                0x0010b478       0x28 C:/devkitPro/devkitARM/bin/../lib/gcc/arm-none-eabi/13.1.0/../../../../arm-none-eabi/lib/armv6k/fpu\libg.a(libc_a-mallocr.o)
                0x0010b478                __malloc_current_mallinfo
 .bss.__malloc_max_total_mem
                0x0010b4a0        0x4 C:/devkitPro/devkitARM/bin/../lib/gcc/arm-none-eabi/13.1.0/../../../../arm-none-eabi/lib/armv6k/fpu\libg.a(libc_a-mallocr.o)
                0x0010b4a0                __malloc_max_total_mem
 .bss.__malloc_max_sbrked_mem
                0x0010b4a4        0x4 C:/devkitPro/devkitARM/bin/../lib/gcc/arm-none-eabi/13.1.0/../../../../arm-none-eabi/lib/armv6k/fpu\libg.a(libc_a-mallocr.o)
                0x0010b4a4                __malloc_max_sbrked_mem
 .bss.__malloc_top_pad
                0x0010b4a8        0x4 C:/devkitPro/devkitARM/bin/../lib/gcc/arm-none-eabi/13.1.0/../../../../arm-none-eabi/lib/armv6k/fpu\libg.a(libc_a-mallocr.o)
                0x0010b4a8                __malloc_top_pad
 .bss.__malloc_recursive_mutex
                0x0010b4ac        0xc C:/devkitPro/devkitARM/bin/../lib/gcc/arm-none-eabi/13.1.0/../../../../arm-none-eabi/lib/armv6k/fpu\libg.a(libc_a-mlock.o)
 .bss.__sf      0x0010b4b8      0x168 C:/devkitPro/devkitARM/bin/../lib/gcc/arm-none-eabi/13.1.0/../../../../arm-none-eabi/lib/armv6k/fpu\libg.a(libc_a-findfp.o)
                0x0010b4b8                __sf
 .bss.__stdio_exit_handler
                0x0010b620        0x4 C:/devkitPro/devkitARM/bin/../lib/gcc/arm-none-eabi/13.1.0/../../../../arm-none-eabi/lib/armv6k/fpu\libg.a(libc_a-findfp.o)
                0x0010b620                __stdio_exit_handler
 .bss.temp_cwd  0x0010b624      0x400 C:/devkitPro/devkitARM/bin/../lib/gcc/arm-none-eabi/13.1.0/../../../../arm-none-eabi/lib/armv6k/fpu\libsysbase.a(libsysbase_libsysbase_a-chdir.o)
 .bss.fake_heap_start
                0x0010ba24        0x4 C:/devkitPro/devkitARM/bin/../lib/gcc/arm-none-eabi/13.1.0/../../../../arm-none-eabi/lib/armv6k/fpu\libsysbase.a(libsysbase_libsysbase_a-malloc_vars.o)
                0x0010ba24                fake_heap_start
 .bss.fake_heap_end
                0x0010ba28        0x4 C:/devkitPro/devkitARM/bin/../lib/gcc/arm-none-eabi/13.1.0/../../../../arm-none-eabi/lib/armv6k/fpu\libsysbase.a(libsysbase_libsysbase_a-malloc_vars.o)
                0x0010ba28                fake_heap_end
 .bss.heap_start.0
                0x0010ba2c        0x4 C:/devkitPro/devkitARM/bin/../lib/gcc/arm-none-eabi/13.1.0/../../../../arm-none-eabi/lib/armv6k/fpu\libsysbase.a(libsysbase_libsysbase_a-sbrk.o)
 *(.gnu.linkonce.b*)
 *(COMMON)
                0x0010ba30                        . = (0x8 + ABSOLUTE (ALIGN (ABSOLUTE ((. - 0x8)), ALIGNOF (.tdata))))
                0x0010ba30                        __tls_start = .
                0x0010ba30                        . = (. + SIZEOF (.tdata))
                0x0010ba30                        . = ALIGN (ALIGNOF (.tbss))
                0x0010c638                        . = (. + SIZEOF (.tbss))
 *fill*         0x0010ba30      0xc08 
                0x0010c638                        __tls_end = .
                0x0010c638                        __bss_end__ = .
                0x0010c638                        __end__ = ABSOLUTE (.)

/DISCARD/
 *(.group .comment .note)

.stab
 *(.stab)

.stabstr
 *(.stabstr)

.stab.excl
 *(.stab.excl)

.stab.exclstr
 *(.stab.exclstr)

.stab.index
 *(.stab.index)

.stab.indexstr
 *(.stab.indexstr)

.debug
 *(.debug)

.line
 *(.line)

.debug_srcinfo
 *(.debug_srcinfo)

.debug_sfnames
 *(.debug_sfnames)

.debug_aranges  0x00000000     0x1320
 *(.debug_aranges)
 .debug_aranges
                0x00000000       0x20 C:/devkitPro/libctru/lib\libctru.a(initArgv.o)
 .debug_aranges
                0x00000020       0x28 C:/devkitPro/libctru/lib\libctru.a(stack_adjust.o)
 .debug_aranges
                0x00000048       0x20 C:/devkitPro/libctru/lib\libctru.a(3dslink.o)
 .debug_aranges
                0x00000068       0x20 C:/devkitPro/libctru/lib\libctru.a(appInit.o)
 .debug_aranges
                0x00000088       0x20 C:/devkitPro/libctru/lib\libctru.a(appExit.o)
 .debug_aranges
                0x000000a8       0x20 C:/devkitPro/libctru/lib\libctru.a(ctru_init.o)
 .debug_aranges
                0x000000c8       0x20 C:/devkitPro/libctru/lib\libctru.a(ctru_exit.o)
 .debug_aranges
                0x000000e8      0x330 C:/devkitPro/libctru/lib\libctru.a(svc.o)
 .debug_aranges
                0x00000418       0x28 C:/devkitPro/libctru/lib\libctru.a(env.o)
 .debug_aranges
                0x00000440       0xf0 C:/devkitPro/libctru/lib\libctru.a(synchronization.o)
 .debug_aranges
                0x00000530       0xc0 C:/devkitPro/libctru/lib\libctru.a(srv.o)
 .debug_aranges
                0x000005f0      0x140 C:/devkitPro/libctru/lib\libctru.a(archive_dev.o)
 .debug_aranges
                0x00000730       0xd0 C:/devkitPro/libctru/lib\libctru.a(hid.o)
 .debug_aranges
                0x00000800      0x268 C:/devkitPro/libctru/lib\libctru.a(apt.o)
 .debug_aranges
                0x00000a68       0x50 C:/devkitPro/libctru/lib\libctru.a(srvpm.o)
 .debug_aranges
                0x00000ab8      0x3b8 C:/devkitPro/libctru/lib\libctru.a(fs.o)
 .debug_aranges
                0x00000e70       0x20 C:/devkitPro/libctru/lib\libctru.a(utf8_to_utf16.o)
 .debug_aranges
                0x00000e90       0x20 C:/devkitPro/libctru/lib\libctru.a(decode_utf8.o)
 .debug_aranges
                0x00000eb0       0x20 C:/devkitPro/libctru/lib\libctru.a(utf16_to_utf8.o)
 .debug_aranges
                0x00000ed0       0x98 C:/devkitPro/libctru/lib\libctru.a(syscalls.o)
 .debug_aranges
                0x00000f68       0x20 C:/devkitPro/libctru/lib\libctru.a(allocateHeaps.o)
 .debug_aranges
                0x00000f88       0x20 C:/devkitPro/libctru/lib\libctru.a(readtp.o)
 .debug_aranges
                0x00000fa8       0x58 C:/devkitPro/libctru/lib\libctru.a(os.o)
 .debug_aranges
                0x00001000       0x18 C:/devkitPro/libctru/lib\libctru.a(path_buf.o)
 .debug_aranges
                0x00001018       0x60 C:/devkitPro/libctru/lib\libctru.a(thread.o)
 .debug_aranges
                0x00001078       0x38 C:/devkitPro/libctru/lib\libctru.a(mappable.o)
 .debug_aranges
                0x000010b0       0x68 C:/devkitPro/libctru/lib\libctru.a(irrst.o)
 .debug_aranges
                0x00001118      0x108 C:/devkitPro/libctru/lib\libctru.a(gspgpu.o)
 .debug_aranges
                0x00001220       0xa0 C:/devkitPro/libctru/lib\libctru.a(ptmsysm.o)
 .debug_aranges
                0x000012c0       0x20 C:/devkitPro/libctru/lib\libctru.a(encode_utf16.o)
 .debug_aranges
                0x000012e0       0x20 C:/devkitPro/libctru/lib\libctru.a(encode_utf8.o)
 .debug_aranges
                0x00001300       0x20 C:/devkitPro/libctru/lib\libctru.a(decode_utf16.o)

.debug_pubnames
 *(.debug_pubnames)

.debug_info     0x00000000    0x24d35
 *(.debug_info)
 .debug_info    0x00000000      0x2bc C:/devkitPro/libctru/lib\libctru.a(initArgv.o)
 .debug_info    0x000002bc       0x23 C:/devkitPro/libctru/lib\libctru.a(stack_adjust.o)
 .debug_info    0x000002df      0xa42 C:/devkitPro/libctru/lib\libctru.a(3dslink.o)
 .debug_info    0x00000d21      0x148 C:/devkitPro/libctru/lib\libctru.a(appInit.o)
 .debug_info    0x00000e69      0x13d C:/devkitPro/libctru/lib\libctru.a(appExit.o)
 .debug_info    0x00000fa6      0x185 C:/devkitPro/libctru/lib\libctru.a(ctru_init.o)
 .debug_info    0x0000112b      0x2b7 C:/devkitPro/libctru/lib\libctru.a(ctru_exit.o)
 .debug_info    0x000013e2       0x23 C:/devkitPro/libctru/lib\libctru.a(svc.o)
 .debug_info    0x00001405      0x2a9 C:/devkitPro/libctru/lib\libctru.a(env.o)
 .debug_info    0x000016ae     0x2956 C:/devkitPro/libctru/lib\libctru.a(synchronization.o)
 .debug_info    0x00004004     0x1af2 C:/devkitPro/libctru/lib\libctru.a(srv.o)
 .debug_info    0x00005af6     0x42b1 C:/devkitPro/libctru/lib\libctru.a(archive_dev.o)
 .debug_info    0x00009da7     0x13d8 C:/devkitPro/libctru/lib\libctru.a(hid.o)
 .debug_info    0x0000b17f     0x5593 C:/devkitPro/libctru/lib\libctru.a(apt.o)
 .debug_info    0x00010712      0x872 C:/devkitPro/libctru/lib\libctru.a(srvpm.o)
 .debug_info    0x00010f84     0x8f48 C:/devkitPro/libctru/lib\libctru.a(fs.o)
 .debug_info    0x00019ecc      0x205 C:/devkitPro/libctru/lib\libctru.a(utf8_to_utf16.o)
 .debug_info    0x0001a0d1      0x158 C:/devkitPro/libctru/lib\libctru.a(decode_utf8.o)
 .debug_info    0x0001a229      0x205 C:/devkitPro/libctru/lib\libctru.a(utf16_to_utf8.o)
 .debug_info    0x0001a42e     0x120c C:/devkitPro/libctru/lib\libctru.a(syscalls.o)
 .debug_info    0x0001b63a      0x529 C:/devkitPro/libctru/lib\libctru.a(allocateHeaps.o)
 .debug_info    0x0001bb63       0x24 C:/devkitPro/libctru/lib\libctru.a(readtp.o)
 .debug_info    0x0001bb87      0x6cc C:/devkitPro/libctru/lib\libctru.a(os.o)
 .debug_info    0x0001c253       0xd7 C:/devkitPro/libctru/lib\libctru.a(path_buf.o)
 .debug_info    0x0001c32a     0x1152 C:/devkitPro/libctru/lib\libctru.a(thread.o)
 .debug_info    0x0001d47c      0x36d C:/devkitPro/libctru/lib\libctru.a(mappable.o)
 .debug_info    0x0001d7e9      0xafc C:/devkitPro/libctru/lib\libctru.a(irrst.o)
 .debug_info    0x0001e2e5     0x5c04 C:/devkitPro/libctru/lib\libctru.a(gspgpu.o)
 .debug_info    0x00023ee9      0xb06 C:/devkitPro/libctru/lib\libctru.a(ptmsysm.o)
 .debug_info    0x000249ef      0x109 C:/devkitPro/libctru/lib\libctru.a(encode_utf16.o)
 .debug_info    0x00024af8      0x109 C:/devkitPro/libctru/lib\libctru.a(encode_utf8.o)
 .debug_info    0x00024c01      0x134 C:/devkitPro/libctru/lib\libctru.a(decode_utf16.o)

.debug_abbrev   0x00000000     0x4f11
 *(.debug_abbrev)
 .debug_abbrev  0x00000000      0x198 C:/devkitPro/libctru/lib\libctru.a(initArgv.o)
 .debug_abbrev  0x00000198       0x12 C:/devkitPro/libctru/lib\libctru.a(stack_adjust.o)
 .debug_abbrev  0x000001aa      0x259 C:/devkitPro/libctru/lib\libctru.a(3dslink.o)
 .debug_abbrev  0x00000403       0x93 C:/devkitPro/libctru/lib\libctru.a(appInit.o)
 .debug_abbrev  0x00000496       0x9e C:/devkitPro/libctru/lib\libctru.a(appExit.o)
 .debug_abbrev  0x00000534      0x129 C:/devkitPro/libctru/lib\libctru.a(ctru_init.o)
 .debug_abbrev  0x0000065d      0x15a C:/devkitPro/libctru/lib\libctru.a(ctru_exit.o)
 .debug_abbrev  0x000007b7       0x12 C:/devkitPro/libctru/lib\libctru.a(svc.o)
 .debug_abbrev  0x000007c9      0x1bf C:/devkitPro/libctru/lib\libctru.a(env.o)
 .debug_abbrev  0x00000988      0x4f2 C:/devkitPro/libctru/lib\libctru.a(synchronization.o)
 .debug_abbrev  0x00000e7a      0x514 C:/devkitPro/libctru/lib\libctru.a(srv.o)
 .debug_abbrev  0x0000138e      0x656 C:/devkitPro/libctru/lib\libctru.a(archive_dev.o)
 .debug_abbrev  0x000019e4      0x516 C:/devkitPro/libctru/lib\libctru.a(hid.o)
 .debug_abbrev  0x00001efa      0x763 C:/devkitPro/libctru/lib\libctru.a(apt.o)
 .debug_abbrev  0x0000265d      0x2f1 C:/devkitPro/libctru/lib\libctru.a(srvpm.o)
 .debug_abbrev  0x0000294e      0x620 C:/devkitPro/libctru/lib\libctru.a(fs.o)
 .debug_abbrev  0x00002f6e      0x104 C:/devkitPro/libctru/lib\libctru.a(utf8_to_utf16.o)
 .debug_abbrev  0x00003072       0x93 C:/devkitPro/libctru/lib\libctru.a(decode_utf8.o)
 .debug_abbrev  0x00003105      0x104 C:/devkitPro/libctru/lib\libctru.a(utf16_to_utf8.o)
 .debug_abbrev  0x00003209      0x459 C:/devkitPro/libctru/lib\libctru.a(syscalls.o)
 .debug_abbrev  0x00003662      0x193 C:/devkitPro/libctru/lib\libctru.a(allocateHeaps.o)
 .debug_abbrev  0x000037f5       0x14 C:/devkitPro/libctru/lib\libctru.a(readtp.o)
 .debug_abbrev  0x00003809      0x2b2 C:/devkitPro/libctru/lib\libctru.a(os.o)
 .debug_abbrev  0x00003abb       0x6f C:/devkitPro/libctru/lib\libctru.a(path_buf.o)
 .debug_abbrev  0x00003b2a      0x495 C:/devkitPro/libctru/lib\libctru.a(thread.o)
 .debug_abbrev  0x00003fbf      0x1d3 C:/devkitPro/libctru/lib\libctru.a(mappable.o)
 .debug_abbrev  0x00004192      0x38b C:/devkitPro/libctru/lib\libctru.a(irrst.o)
 .debug_abbrev  0x0000451d      0x62a C:/devkitPro/libctru/lib\libctru.a(gspgpu.o)
 .debug_abbrev  0x00004b47      0x24f C:/devkitPro/libctru/lib\libctru.a(ptmsysm.o)
 .debug_abbrev  0x00004d96       0x74 C:/devkitPro/libctru/lib\libctru.a(encode_utf16.o)
 .debug_abbrev  0x00004e0a       0x74 C:/devkitPro/libctru/lib\libctru.a(encode_utf8.o)
 .debug_abbrev  0x00004e7e       0x93 C:/devkitPro/libctru/lib\libctru.a(decode_utf16.o)

.debug_line     0x00000000    0x1899b
 *(.debug_line)
 .debug_line    0x00000000      0x429 C:/devkitPro/libctru/lib\libctru.a(initArgv.o)
 .debug_line    0x00000429       0x70 C:/devkitPro/libctru/lib\libctru.a(stack_adjust.o)
 .debug_line    0x00000499      0x43e C:/devkitPro/libctru/lib\libctru.a(3dslink.o)
 .debug_line    0x000008d7      0x243 C:/devkitPro/libctru/lib\libctru.a(appInit.o)
 .debug_line    0x00000b1a      0x246 C:/devkitPro/libctru/lib\libctru.a(appExit.o)
 .debug_line    0x00000d60      0x1d7 C:/devkitPro/libctru/lib\libctru.a(ctru_init.o)
 .debug_line    0x00000f37      0x1c9 C:/devkitPro/libctru/lib\libctru.a(ctru_exit.o)
 .debug_line    0x00001100      0x78f C:/devkitPro/libctru/lib\libctru.a(svc.o)
 .debug_line    0x0000188f      0x271 C:/devkitPro/libctru/lib\libctru.a(env.o)
 .debug_line    0x00001b00     0x1654 C:/devkitPro/libctru/lib\libctru.a(synchronization.o)
 .debug_line    0x00003154      0xff2 C:/devkitPro/libctru/lib\libctru.a(srv.o)
 .debug_line    0x00004146     0x1d5d C:/devkitPro/libctru/lib\libctru.a(archive_dev.o)
 .debug_line    0x00005ea3      0xf27 C:/devkitPro/libctru/lib\libctru.a(hid.o)
 .debug_line    0x00006dca     0x38e7 C:/devkitPro/libctru/lib\libctru.a(apt.o)
 .debug_line    0x0000a6b1      0x6b9 C:/devkitPro/libctru/lib\libctru.a(srvpm.o)
 .debug_line    0x0000ad6a     0x6c0c C:/devkitPro/libctru/lib\libctru.a(fs.o)
 .debug_line    0x00011976      0x2aa C:/devkitPro/libctru/lib\libctru.a(utf8_to_utf16.o)
 .debug_line    0x00011c20      0x280 C:/devkitPro/libctru/lib\libctru.a(decode_utf8.o)
 .debug_line    0x00011ea0      0x2d7 C:/devkitPro/libctru/lib\libctru.a(utf16_to_utf8.o)
 .debug_line    0x00012177      0x7ac C:/devkitPro/libctru/lib\libctru.a(syscalls.o)
 .debug_line    0x00012923      0x359 C:/devkitPro/libctru/lib\libctru.a(allocateHeaps.o)
 .debug_line    0x00012c7c       0x49 C:/devkitPro/libctru/lib\libctru.a(readtp.o)
 .debug_line    0x00012cc5      0x4b0 C:/devkitPro/libctru/lib\libctru.a(os.o)
 .debug_line    0x00013175      0x11c C:/devkitPro/libctru/lib\libctru.a(path_buf.o)
 .debug_line    0x00013291      0x6b1 C:/devkitPro/libctru/lib\libctru.a(thread.o)
 .debug_line    0x00013942      0x2ff C:/devkitPro/libctru/lib\libctru.a(mappable.o)
 .debug_line    0x00013c41      0x8e9 C:/devkitPro/libctru/lib\libctru.a(irrst.o)
 .debug_line    0x0001452a     0x351d C:/devkitPro/libctru/lib\libctru.a(gspgpu.o)
 .debug_line    0x00017a47      0xa03 C:/devkitPro/libctru/lib\libctru.a(ptmsysm.o)
 .debug_line    0x0001844a      0x18f C:/devkitPro/libctru/lib\libctru.a(encode_utf16.o)
 .debug_line    0x000185d9      0x221 C:/devkitPro/libctru/lib\libctru.a(encode_utf8.o)
 .debug_line    0x000187fa      0x1a1 C:/devkitPro/libctru/lib\libctru.a(decode_utf16.o)

.debug_frame    0x00000000     0x35f8
 *(.debug_frame)
 .debug_frame   0x00000000       0x34 C:/devkitPro/libctru/lib\libctru.a(initArgv.o)
 .debug_frame   0x00000034       0x30 C:/devkitPro/libctru/lib\libctru.a(stack_adjust.o)
 .debug_frame   0x00000064       0x34 C:/devkitPro/libctru/lib\libctru.a(3dslink.o)
 .debug_frame   0x00000098       0x28 C:/devkitPro/libctru/lib\libctru.a(appInit.o)
 .debug_frame   0x000000c0       0x2c C:/devkitPro/libctru/lib\libctru.a(appExit.o)
 .debug_frame   0x000000ec       0x2c C:/devkitPro/libctru/lib\libctru.a(ctru_init.o)
 .debug_frame   0x00000118       0x28 C:/devkitPro/libctru/lib\libctru.a(ctru_exit.o)
 .debug_frame   0x00000140      0x640 C:/devkitPro/libctru/lib\libctru.a(svc.o)
 .debug_frame   0x00000780       0x4c C:/devkitPro/libctru/lib\libctru.a(env.o)
 .debug_frame   0x000007cc      0x2b4 C:/devkitPro/libctru/lib\libctru.a(synchronization.o)
 .debug_frame   0x00000a80      0x254 C:/devkitPro/libctru/lib\libctru.a(srv.o)
 .debug_frame   0x00000cd4      0x52c C:/devkitPro/libctru/lib\libctru.a(archive_dev.o)
 .debug_frame   0x00001200      0x258 C:/devkitPro/libctru/lib\libctru.a(hid.o)
 .debug_frame   0x00001458      0x934 C:/devkitPro/libctru/lib\libctru.a(apt.o)
 .debug_frame   0x00001d8c       0xb0 C:/devkitPro/libctru/lib\libctru.a(srvpm.o)
 .debug_frame   0x00001e3c      0xce8 C:/devkitPro/libctru/lib\libctru.a(fs.o)
 .debug_frame   0x00002b24       0x3c C:/devkitPro/libctru/lib\libctru.a(utf8_to_utf16.o)
 .debug_frame   0x00002b60       0x30 C:/devkitPro/libctru/lib\libctru.a(decode_utf8.o)
 .debug_frame   0x00002b90       0x3c C:/devkitPro/libctru/lib\libctru.a(utf16_to_utf8.o)
 .debug_frame   0x00002bcc      0x148 C:/devkitPro/libctru/lib\libctru.a(syscalls.o)
 .debug_frame   0x00002d14       0x38 C:/devkitPro/libctru/lib\libctru.a(allocateHeaps.o)
 .debug_frame   0x00002d4c       0x20 C:/devkitPro/libctru/lib\libctru.a(readtp.o)
 .debug_frame   0x00002d6c       0xd0 C:/devkitPro/libctru/lib\libctru.a(os.o)
 .debug_frame   0x00002e3c       0xf0 C:/devkitPro/libctru/lib\libctru.a(thread.o)
 .debug_frame   0x00002f2c       0x70 C:/devkitPro/libctru/lib\libctru.a(mappable.o)
 .debug_frame   0x00002f9c      0x104 C:/devkitPro/libctru/lib\libctru.a(irrst.o)
 .debug_frame   0x000030a0      0x34c C:/devkitPro/libctru/lib\libctru.a(gspgpu.o)
 .debug_frame   0x000033ec      0x1a4 C:/devkitPro/libctru/lib\libctru.a(ptmsysm.o)
 .debug_frame   0x00003590       0x20 C:/devkitPro/libctru/lib\libctru.a(encode_utf16.o)
 .debug_frame   0x000035b0       0x20 C:/devkitPro/libctru/lib\libctru.a(encode_utf8.o)
 .debug_frame   0x000035d0       0x28 C:/devkitPro/libctru/lib\libctru.a(decode_utf16.o)

.debug_str      0x00000000     0x6a8d
 *(.debug_str)
 .debug_str     0x00000000      0x28f C:/devkitPro/libctru/lib\libctru.a(initArgv.o)
                                0x2f6 (size before relaxing)
 .debug_str     0x0000028f       0x7a C:/devkitPro/libctru/lib\libctru.a(stack_adjust.o)
                                 0xd3 (size before relaxing)
 .debug_str     0x00000309      0x44e C:/devkitPro/libctru/lib\libctru.a(3dslink.o)
                                0x687 (size before relaxing)
 .debug_str     0x00000757       0xb6 C:/devkitPro/libctru/lib\libctru.a(appInit.o)
                                0x268 (size before relaxing)
 .debug_str     0x0000080d       0xb0 C:/devkitPro/libctru/lib\libctru.a(appExit.o)
                                0x269 (size before relaxing)
 .debug_str     0x000008bd       0xe0 C:/devkitPro/libctru/lib\libctru.a(ctru_init.o)
                                0x2b3 (size before relaxing)
 .debug_str     0x0000099d      0x232 C:/devkitPro/libctru/lib\libctru.a(ctru_exit.o)
                                0x40a (size before relaxing)
 .debug_str     0x00000bcf       0x5e C:/devkitPro/libctru/lib\libctru.a(svc.o)
                                 0xc3 (size before relaxing)
 .debug_str     0x00000c2d       0xb1 C:/devkitPro/libctru/lib\libctru.a(env.o)
                                0x2a4 (size before relaxing)
 .debug_str     0x00000cde      0x703 C:/devkitPro/libctru/lib\libctru.a(synchronization.o)
                                0x983 (size before relaxing)
 .debug_str     0x000013e1      0x4fa C:/devkitPro/libctru/lib\libctru.a(srv.o)
                                0xad7 (size before relaxing)
 .debug_str     0x000018db      0xdcf C:/devkitPro/libctru/lib\libctru.a(archive_dev.o)
                               0x1667 (size before relaxing)
 .debug_str     0x000026aa      0x5d3 C:/devkitPro/libctru/lib\libctru.a(hid.o)
                                0x93c (size before relaxing)
 .debug_str     0x00002c7d     0x14cf C:/devkitPro/libctru/lib\libctru.a(apt.o)
                               0x1b8e (size before relaxing)
 .debug_str     0x0000414c      0x121 C:/devkitPro/libctru/lib\libctru.a(srvpm.o)
                                0x580 (size before relaxing)
 .debug_str     0x0000426d     0x107b C:/devkitPro/libctru/lib\libctru.a(fs.o)
                               0x1d13 (size before relaxing)
 .debug_str     0x000052e8       0x86 C:/devkitPro/libctru/lib\libctru.a(utf8_to_utf16.o)
                                0x297 (size before relaxing)
 .debug_str     0x0000536e       0x87 C:/devkitPro/libctru/lib\libctru.a(decode_utf8.o)
                                0x257 (size before relaxing)
 .debug_str     0x000053f5       0x8a C:/devkitPro/libctru/lib\libctru.a(utf16_to_utf8.o)
                                0x297 (size before relaxing)
 .debug_str     0x0000547f      0x335 C:/devkitPro/libctru/lib\libctru.a(syscalls.o)
                                0xaa0 (size before relaxing)
 .debug_str     0x000057b4      0x1e6 C:/devkitPro/libctru/lib\libctru.a(allocateHeaps.o)
                                0x5f4 (size before relaxing)
 .debug_str     0x0000599a       0x68 C:/devkitPro/libctru/lib\libctru.a(readtp.o)
                                 0xcd (size before relaxing)
 .debug_str     0x00005a02      0x31b C:/devkitPro/libctru/lib\libctru.a(os.o)
                                0x598 (size before relaxing)
 .debug_str     0x00005d1d       0x63 C:/devkitPro/libctru/lib\libctru.a(path_buf.o)
                                0x22d (size before relaxing)
 .debug_str     0x00005d80      0x159 C:/devkitPro/libctru/lib\libctru.a(thread.o)
                                0x8b8 (size before relaxing)
 .debug_str     0x00005ed9      0x1ab C:/devkitPro/libctru/lib\libctru.a(mappable.o)
                                0x3c2 (size before relaxing)
 .debug_str     0x00006084      0x12f C:/devkitPro/libctru/lib\libctru.a(irrst.o)
                                0x595 (size before relaxing)
 .debug_str     0x000061b3      0x555 C:/devkitPro/libctru/lib\libctru.a(gspgpu.o)
                                0xc6b (size before relaxing)
 .debug_str     0x00006708      0x236 C:/devkitPro/libctru/lib\libctru.a(ptmsysm.o)
                                0x58e (size before relaxing)
 .debug_str     0x0000693e       0x70 C:/devkitPro/libctru/lib\libctru.a(encode_utf16.o)
                                0x243 (size before relaxing)
 .debug_str     0x000069ae       0x6f C:/devkitPro/libctru/lib\libctru.a(encode_utf8.o)
                                0x23f (size before relaxing)
 .debug_str     0x00006a1d       0x70 C:/devkitPro/libctru/lib\libctru.a(decode_utf16.o)
                                0x24f (size before relaxing)

.debug_loc
 *(.debug_loc)

.debug_macinfo
 *(.debug_macinfo)
LOAD C:/devkitPro/devkitARM/bin/../lib/gcc/arm-none-eabi/13.1.0/../../../../arm-none-eabi/lib/armv6k/fpu/3dsx_crt0.o
LOAD C:/devkitPro/devkitARM/bin/../lib/gcc/arm-none-eabi/13.1.0/armv6k/fpu/crti.o
LOAD C:/devkitPro/devkitARM/bin/../lib/gcc/arm-none-eabi/13.1.0/armv6k/fpu/crtbegin.o
LOAD C:/devkitPro/libctru/lib\libctru.a
LOAD C:/devkitPro/devkitARM/bin/../lib/gcc/arm-none-eabi/13.1.0/../../../../arm-none-eabi/lib/armv6k/fpu\libm.a
START GROUP
LOAD C:/devkitPro/devkitARM/bin/../lib/gcc/arm-none-eabi/13.1.0/armv6k/fpu\libgcc.a
LOAD C:/devkitPro/devkitARM/bin/../lib/gcc/arm-none-eabi/13.1.0/../../../../arm-none-eabi/lib/armv6k/fpu\libg.a
LOAD C:/devkitPro/devkitARM/bin/../lib/gcc/arm-none-eabi/13.1.0/../../../../arm-none-eabi/lib/armv6k/fpu\libc.a
LOAD C:/devkitPro/devkitARM/bin/../lib/gcc/arm-none-eabi/13.1.0/../../../../arm-none-eabi/lib/armv6k/fpu\libsysbase.a
END GROUP
LOAD C:/devkitPro/devkitARM/bin/../lib/gcc/arm-none-eabi/13.1.0/armv6k/fpu/crtend.o
LOAD C:/devkitPro/devkitARM/bin/../lib/gcc/arm-none-eabi/13.1.0/armv6k/fpu/crtn.o
OUTPUT(C:/Users/altac/Documents/3dhaxe/3dhaxe.elf elf32-littlearm)
LOAD linker stubs

.ARM.attributes
                0x00000000       0x30
 .ARM.attributes
                0x00000000       0x1e C:/devkitPro/devkitARM/bin/../lib/gcc/arm-none-eabi/13.1.0/../../../../arm-none-eabi/lib/armv6k/fpu/3dsx_crt0.o
 .ARM.attributes
                0x0000001e       0x1c C:/devkitPro/devkitARM/bin/../lib/gcc/arm-none-eabi/13.1.0/armv6k/fpu/crti.o
 .ARM.attributes
                0x0000003a       0x30 C:/devkitPro/devkitARM/bin/../lib/gcc/arm-none-eabi/13.1.0/armv6k/fpu/crtbegin.o
 .ARM.attributes
                0x0000006a       0x30 C:/devkitPro/libctru/lib\libctru.a(initArgv.o)
 .ARM.attributes
                0x0000009a       0x1a C:/devkitPro/libctru/lib\libctru.a(stack_adjust.o)
 .ARM.attributes
                0x000000b4       0x30 C:/devkitPro/libctru/lib\libctru.a(3dslink.o)
 .ARM.attributes
                0x000000e4       0x30 C:/devkitPro/libctru/lib\libctru.a(appInit.o)
 .ARM.attributes
                0x00000114       0x30 C:/devkitPro/libctru/lib\libctru.a(appExit.o)
 .ARM.attributes
                0x00000144       0x30 C:/devkitPro/libctru/lib\libctru.a(ctru_init.o)
 .ARM.attributes
                0x00000174       0x30 C:/devkitPro/libctru/lib\libctru.a(ctru_exit.o)
 .ARM.attributes
                0x000001a4       0x1a C:/devkitPro/libctru/lib\libctru.a(svc.o)
 .ARM.attributes
                0x000001be       0x30 C:/devkitPro/libctru/lib\libctru.a(env.o)
 .ARM.attributes
                0x000001ee       0x30 C:/devkitPro/libctru/lib\libctru.a(synchronization.o)
 .ARM.attributes
                0x0000021e       0x30 C:/devkitPro/libctru/lib\libctru.a(srv.o)
 .ARM.attributes
                0x0000024e       0x30 C:/devkitPro/libctru/lib\libctru.a(archive_dev.o)
 .ARM.attributes
                0x0000027e       0x30 C:/devkitPro/libctru/lib\libctru.a(hid.o)
 .ARM.attributes
                0x000002ae       0x30 C:/devkitPro/libctru/lib\libctru.a(apt.o)
 .ARM.attributes
                0x000002de       0x30 C:/devkitPro/libctru/lib\libctru.a(srvpm.o)
 .ARM.attributes
                0x0000030e       0x30 C:/devkitPro/libctru/lib\libctru.a(fs.o)
 .ARM.attributes
                0x0000033e       0x30 C:/devkitPro/libctru/lib\libctru.a(utf8_to_utf16.o)
 .ARM.attributes
                0x0000036e       0x30 C:/devkitPro/libctru/lib\libctru.a(decode_utf8.o)
 .ARM.attributes
                0x0000039e       0x30 C:/devkitPro/libctru/lib\libctru.a(utf16_to_utf8.o)
 .ARM.attributes
                0x000003ce       0x30 C:/devkitPro/libctru/lib\libctru.a(syscalls.o)
 .ARM.attributes
                0x000003fe       0x30 C:/devkitPro/libctru/lib\libctru.a(allocateHeaps.o)
 .ARM.attributes
                0x0000042e       0x1a C:/devkitPro/libctru/lib\libctru.a(readtp.o)
 .ARM.attributes
                0x00000448       0x30 C:/devkitPro/libctru/lib\libctru.a(os.o)
 .ARM.attributes
                0x00000478       0x30 C:/devkitPro/libctru/lib\libctru.a(path_buf.o)
 .ARM.attributes
                0x000004a8       0x30 C:/devkitPro/libctru/lib\libctru.a(thread.o)
 .ARM.attributes
                0x000004d8       0x30 C:/devkitPro/libctru/lib\libctru.a(mappable.o)
 .ARM.attributes
                0x00000508       0x30 C:/devkitPro/libctru/lib\libctru.a(irrst.o)
 .ARM.attributes
                0x00000538       0x30 C:/devkitPro/libctru/lib\libctru.a(gspgpu.o)
 .ARM.attributes
                0x00000568       0x30 C:/devkitPro/libctru/lib\libctru.a(ptmsysm.o)
 .ARM.attributes
                0x00000598       0x30 C:/devkitPro/libctru/lib\libctru.a(encode_utf16.o)
 .ARM.attributes
                0x000005c8       0x30 C:/devkitPro/libctru/lib\libctru.a(encode_utf8.o)
 .ARM.attributes
                0x000005f8       0x30 C:/devkitPro/libctru/lib\libctru.a(decode_utf16.o)
 .ARM.attributes
                0x00000628       0x1c C:/devkitPro/devkitARM/bin/../lib/gcc/arm-none-eabi/13.1.0/armv6k/fpu\libgcc.a(_dvmd_tls.o)
 .ARM.attributes
                0x00000644       0x30 C:/devkitPro/devkitARM/bin/../lib/gcc/arm-none-eabi/13.1.0/../../../../arm-none-eabi/lib/armv6k/fpu\libg.a(libc_a-malign.o)
 .ARM.attributes
                0x00000674       0x30 C:/devkitPro/devkitARM/bin/../lib/gcc/arm-none-eabi/13.1.0/../../../../arm-none-eabi/lib/armv6k/fpu\libg.a(libc_a-malignr.o)
 .ARM.attributes
                0x000006a4       0x30 C:/devkitPro/devkitARM/bin/../lib/gcc/arm-none-eabi/13.1.0/../../../../arm-none-eabi/lib/armv6k/fpu\libg.a(libc_a-bsearch.o)
 .ARM.attributes
                0x000006d4       0x30 C:/devkitPro/devkitARM/bin/../lib/gcc/arm-none-eabi/13.1.0/../../../../arm-none-eabi/lib/armv6k/fpu\libg.a(libc_a-exit.o)
 .ARM.attributes
                0x00000704       0x30 C:/devkitPro/devkitARM/bin/../lib/gcc/arm-none-eabi/13.1.0/../../../../arm-none-eabi/lib/armv6k/fpu\libg.a(libc_a-freer.o)
 .ARM.attributes
                0x00000734       0x30 C:/devkitPro/devkitARM/bin/../lib/gcc/arm-none-eabi/13.1.0/../../../../arm-none-eabi/lib/armv6k/fpu\libg.a(libc_a-malloc.o)
 .ARM.attributes
                0x00000764       0x30 C:/devkitPro/devkitARM/bin/../lib/gcc/arm-none-eabi/13.1.0/../../../../arm-none-eabi/lib/armv6k/fpu\libg.a(libc_a-mallocr.o)
 .ARM.attributes
                0x00000794       0x30 C:/devkitPro/devkitARM/bin/../lib/gcc/arm-none-eabi/13.1.0/../../../../arm-none-eabi/lib/armv6k/fpu\libg.a(libc_a-memset.o)
 .ARM.attributes
                0x000007c4       0x30 C:/devkitPro/devkitARM/bin/../lib/gcc/arm-none-eabi/13.1.0/../../../../arm-none-eabi/lib/armv6k/fpu\libg.a(libc_a-mlock.o)
 .ARM.attributes
                0x000007f4       0x30 C:/devkitPro/devkitARM/bin/../lib/gcc/arm-none-eabi/13.1.0/../../../../arm-none-eabi/lib/armv6k/fpu\libg.a(libc_a-strlen.o)
 .ARM.attributes
                0x00000824       0x30 C:/devkitPro/devkitARM/bin/../lib/gcc/arm-none-eabi/13.1.0/../../../../arm-none-eabi/lib/armv6k/fpu\libg.a(libc_a-strncat.o)
 .ARM.attributes
                0x00000854       0x30 C:/devkitPro/devkitARM/bin/../lib/gcc/arm-none-eabi/13.1.0/../../../../arm-none-eabi/lib/armv6k/fpu\libg.a(libc_a-strncmp.o)
 .ARM.attributes
                0x00000884       0x30 C:/devkitPro/devkitARM/bin/../lib/gcc/arm-none-eabi/13.1.0/../../../../arm-none-eabi/lib/armv6k/fpu\libg.a(libc_a-strncpy.o)
 .ARM.attributes
                0x000008b4       0x30 C:/devkitPro/devkitARM/bin/../lib/gcc/arm-none-eabi/13.1.0/../../../../arm-none-eabi/lib/armv6k/fpu\libg.a(libc_a-findfp.o)
 .ARM.attributes
                0x000008e4       0x30 C:/devkitPro/devkitARM/bin/../lib/gcc/arm-none-eabi/13.1.0/../../../../arm-none-eabi/lib/armv6k/fpu\libg.a(libc_a-strnlen.o)
 .ARM.attributes
                0x00000914       0x30 C:/devkitPro/devkitARM/bin/../lib/gcc/arm-none-eabi/13.1.0/../../../../arm-none-eabi/lib/armv6k/fpu\libg.a(libc_a-strtoul.o)
 .ARM.attributes
                0x00000944       0x1a C:/devkitPro/devkitARM/bin/../lib/gcc/arm-none-eabi/13.1.0/../../../../arm-none-eabi/lib/armv6k/fpu\libg.a(libc_a-strcmp.o)
 .ARM.attributes
                0x0000095e       0x30 C:/devkitPro/devkitARM/bin/../lib/gcc/arm-none-eabi/13.1.0/../../../../arm-none-eabi/lib/armv6k/fpu\libg.a(libc_a-memcpy-stub.o)
 .ARM.attributes
                0x0000098e       0x30 C:/devkitPro/devkitARM/bin/../lib/gcc/arm-none-eabi/13.1.0/../../../../arm-none-eabi/lib/armv6k/fpu\libg.a(libc_a-impure.o)
 .ARM.attributes
                0x000009be       0x30 C:/devkitPro/devkitARM/bin/../lib/gcc/arm-none-eabi/13.1.0/../../../../arm-none-eabi/lib/armv6k/fpu\libg.a(libc_a-init.o)
 .ARM.attributes
                0x000009ee       0x30 C:/devkitPro/devkitARM/bin/../lib/gcc/arm-none-eabi/13.1.0/../../../../arm-none-eabi/lib/armv6k/fpu\libg.a(libc_a-fini.o)
 .ARM.attributes
                0x00000a1e       0x30 C:/devkitPro/devkitARM/bin/../lib/gcc/arm-none-eabi/13.1.0/../../../../arm-none-eabi/lib/armv6k/fpu\libg.a(libc_a-ctype_.o)
 .ARM.attributes
                0x00000a4e       0x30 C:/devkitPro/devkitARM/bin/../lib/gcc/arm-none-eabi/13.1.0/../../../../arm-none-eabi/lib/armv6k/fpu\libsysbase.a(libsysbase_libsysbase_a-_exit.o)
 .ARM.attributes
                0x00000a7e       0x30 C:/devkitPro/devkitARM/bin/../lib/gcc/arm-none-eabi/13.1.0/../../../../arm-none-eabi/lib/armv6k/fpu\libsysbase.a(libsysbase_libsysbase_a-chdir.o)
 .ARM.attributes
                0x00000aae       0x30 C:/devkitPro/devkitARM/bin/../lib/gcc/arm-none-eabi/13.1.0/../../../../arm-none-eabi/lib/armv6k/fpu\libsysbase.a(libsysbase_libsysbase_a-concatenate.o)
 .ARM.attributes
                0x00000ade       0x30 C:/devkitPro/devkitARM/bin/../lib/gcc/arm-none-eabi/13.1.0/../../../../arm-none-eabi/lib/armv6k/fpu\libsysbase.a(libsysbase_libsysbase_a-getreent.o)
 .ARM.attributes
                0x00000b0e       0x30 C:/devkitPro/devkitARM/bin/../lib/gcc/arm-none-eabi/13.1.0/../../../../arm-none-eabi/lib/armv6k/fpu\libsysbase.a(libsysbase_libsysbase_a-iosupport.o)
 .ARM.attributes
                0x00000b3e       0x30 C:/devkitPro/devkitARM/bin/../lib/gcc/arm-none-eabi/13.1.0/../../../../arm-none-eabi/lib/armv6k/fpu\libsysbase.a(libsysbase_libsysbase_a-malloc_vars.o)
 .ARM.attributes
                0x00000b6e       0x30 C:/devkitPro/devkitARM/bin/../lib/gcc/arm-none-eabi/13.1.0/../../../../arm-none-eabi/lib/armv6k/fpu\libsysbase.a(libsysbase_libsysbase_a-sbrk.o)
 .ARM.attributes
                0x00000b9e       0x30 C:/devkitPro/devkitARM/bin/../lib/gcc/arm-none-eabi/13.1.0/../../../../arm-none-eabi/lib/armv6k/fpu\libsysbase.a(libsysbase_libsysbase_a-syscall_support.o)
 .ARM.attributes
                0x00000bce       0x1c C:/devkitPro/devkitARM/bin/../lib/gcc/arm-none-eabi/13.1.0/armv6k/fpu\libgcc.a(_udivsi3.o)
 .ARM.attributes
                0x00000bea       0x30 C:/devkitPro/devkitARM/bin/../lib/gcc/arm-none-eabi/13.1.0/../../../../arm-none-eabi/lib/armv6k/fpu\libg.a(libc_a-strchr.o)
 .ARM.attributes
                0x00000c1a       0x30 C:/devkitPro/devkitARM/bin/../lib/gcc/arm-none-eabi/13.1.0/../../../../arm-none-eabi/lib/armv6k/fpu\libg.a(libc_a-strrchr.o)
 .ARM.attributes
                0x00000c4a       0x1c C:/devkitPro/devkitARM/bin/../lib/gcc/arm-none-eabi/13.1.0/armv6k/fpu/crtn.o

.debug_loclists
                0x00000000     0xede0
 .debug_loclists
                0x00000000       0xb5 C:/devkitPro/libctru/lib\libctru.a(initArgv.o)
 .debug_loclists
                0x000000b5       0x82 C:/devkitPro/libctru/lib\libctru.a(3dslink.o)
 .debug_loclists
                0x00000137       0x29 C:/devkitPro/libctru/lib\libctru.a(ctru_init.o)
 .debug_loclists
                0x00000160       0x2a C:/devkitPro/libctru/lib\libctru.a(ctru_exit.o)
 .debug_loclists
                0x0000018a       0xdf C:/devkitPro/libctru/lib\libctru.a(env.o)
 .debug_loclists
                0x00000269     0x169f C:/devkitPro/libctru/lib\libctru.a(synchronization.o)
 .debug_loclists
                0x00001908      0x6a3 C:/devkitPro/libctru/lib\libctru.a(srv.o)
 .debug_loclists
                0x00001fab     0x185b C:/devkitPro/libctru/lib\libctru.a(archive_dev.o)
 .debug_loclists
                0x00003806      0x7d8 C:/devkitPro/libctru/lib\libctru.a(hid.o)
 .debug_loclists
                0x00003fde     0x2294 C:/devkitPro/libctru/lib\libctru.a(apt.o)
 .debug_loclists
                0x00006272      0x24b C:/devkitPro/libctru/lib\libctru.a(srvpm.o)
 .debug_loclists
                0x000064bd     0x441f C:/devkitPro/libctru/lib\libctru.a(fs.o)
 .debug_loclists
                0x0000a8dc       0x9f C:/devkitPro/libctru/lib\libctru.a(utf8_to_utf16.o)
 .debug_loclists
                0x0000a97b      0x1e3 C:/devkitPro/libctru/lib\libctru.a(decode_utf8.o)
 .debug_loclists
                0x0000ab5e       0xb7 C:/devkitPro/libctru/lib\libctru.a(utf16_to_utf8.o)
 .debug_loclists
                0x0000ac15      0x2f4 C:/devkitPro/libctru/lib\libctru.a(syscalls.o)
 .debug_loclists
                0x0000af09       0x5c C:/devkitPro/libctru/lib\libctru.a(allocateHeaps.o)
 .debug_loclists
                0x0000af65      0x21a C:/devkitPro/libctru/lib\libctru.a(os.o)
 .debug_loclists
                0x0000b17f      0x4a0 C:/devkitPro/libctru/lib\libctru.a(thread.o)
 .debug_loclists
                0x0000b61f      0x106 C:/devkitPro/libctru/lib\libctru.a(mappable.o)
 .debug_loclists
                0x0000b725      0x3aa C:/devkitPro/libctru/lib\libctru.a(irrst.o)
 .debug_loclists
                0x0000bacf     0x2d7c C:/devkitPro/libctru/lib\libctru.a(gspgpu.o)
 .debug_loclists
                0x0000e84b      0x338 C:/devkitPro/libctru/lib\libctru.a(ptmsysm.o)
 .debug_loclists
                0x0000eb83       0x88 C:/devkitPro/libctru/lib\libctru.a(encode_utf16.o)
 .debug_loclists
                0x0000ec0b      0x11d C:/devkitPro/libctru/lib\libctru.a(encode_utf8.o)
 .debug_loclists
                0x0000ed28       0xb8 C:/devkitPro/libctru/lib\libctru.a(decode_utf16.o)

.debug_rnglists
                0x00000000     0x2fc3
 .debug_rnglists
                0x00000000       0x20 C:/devkitPro/libctru/lib\libctru.a(initArgv.o)
 .debug_rnglists
                0x00000020       0x19 C:/devkitPro/libctru/lib\libctru.a(stack_adjust.o)
 .debug_rnglists
                0x00000039       0x14 C:/devkitPro/libctru/lib\libctru.a(3dslink.o)
 .debug_rnglists
                0x0000004d       0x13 C:/devkitPro/libctru/lib\libctru.a(appInit.o)
 .debug_rnglists
                0x00000060       0x13 C:/devkitPro/libctru/lib\libctru.a(appExit.o)
 .debug_rnglists
                0x00000073       0x13 C:/devkitPro/libctru/lib\libctru.a(ctru_init.o)
 .debug_rnglists
                0x00000086       0x14 C:/devkitPro/libctru/lib\libctru.a(ctru_exit.o)
 .debug_rnglists
                0x0000009a      0x25f C:/devkitPro/libctru/lib\libctru.a(svc.o)
 .debug_rnglists
                0x000002f9       0x1a C:/devkitPro/libctru/lib\libctru.a(env.o)
 .debug_rnglists
                0x00000313      0x3c5 C:/devkitPro/libctru/lib\libctru.a(synchronization.o)
 .debug_rnglists
                0x000006d8      0x17c C:/devkitPro/libctru/lib\libctru.a(srv.o)
 .debug_rnglists
                0x00000854      0x1d0 C:/devkitPro/libctru/lib\libctru.a(archive_dev.o)
 .debug_rnglists
                0x00000a24       0xfc C:/devkitPro/libctru/lib\libctru.a(hid.o)
 .debug_rnglists
                0x00000b20      0x794 C:/devkitPro/libctru/lib\libctru.a(apt.o)
 .debug_rnglists
                0x000012b4       0xe9 C:/devkitPro/libctru/lib\libctru.a(srvpm.o)
 .debug_rnglists
                0x0000139d     0x1296 C:/devkitPro/libctru/lib\libctru.a(fs.o)
 .debug_rnglists
                0x00002633       0x14 C:/devkitPro/libctru/lib\libctru.a(utf8_to_utf16.o)
 .debug_rnglists
                0x00002647       0x14 C:/devkitPro/libctru/lib\libctru.a(decode_utf8.o)
 .debug_rnglists
                0x0000265b       0x14 C:/devkitPro/libctru/lib\libctru.a(utf16_to_utf8.o)
 .debug_rnglists
                0x0000266f       0xab C:/devkitPro/libctru/lib\libctru.a(syscalls.o)
 .debug_rnglists
                0x0000271a       0x14 C:/devkitPro/libctru/lib\libctru.a(allocateHeaps.o)
 .debug_rnglists
                0x0000272e       0x7a C:/devkitPro/libctru/lib\libctru.a(os.o)
 .debug_rnglists
                0x000027a8       0xc2 C:/devkitPro/libctru/lib\libctru.a(thread.o)
 .debug_rnglists
                0x0000286a       0x39 C:/devkitPro/libctru/lib\libctru.a(mappable.o)
 .debug_rnglists
                0x000028a3       0x88 C:/devkitPro/libctru/lib\libctru.a(irrst.o)
 .debug_rnglists
                0x0000292b      0x543 C:/devkitPro/libctru/lib\libctru.a(gspgpu.o)
 .debug_rnglists
                0x00002e6e      0x11b C:/devkitPro/libctru/lib\libctru.a(ptmsysm.o)
 .debug_rnglists
                0x00002f89       0x13 C:/devkitPro/libctru/lib\libctru.a(encode_utf16.o)
 .debug_rnglists
                0x00002f9c       0x14 C:/devkitPro/libctru/lib\libctru.a(encode_utf8.o)
 .debug_rnglists
                0x00002fb0       0x13 C:/devkitPro/libctru/lib\libctru.a(decode_utf16.o)

.debug_line_str
                0x00000000      0x12e
 .debug_line_str
                0x00000000       0xc7 C:/devkitPro/libctru/lib\libctru.a(stack_adjust.o)
 .debug_line_str
                0x000000c7       0x5e C:/devkitPro/libctru/lib\libctru.a(svc.o)
                                 0xb7 (size before relaxing)
 .debug_line_str